<!doctype html public "-//w3c//dtd html 4.0 transitional//en">
<html><head>
<title>Static Call Graph - [TFD_A\TFD_A.axf]</title></head>
<body><HR>
<H1>Static Call Graph for image TFD_A\TFD_A.axf</H1><HR>
<BR><P>#&#060CALLGRAPH&#062# ARM Linker, 6230001: Last Updated: Mon Nov 10 17:20:44 2025
<BR><P>
<H3>Maximum Stack Usage =        412 bytes + Unknown(Cycles, Untraceable Function Pointers)</H3><H3>
Call chain for Maximum Stack Depth:</H3>
main &rArr; normalWork &rArr; MX_USART1_UART_Init &rArr; HAL_UART_Init &rArr; HAL_UART_MspInit &rArr; HAL_DMAEx_List_InsertNode &rArr; DMA_List_FindNode
<P>
<H3>
Mutually Recursive functions
</H3> <LI><a href="#[2c]">ADC1_IRQHandler</a>&nbsp;&nbsp;&nbsp;&rArr;&nbsp;&nbsp;&nbsp;<a href="#[2c]">ADC1_IRQHandler</a><BR>
 <LI><a href="#[5]">BusFault_Handler</a>&nbsp;&nbsp;&nbsp;&rArr;&nbsp;&nbsp;&nbsp;<a href="#[5]">BusFault_Handler</a><BR>
 <LI><a href="#[3]">HardFault_Handler</a>&nbsp;&nbsp;&nbsp;&rArr;&nbsp;&nbsp;&nbsp;<a href="#[3]">HardFault_Handler</a><BR>
 <LI><a href="#[4]">MemManage_Handler</a>&nbsp;&nbsp;&nbsp;&rArr;&nbsp;&nbsp;&nbsp;<a href="#[4]">MemManage_Handler</a><BR>
 <LI><a href="#[2]">NMI_Handler</a>&nbsp;&nbsp;&nbsp;&rArr;&nbsp;&nbsp;&nbsp;<a href="#[2]">NMI_Handler</a><BR>
 <LI><a href="#[6]">UsageFault_Handler</a>&nbsp;&nbsp;&nbsp;&rArr;&nbsp;&nbsp;&nbsp;<a href="#[6]">UsageFault_Handler</a><BR>
 <LI><a href="#[ef]">ND06AV1C_I2CErrCallback</a>&nbsp;&nbsp;&nbsp;&rArr;&nbsp;&nbsp;&nbsp;<a href="#[ec]">ND06AV1C_ReadWord</a><BR>
</UL>
<P>
<H3>
Function Pointers
</H3><UL>
 <LI><a href="#[2c]">ADC1_IRQHandler</a> from startup_stm32h503xx.o(.text) referenced from startup_stm32h503xx.o(RESET)
 <LI><a href="#[5]">BusFault_Handler</a> from stm32h5xx_it.o(.text.BusFault_Handler) referenced from startup_stm32h503xx.o(RESET)
 <LI><a href="#[58]">COMP1_IRQHandler</a> from startup_stm32h503xx.o(.text) referenced from startup_stm32h503xx.o(RESET)
 <LI><a href="#[46]">CRS_IRQHandler</a> from startup_stm32h503xx.o(.text) referenced from startup_stm32h503xx.o(RESET)
 <LI><a href="#[2d]">DAC1_IRQHandler</a> from startup_stm32h503xx.o(.text) referenced from startup_stm32h503xx.o(RESET)
 <LI><a href="#[51]">DTS_IRQHandler</a> from startup_stm32h503xx.o(.text) referenced from startup_stm32h503xx.o(RESET)
 <LI><a href="#[8]">DebugMon_Handler</a> from stm32h5xx_it.o(.text.DebugMon_Handler) referenced from startup_stm32h503xx.o(RESET)
 <LI><a href="#[13]">EXTI0_IRQHandler</a> from startup_stm32h503xx.o(.text) referenced from startup_stm32h503xx.o(RESET)
 <LI><a href="#[1d]">EXTI10_IRQHandler</a> from startup_stm32h503xx.o(.text) referenced from startup_stm32h503xx.o(RESET)
 <LI><a href="#[1e]">EXTI11_IRQHandler</a> from startup_stm32h503xx.o(.text) referenced from startup_stm32h503xx.o(RESET)
 <LI><a href="#[1f]">EXTI12_IRQHandler</a> from startup_stm32h503xx.o(.text) referenced from startup_stm32h503xx.o(RESET)
 <LI><a href="#[20]">EXTI13_IRQHandler</a> from startup_stm32h503xx.o(.text) referenced from startup_stm32h503xx.o(RESET)
 <LI><a href="#[21]">EXTI14_IRQHandler</a> from startup_stm32h503xx.o(.text) referenced from startup_stm32h503xx.o(RESET)
 <LI><a href="#[22]">EXTI15_IRQHandler</a> from startup_stm32h503xx.o(.text) referenced from startup_stm32h503xx.o(RESET)
 <LI><a href="#[14]">EXTI1_IRQHandler</a> from startup_stm32h503xx.o(.text) referenced from startup_stm32h503xx.o(RESET)
 <LI><a href="#[15]">EXTI2_IRQHandler</a> from startup_stm32h503xx.o(.text) referenced from startup_stm32h503xx.o(RESET)
 <LI><a href="#[16]">EXTI3_IRQHandler</a> from startup_stm32h503xx.o(.text) referenced from startup_stm32h503xx.o(RESET)
 <LI><a href="#[17]">EXTI4_IRQHandler</a> from startup_stm32h503xx.o(.text) referenced from startup_stm32h503xx.o(RESET)
 <LI><a href="#[18]">EXTI5_IRQHandler</a> from startup_stm32h503xx.o(.text) referenced from startup_stm32h503xx.o(RESET)
 <LI><a href="#[19]">EXTI6_IRQHandler</a> from startup_stm32h503xx.o(.text) referenced from startup_stm32h503xx.o(RESET)
 <LI><a href="#[1a]">EXTI7_IRQHandler</a> from startup_stm32h503xx.o(.text) referenced from startup_stm32h503xx.o(RESET)
 <LI><a href="#[1b]">EXTI8_IRQHandler</a> from startup_stm32h503xx.o(.text) referenced from startup_stm32h503xx.o(RESET)
 <LI><a href="#[1c]">EXTI9_IRQHandler</a> from startup_stm32h503xx.o(.text) referenced from startup_stm32h503xx.o(RESET)
 <LI><a href="#[2e]">FDCAN1_IT0_IRQHandler</a> from startup_stm32h503xx.o(.text) referenced from startup_stm32h503xx.o(RESET)
 <LI><a href="#[2f]">FDCAN1_IT1_IRQHandler</a> from startup_stm32h503xx.o(.text) referenced from startup_stm32h503xx.o(RESET)
 <LI><a href="#[10]">FLASH_IRQHandler</a> from startup_stm32h503xx.o(.text) referenced from startup_stm32h503xx.o(RESET)
 <LI><a href="#[4f]">FPU_IRQHandler</a> from startup_stm32h503xx.o(.text) referenced from startup_stm32h503xx.o(RESET)
 <LI><a href="#[23]">GPDMA1_Channel0_IRQHandler</a> from stm32h5xx_it.o(.text.GPDMA1_Channel0_IRQHandler) referenced from startup_stm32h503xx.o(RESET)
 <LI><a href="#[24]">GPDMA1_Channel1_IRQHandler</a> from startup_stm32h503xx.o(.text) referenced from startup_stm32h503xx.o(RESET)
 <LI><a href="#[25]">GPDMA1_Channel2_IRQHandler</a> from startup_stm32h503xx.o(.text) referenced from startup_stm32h503xx.o(RESET)
 <LI><a href="#[26]">GPDMA1_Channel3_IRQHandler</a> from startup_stm32h503xx.o(.text) referenced from startup_stm32h503xx.o(RESET)
 <LI><a href="#[27]">GPDMA1_Channel4_IRQHandler</a> from startup_stm32h503xx.o(.text) referenced from startup_stm32h503xx.o(RESET)
 <LI><a href="#[28]">GPDMA1_Channel5_IRQHandler</a> from startup_stm32h503xx.o(.text) referenced from startup_stm32h503xx.o(RESET)
 <LI><a href="#[29]">GPDMA1_Channel6_IRQHandler</a> from startup_stm32h503xx.o(.text) referenced from startup_stm32h503xx.o(RESET)
 <LI><a href="#[2a]">GPDMA1_Channel7_IRQHandler</a> from startup_stm32h503xx.o(.text) referenced from startup_stm32h503xx.o(RESET)
 <LI><a href="#[47]">GPDMA2_Channel0_IRQHandler</a> from startup_stm32h503xx.o(.text) referenced from startup_stm32h503xx.o(RESET)
 <LI><a href="#[48]">GPDMA2_Channel1_IRQHandler</a> from startup_stm32h503xx.o(.text) referenced from startup_stm32h503xx.o(RESET)
 <LI><a href="#[49]">GPDMA2_Channel2_IRQHandler</a> from startup_stm32h503xx.o(.text) referenced from startup_stm32h503xx.o(RESET)
 <LI><a href="#[4a]">GPDMA2_Channel3_IRQHandler</a> from startup_stm32h503xx.o(.text) referenced from startup_stm32h503xx.o(RESET)
 <LI><a href="#[4b]">GPDMA2_Channel4_IRQHandler</a> from startup_stm32h503xx.o(.text) referenced from startup_stm32h503xx.o(RESET)
 <LI><a href="#[4c]">GPDMA2_Channel5_IRQHandler</a> from startup_stm32h503xx.o(.text) referenced from startup_stm32h503xx.o(RESET)
 <LI><a href="#[4d]">GPDMA2_Channel6_IRQHandler</a> from startup_stm32h503xx.o(.text) referenced from startup_stm32h503xx.o(RESET)
 <LI><a href="#[4e]">GPDMA2_Channel7_IRQHandler</a> from startup_stm32h503xx.o(.text) referenced from startup_stm32h503xx.o(RESET)
 <LI><a href="#[11]">GTZC_IRQHandler</a> from startup_stm32h503xx.o(.text) referenced from startup_stm32h503xx.o(RESET)
 <LI><a href="#[53]">HASH_IRQHandler</a> from startup_stm32h503xx.o(.text) referenced from startup_stm32h503xx.o(RESET)
 <LI><a href="#[3]">HardFault_Handler</a> from stm32h5xx_it.o(.text.HardFault_Handler) referenced from startup_stm32h503xx.o(RESET)
 <LI><a href="#[39]">I2C1_ER_IRQHandler</a> from startup_stm32h503xx.o(.text) referenced from startup_stm32h503xx.o(RESET)
 <LI><a href="#[38]">I2C1_EV_IRQHandler</a> from startup_stm32h503xx.o(.text) referenced from startup_stm32h503xx.o(RESET)
 <LI><a href="#[3b]">I2C2_ER_IRQHandler</a> from startup_stm32h503xx.o(.text) referenced from startup_stm32h503xx.o(RESET)
 <LI><a href="#[3a]">I2C2_EV_IRQHandler</a> from startup_stm32h503xx.o(.text) referenced from startup_stm32h503xx.o(RESET)
 <LI><a href="#[55]">I3C1_ER_IRQHandler</a> from startup_stm32h503xx.o(.text) referenced from startup_stm32h503xx.o(RESET)
 <LI><a href="#[54]">I3C1_EV_IRQHandler</a> from startup_stm32h503xx.o(.text) referenced from startup_stm32h503xx.o(RESET)
 <LI><a href="#[57]">I3C2_ER_IRQHandler</a> from startup_stm32h503xx.o(.text) referenced from startup_stm32h503xx.o(RESET)
 <LI><a href="#[56]">I3C2_EV_IRQHandler</a> from startup_stm32h503xx.o(.text) referenced from startup_stm32h503xx.o(RESET)
 <LI><a href="#[50]">ICACHE_IRQHandler</a> from startup_stm32h503xx.o(.text) referenced from startup_stm32h503xx.o(RESET)
 <LI><a href="#[2b]">IWDG_IRQHandler</a> from startup_stm32h503xx.o(.text) referenced from startup_stm32h503xx.o(RESET)
 <LI><a href="#[43]">LPTIM1_IRQHandler</a> from startup_stm32h503xx.o(.text) referenced from startup_stm32h503xx.o(RESET)
 <LI><a href="#[44]">LPTIM2_IRQHandler</a> from startup_stm32h503xx.o(.text) referenced from startup_stm32h503xx.o(RESET)
 <LI><a href="#[42]">LPUART1_IRQHandler</a> from startup_stm32h503xx.o(.text) referenced from startup_stm32h503xx.o(RESET)
 <LI><a href="#[4]">MemManage_Handler</a> from stm32h5xx_it.o(.text.MemManage_Handler) referenced from startup_stm32h503xx.o(RESET)
 <LI><a href="#[2]">NMI_Handler</a> from stm32h5xx_it.o(.text.NMI_Handler) referenced from startup_stm32h503xx.o(RESET)
 <LI><a href="#[c]">PVD_AVD_IRQHandler</a> from startup_stm32h503xx.o(.text) referenced from startup_stm32h503xx.o(RESET)
 <LI><a href="#[9]">PendSV_Handler</a> from stm32h5xx_it.o(.text.PendSV_Handler) referenced from startup_stm32h503xx.o(RESET)
 <LI><a href="#[f]">RAMCFG_IRQHandler</a> from startup_stm32h503xx.o(.text) referenced from startup_stm32h503xx.o(RESET)
 <LI><a href="#[12]">RCC_IRQHandler</a> from startup_stm32h503xx.o(.text) referenced from startup_stm32h503xx.o(RESET)
 <LI><a href="#[52]">RNG_IRQHandler</a> from startup_stm32h503xx.o(.text) referenced from startup_stm32h503xx.o(RESET)
 <LI><a href="#[d]">RTC_IRQHandler</a> from startup_stm32h503xx.o(.text) referenced from startup_stm32h503xx.o(RESET)
 <LI><a href="#[1]">Reset_Handler</a> from startup_stm32h503xx.o(.text) referenced from startup_stm32h503xx.o(RESET)
 <LI><a href="#[3c]">SPI1_IRQHandler</a> from startup_stm32h503xx.o(.text) referenced from startup_stm32h503xx.o(RESET)
 <LI><a href="#[3d]">SPI2_IRQHandler</a> from startup_stm32h503xx.o(.text) referenced from startup_stm32h503xx.o(RESET)
 <LI><a href="#[3e]">SPI3_IRQHandler</a> from startup_stm32h503xx.o(.text) referenced from startup_stm32h503xx.o(RESET)
 <LI><a href="#[7]">SVC_Handler</a> from stm32h5xx_it.o(.text.SVC_Handler) referenced from startup_stm32h503xx.o(RESET)
 <LI><a href="#[a]">SysTick_Handler</a> from stm32h5xx_it.o(.text.SysTick_Handler) referenced from startup_stm32h503xx.o(RESET)
 <LI><a href="#[5a]">SystemInit</a> from system_stm32h5xx.o(.text.SystemInit) referenced from startup_stm32h503xx.o(.text)
 <LI><a href="#[e]">TAMP_IRQHandler</a> from startup_stm32h503xx.o(.text) referenced from startup_stm32h503xx.o(RESET)
 <LI><a href="#[30]">TIM1_BRK_IRQHandler</a> from startup_stm32h503xx.o(.text) referenced from startup_stm32h503xx.o(RESET)
 <LI><a href="#[33]">TIM1_CC_IRQHandler</a> from startup_stm32h503xx.o(.text) referenced from startup_stm32h503xx.o(RESET)
 <LI><a href="#[32]">TIM1_TRG_COM_IRQHandler</a> from startup_stm32h503xx.o(.text) referenced from startup_stm32h503xx.o(RESET)
 <LI><a href="#[31]">TIM1_UP_IRQHandler</a> from startup_stm32h503xx.o(.text) referenced from startup_stm32h503xx.o(RESET)
 <LI><a href="#[34]">TIM2_IRQHandler</a> from startup_stm32h503xx.o(.text) referenced from startup_stm32h503xx.o(RESET)
 <LI><a href="#[35]">TIM3_IRQHandler</a> from startup_stm32h503xx.o(.text) referenced from startup_stm32h503xx.o(RESET)
 <LI><a href="#[36]">TIM6_IRQHandler</a> from startup_stm32h503xx.o(.text) referenced from startup_stm32h503xx.o(RESET)
 <LI><a href="#[37]">TIM7_IRQHandler</a> from startup_stm32h503xx.o(.text) referenced from startup_stm32h503xx.o(RESET)
 <LI><a href="#[5c]">UART_DMAAbortOnError</a> from stm32h5xx_hal_uart.o(.text.UART_DMAAbortOnError) referenced 2 times from stm32h5xx_hal_uart.o(.text.HAL_UART_IRQHandler)
 <LI><a href="#[6a]">UART_DMAError</a> from stm32h5xx_hal_uart.o(.text.UART_DMAError) referenced 2 times from stm32h5xx_hal_uart.o(.text.UART_Start_Receive_DMA)
 <LI><a href="#[68]">UART_DMAReceiveCplt</a> from stm32h5xx_hal_uart.o(.text.UART_DMAReceiveCplt) referenced 2 times from stm32h5xx_hal_uart.o(.text.UART_Start_Receive_DMA)
 <LI><a href="#[69]">UART_DMARxHalfCplt</a> from stm32h5xx_hal_uart.o(.text.UART_DMARxHalfCplt) referenced 2 times from stm32h5xx_hal_uart.o(.text.UART_Start_Receive_DMA)
 <LI><a href="#[66]">UART_RxISR_16BIT</a> from stm32h5xx_hal_uart.o(.text.UART_RxISR_16BIT) referenced 2 times from stm32h5xx_hal_uart.o(.text.UART_RxISR_16BIT_FIFOEN)
 <LI><a href="#[66]">UART_RxISR_16BIT</a> from stm32h5xx_hal_uart.o(.text.UART_RxISR_16BIT) referenced 2 times from stm32h5xx_hal_uart.o(.text.UART_Start_Receive_IT)
 <LI><a href="#[6c]">UART_RxISR_16BIT_FIFOEN</a> from stm32h5xx_hal_uart.o(.text.UART_RxISR_16BIT_FIFOEN) referenced 2 times from stm32h5xx_hal_uart.o(.text.UART_Start_Receive_IT)
 <LI><a href="#[67]">UART_RxISR_8BIT</a> from stm32h5xx_hal_uart.o(.text.UART_RxISR_8BIT) referenced 2 times from stm32h5xx_hal_uart.o(.text.UART_RxISR_8BIT_FIFOEN)
 <LI><a href="#[67]">UART_RxISR_8BIT</a> from stm32h5xx_hal_uart.o(.text.UART_RxISR_8BIT) referenced 4 times from stm32h5xx_hal_uart.o(.text.UART_Start_Receive_IT)
 <LI><a href="#[6b]">UART_RxISR_8BIT_FIFOEN</a> from stm32h5xx_hal_uart.o(.text.UART_RxISR_8BIT_FIFOEN) referenced 4 times from stm32h5xx_hal_uart.o(.text.UART_Start_Receive_IT)
 <LI><a href="#[60]">UART_TxISR_16BIT</a> from stm32h5xx_hal_uart.o(.text.UART_TxISR_16BIT) referenced 2 times from stm32h5xx_hal_uart.o(.text.HAL_UART_Transmit_IT)
 <LI><a href="#[5f]">UART_TxISR_16BIT_FIFOEN</a> from stm32h5xx_hal_uart.o(.text.UART_TxISR_16BIT_FIFOEN) referenced 2 times from stm32h5xx_hal_uart.o(.text.HAL_UART_Transmit_IT)
 <LI><a href="#[5e]">UART_TxISR_8BIT</a> from stm32h5xx_hal_uart.o(.text.UART_TxISR_8BIT) referenced 2 times from stm32h5xx_hal_uart.o(.text.HAL_UART_Transmit_IT)
 <LI><a href="#[5d]">UART_TxISR_8BIT_FIFOEN</a> from stm32h5xx_hal_uart.o(.text.UART_TxISR_8BIT_FIFOEN) referenced 2 times from stm32h5xx_hal_uart.o(.text.HAL_UART_Transmit_IT)
 <LI><a href="#[3f]">USART1_IRQHandler</a> from stm32h5xx_it.o(.text.USART1_IRQHandler) referenced from startup_stm32h503xx.o(RESET)
 <LI><a href="#[40]">USART2_IRQHandler</a> from stm32h5xx_it.o(.text.USART2_IRQHandler) referenced from startup_stm32h503xx.o(RESET)
 <LI><a href="#[41]">USART3_IRQHandler</a> from stm32h5xx_it.o(.text.USART3_IRQHandler) referenced from startup_stm32h503xx.o(RESET)
 <LI><a href="#[45]">USB_DRD_FS_IRQHandler</a> from startup_stm32h503xx.o(.text) referenced from startup_stm32h503xx.o(RESET)
 <LI><a href="#[6]">UsageFault_Handler</a> from stm32h5xx_it.o(.text.UsageFault_Handler) referenced from startup_stm32h503xx.o(RESET)
 <LI><a href="#[b]">WWDG_IRQHandler</a> from startup_stm32h503xx.o(.text) referenced from startup_stm32h503xx.o(RESET)
 <LI><a href="#[5b]">__main</a> from entry.o(.ARM.Collect$$$$00000000) referenced from startup_stm32h503xx.o(.text)
 <LI><a href="#[64]">delay_10us</a> from platform.o(.text.delay_10us) referenced 2 times from nd06av1c_app.o(.text.ND06AV1C_Init)
 <LI><a href="#[63]">delay_1ms</a> from platform.o(.text.delay_1ms) referenced 2 times from nd06av1c_app.o(.text.ND06AV1C_Init)
 <LI><a href="#[65]">get_now_time_us</a> from platform.o(.text.get_now_time_us) referenced 2 times from nd06av1c_app.o(.text.ND06AV1C_Init)
 <LI><a href="#[62]">i2c_read_nbytes</a> from platform.o(.text.i2c_read_nbytes) referenced 2 times from nd06av1c_app.o(.text.ND06AV1C_Init)
 <LI><a href="#[61]">i2c_write_nbytes</a> from platform.o(.text.i2c_write_nbytes) referenced 2 times from nd06av1c_app.o(.text.ND06AV1C_Init)
 <LI><a href="#[59]">main</a> from main.o(.text.main) referenced from entry9a.o(.ARM.Collect$$$$0000000B)
 <LI><a href="#[0]">set_xshut_pin_level</a> from platform.o(.text.set_xshut_pin_level) referenced 2 times from nd06av1c_app.o(.data.g_nd06av1c_device)
</UL>
<P>
<H3>
Global Symbols
</H3>
<P><STRONG><a name="[5b]"></a>__main</STRONG> (Thumb, 0 bytes, Stack size unknown bytes, entry.o(.ARM.Collect$$$$00000000))
<BR>[Address Reference Count : 1]<UL><LI> startup_stm32h503xx.o(.text)
</UL>
<P><STRONG><a name="[11d]"></a>_main_stk</STRONG> (Thumb, 0 bytes, Stack size unknown bytes, entry2.o(.ARM.Collect$$$$00000001))

<P><STRONG><a name="[6d]"></a>_main_scatterload</STRONG> (Thumb, 0 bytes, Stack size unknown bytes, entry5.o(.ARM.Collect$$$$00000004))
<BR><BR>[Calls]<UL><LI><a href="#[6e]">&gt;&gt;</a>&nbsp;&nbsp;&nbsp;__scatterload
</UL>

<P><STRONG><a name="[76]"></a>__main_after_scatterload</STRONG> (Thumb, 0 bytes, Stack size unknown bytes, entry5.o(.ARM.Collect$$$$00000004))
<BR><BR>[Called By]<UL><LI><a href="#[6e]">&gt;&gt;</a>&nbsp;&nbsp;&nbsp;__scatterload
</UL>

<P><STRONG><a name="[11e]"></a>_main_clock</STRONG> (Thumb, 0 bytes, Stack size unknown bytes, entry7b.o(.ARM.Collect$$$$00000008))

<P><STRONG><a name="[11f]"></a>_main_cpp_init</STRONG> (Thumb, 0 bytes, Stack size unknown bytes, entry8b.o(.ARM.Collect$$$$0000000A))

<P><STRONG><a name="[120]"></a>_main_init</STRONG> (Thumb, 0 bytes, Stack size unknown bytes, entry9a.o(.ARM.Collect$$$$0000000B))

<P><STRONG><a name="[121]"></a>__rt_final_cpp</STRONG> (Thumb, 0 bytes, Stack size unknown bytes, entry10a.o(.ARM.Collect$$$$0000000D))

<P><STRONG><a name="[122]"></a>__rt_final_exit</STRONG> (Thumb, 0 bytes, Stack size unknown bytes, entry11a.o(.ARM.Collect$$$$0000000F))

<P><STRONG><a name="[1]"></a>Reset_Handler</STRONG> (Thumb, 8 bytes, Stack size 0 bytes, startup_stm32h503xx.o(.text))
<BR>[Address Reference Count : 1]<UL><LI> startup_stm32h503xx.o(RESET)
</UL>
<P><STRONG><a name="[6f]"></a>SecureFault_Handler</STRONG> (Thumb, 2 bytes, Stack size 0 bytes, startup_stm32h503xx.o(.text), UNUSED)
<BR><BR>[Calls]<UL><LI><a href="#[6f]">&gt;&gt;</a>&nbsp;&nbsp;&nbsp;SecureFault_Handler
</UL>
<BR>[Called By]<UL><LI><a href="#[6f]">&gt;&gt;</a>&nbsp;&nbsp;&nbsp;SecureFault_Handler
</UL>

<P><STRONG><a name="[2c]"></a>ADC1_IRQHandler</STRONG> (Thumb, 0 bytes, Stack size 0 bytes, startup_stm32h503xx.o(.text))
<BR><BR>[Calls]<UL><LI><a href="#[2c]">&gt;&gt;</a>&nbsp;&nbsp;&nbsp;ADC1_IRQHandler
</UL>
<BR>[Called By]<UL><LI><a href="#[2c]">&gt;&gt;</a>&nbsp;&nbsp;&nbsp;ADC1_IRQHandler
</UL>
<BR>[Address Reference Count : 1]<UL><LI> startup_stm32h503xx.o(RESET)
</UL>
<P><STRONG><a name="[58]"></a>COMP1_IRQHandler</STRONG> (Thumb, 0 bytes, Stack size 0 bytes, startup_stm32h503xx.o(.text))
<BR>[Address Reference Count : 1]<UL><LI> startup_stm32h503xx.o(RESET)
</UL>
<P><STRONG><a name="[46]"></a>CRS_IRQHandler</STRONG> (Thumb, 0 bytes, Stack size 0 bytes, startup_stm32h503xx.o(.text))
<BR>[Address Reference Count : 1]<UL><LI> startup_stm32h503xx.o(RESET)
</UL>
<P><STRONG><a name="[2d]"></a>DAC1_IRQHandler</STRONG> (Thumb, 0 bytes, Stack size 0 bytes, startup_stm32h503xx.o(.text))
<BR>[Address Reference Count : 1]<UL><LI> startup_stm32h503xx.o(RESET)
</UL>
<P><STRONG><a name="[51]"></a>DTS_IRQHandler</STRONG> (Thumb, 0 bytes, Stack size 0 bytes, startup_stm32h503xx.o(.text))
<BR>[Address Reference Count : 1]<UL><LI> startup_stm32h503xx.o(RESET)
</UL>
<P><STRONG><a name="[13]"></a>EXTI0_IRQHandler</STRONG> (Thumb, 0 bytes, Stack size 0 bytes, startup_stm32h503xx.o(.text))
<BR>[Address Reference Count : 1]<UL><LI> startup_stm32h503xx.o(RESET)
</UL>
<P><STRONG><a name="[1d]"></a>EXTI10_IRQHandler</STRONG> (Thumb, 0 bytes, Stack size 0 bytes, startup_stm32h503xx.o(.text))
<BR>[Address Reference Count : 1]<UL><LI> startup_stm32h503xx.o(RESET)
</UL>
<P><STRONG><a name="[1e]"></a>EXTI11_IRQHandler</STRONG> (Thumb, 0 bytes, Stack size 0 bytes, startup_stm32h503xx.o(.text))
<BR>[Address Reference Count : 1]<UL><LI> startup_stm32h503xx.o(RESET)
</UL>
<P><STRONG><a name="[1f]"></a>EXTI12_IRQHandler</STRONG> (Thumb, 0 bytes, Stack size 0 bytes, startup_stm32h503xx.o(.text))
<BR>[Address Reference Count : 1]<UL><LI> startup_stm32h503xx.o(RESET)
</UL>
<P><STRONG><a name="[20]"></a>EXTI13_IRQHandler</STRONG> (Thumb, 0 bytes, Stack size 0 bytes, startup_stm32h503xx.o(.text))
<BR>[Address Reference Count : 1]<UL><LI> startup_stm32h503xx.o(RESET)
</UL>
<P><STRONG><a name="[21]"></a>EXTI14_IRQHandler</STRONG> (Thumb, 0 bytes, Stack size 0 bytes, startup_stm32h503xx.o(.text))
<BR>[Address Reference Count : 1]<UL><LI> startup_stm32h503xx.o(RESET)
</UL>
<P><STRONG><a name="[22]"></a>EXTI15_IRQHandler</STRONG> (Thumb, 0 bytes, Stack size 0 bytes, startup_stm32h503xx.o(.text))
<BR>[Address Reference Count : 1]<UL><LI> startup_stm32h503xx.o(RESET)
</UL>
<P><STRONG><a name="[14]"></a>EXTI1_IRQHandler</STRONG> (Thumb, 0 bytes, Stack size 0 bytes, startup_stm32h503xx.o(.text))
<BR>[Address Reference Count : 1]<UL><LI> startup_stm32h503xx.o(RESET)
</UL>
<P><STRONG><a name="[15]"></a>EXTI2_IRQHandler</STRONG> (Thumb, 0 bytes, Stack size 0 bytes, startup_stm32h503xx.o(.text))
<BR>[Address Reference Count : 1]<UL><LI> startup_stm32h503xx.o(RESET)
</UL>
<P><STRONG><a name="[16]"></a>EXTI3_IRQHandler</STRONG> (Thumb, 0 bytes, Stack size 0 bytes, startup_stm32h503xx.o(.text))
<BR>[Address Reference Count : 1]<UL><LI> startup_stm32h503xx.o(RESET)
</UL>
<P><STRONG><a name="[17]"></a>EXTI4_IRQHandler</STRONG> (Thumb, 0 bytes, Stack size 0 bytes, startup_stm32h503xx.o(.text))
<BR>[Address Reference Count : 1]<UL><LI> startup_stm32h503xx.o(RESET)
</UL>
<P><STRONG><a name="[18]"></a>EXTI5_IRQHandler</STRONG> (Thumb, 0 bytes, Stack size 0 bytes, startup_stm32h503xx.o(.text))
<BR>[Address Reference Count : 1]<UL><LI> startup_stm32h503xx.o(RESET)
</UL>
<P><STRONG><a name="[19]"></a>EXTI6_IRQHandler</STRONG> (Thumb, 0 bytes, Stack size 0 bytes, startup_stm32h503xx.o(.text))
<BR>[Address Reference Count : 1]<UL><LI> startup_stm32h503xx.o(RESET)
</UL>
<P><STRONG><a name="[1a]"></a>EXTI7_IRQHandler</STRONG> (Thumb, 0 bytes, Stack size 0 bytes, startup_stm32h503xx.o(.text))
<BR>[Address Reference Count : 1]<UL><LI> startup_stm32h503xx.o(RESET)
</UL>
<P><STRONG><a name="[1b]"></a>EXTI8_IRQHandler</STRONG> (Thumb, 0 bytes, Stack size 0 bytes, startup_stm32h503xx.o(.text))
<BR>[Address Reference Count : 1]<UL><LI> startup_stm32h503xx.o(RESET)
</UL>
<P><STRONG><a name="[1c]"></a>EXTI9_IRQHandler</STRONG> (Thumb, 0 bytes, Stack size 0 bytes, startup_stm32h503xx.o(.text))
<BR>[Address Reference Count : 1]<UL><LI> startup_stm32h503xx.o(RESET)
</UL>
<P><STRONG><a name="[2e]"></a>FDCAN1_IT0_IRQHandler</STRONG> (Thumb, 0 bytes, Stack size 0 bytes, startup_stm32h503xx.o(.text))
<BR>[Address Reference Count : 1]<UL><LI> startup_stm32h503xx.o(RESET)
</UL>
<P><STRONG><a name="[2f]"></a>FDCAN1_IT1_IRQHandler</STRONG> (Thumb, 0 bytes, Stack size 0 bytes, startup_stm32h503xx.o(.text))
<BR>[Address Reference Count : 1]<UL><LI> startup_stm32h503xx.o(RESET)
</UL>
<P><STRONG><a name="[10]"></a>FLASH_IRQHandler</STRONG> (Thumb, 0 bytes, Stack size 0 bytes, startup_stm32h503xx.o(.text))
<BR>[Address Reference Count : 1]<UL><LI> startup_stm32h503xx.o(RESET)
</UL>
<P><STRONG><a name="[4f]"></a>FPU_IRQHandler</STRONG> (Thumb, 0 bytes, Stack size 0 bytes, startup_stm32h503xx.o(.text))
<BR>[Address Reference Count : 1]<UL><LI> startup_stm32h503xx.o(RESET)
</UL>
<P><STRONG><a name="[24]"></a>GPDMA1_Channel1_IRQHandler</STRONG> (Thumb, 0 bytes, Stack size 0 bytes, startup_stm32h503xx.o(.text))
<BR>[Address Reference Count : 1]<UL><LI> startup_stm32h503xx.o(RESET)
</UL>
<P><STRONG><a name="[25]"></a>GPDMA1_Channel2_IRQHandler</STRONG> (Thumb, 0 bytes, Stack size 0 bytes, startup_stm32h503xx.o(.text))
<BR>[Address Reference Count : 1]<UL><LI> startup_stm32h503xx.o(RESET)
</UL>
<P><STRONG><a name="[26]"></a>GPDMA1_Channel3_IRQHandler</STRONG> (Thumb, 0 bytes, Stack size 0 bytes, startup_stm32h503xx.o(.text))
<BR>[Address Reference Count : 1]<UL><LI> startup_stm32h503xx.o(RESET)
</UL>
<P><STRONG><a name="[27]"></a>GPDMA1_Channel4_IRQHandler</STRONG> (Thumb, 0 bytes, Stack size 0 bytes, startup_stm32h503xx.o(.text))
<BR>[Address Reference Count : 1]<UL><LI> startup_stm32h503xx.o(RESET)
</UL>
<P><STRONG><a name="[28]"></a>GPDMA1_Channel5_IRQHandler</STRONG> (Thumb, 0 bytes, Stack size 0 bytes, startup_stm32h503xx.o(.text))
<BR>[Address Reference Count : 1]<UL><LI> startup_stm32h503xx.o(RESET)
</UL>
<P><STRONG><a name="[29]"></a>GPDMA1_Channel6_IRQHandler</STRONG> (Thumb, 0 bytes, Stack size 0 bytes, startup_stm32h503xx.o(.text))
<BR>[Address Reference Count : 1]<UL><LI> startup_stm32h503xx.o(RESET)
</UL>
<P><STRONG><a name="[2a]"></a>GPDMA1_Channel7_IRQHandler</STRONG> (Thumb, 0 bytes, Stack size 0 bytes, startup_stm32h503xx.o(.text))
<BR>[Address Reference Count : 1]<UL><LI> startup_stm32h503xx.o(RESET)
</UL>
<P><STRONG><a name="[47]"></a>GPDMA2_Channel0_IRQHandler</STRONG> (Thumb, 0 bytes, Stack size 0 bytes, startup_stm32h503xx.o(.text))
<BR>[Address Reference Count : 1]<UL><LI> startup_stm32h503xx.o(RESET)
</UL>
<P><STRONG><a name="[48]"></a>GPDMA2_Channel1_IRQHandler</STRONG> (Thumb, 0 bytes, Stack size 0 bytes, startup_stm32h503xx.o(.text))
<BR>[Address Reference Count : 1]<UL><LI> startup_stm32h503xx.o(RESET)
</UL>
<P><STRONG><a name="[49]"></a>GPDMA2_Channel2_IRQHandler</STRONG> (Thumb, 0 bytes, Stack size 0 bytes, startup_stm32h503xx.o(.text))
<BR>[Address Reference Count : 1]<UL><LI> startup_stm32h503xx.o(RESET)
</UL>
<P><STRONG><a name="[4a]"></a>GPDMA2_Channel3_IRQHandler</STRONG> (Thumb, 0 bytes, Stack size 0 bytes, startup_stm32h503xx.o(.text))
<BR>[Address Reference Count : 1]<UL><LI> startup_stm32h503xx.o(RESET)
</UL>
<P><STRONG><a name="[4b]"></a>GPDMA2_Channel4_IRQHandler</STRONG> (Thumb, 0 bytes, Stack size 0 bytes, startup_stm32h503xx.o(.text))
<BR>[Address Reference Count : 1]<UL><LI> startup_stm32h503xx.o(RESET)
</UL>
<P><STRONG><a name="[4c]"></a>GPDMA2_Channel5_IRQHandler</STRONG> (Thumb, 0 bytes, Stack size 0 bytes, startup_stm32h503xx.o(.text))
<BR>[Address Reference Count : 1]<UL><LI> startup_stm32h503xx.o(RESET)
</UL>
<P><STRONG><a name="[4d]"></a>GPDMA2_Channel6_IRQHandler</STRONG> (Thumb, 0 bytes, Stack size 0 bytes, startup_stm32h503xx.o(.text))
<BR>[Address Reference Count : 1]<UL><LI> startup_stm32h503xx.o(RESET)
</UL>
<P><STRONG><a name="[4e]"></a>GPDMA2_Channel7_IRQHandler</STRONG> (Thumb, 0 bytes, Stack size 0 bytes, startup_stm32h503xx.o(.text))
<BR>[Address Reference Count : 1]<UL><LI> startup_stm32h503xx.o(RESET)
</UL>
<P><STRONG><a name="[11]"></a>GTZC_IRQHandler</STRONG> (Thumb, 0 bytes, Stack size 0 bytes, startup_stm32h503xx.o(.text))
<BR>[Address Reference Count : 1]<UL><LI> startup_stm32h503xx.o(RESET)
</UL>
<P><STRONG><a name="[53]"></a>HASH_IRQHandler</STRONG> (Thumb, 0 bytes, Stack size 0 bytes, startup_stm32h503xx.o(.text))
<BR>[Address Reference Count : 1]<UL><LI> startup_stm32h503xx.o(RESET)
</UL>
<P><STRONG><a name="[39]"></a>I2C1_ER_IRQHandler</STRONG> (Thumb, 0 bytes, Stack size 0 bytes, startup_stm32h503xx.o(.text))
<BR>[Address Reference Count : 1]<UL><LI> startup_stm32h503xx.o(RESET)
</UL>
<P><STRONG><a name="[38]"></a>I2C1_EV_IRQHandler</STRONG> (Thumb, 0 bytes, Stack size 0 bytes, startup_stm32h503xx.o(.text))
<BR>[Address Reference Count : 1]<UL><LI> startup_stm32h503xx.o(RESET)
</UL>
<P><STRONG><a name="[3b]"></a>I2C2_ER_IRQHandler</STRONG> (Thumb, 0 bytes, Stack size 0 bytes, startup_stm32h503xx.o(.text))
<BR>[Address Reference Count : 1]<UL><LI> startup_stm32h503xx.o(RESET)
</UL>
<P><STRONG><a name="[3a]"></a>I2C2_EV_IRQHandler</STRONG> (Thumb, 0 bytes, Stack size 0 bytes, startup_stm32h503xx.o(.text))
<BR>[Address Reference Count : 1]<UL><LI> startup_stm32h503xx.o(RESET)
</UL>
<P><STRONG><a name="[55]"></a>I3C1_ER_IRQHandler</STRONG> (Thumb, 0 bytes, Stack size 0 bytes, startup_stm32h503xx.o(.text))
<BR>[Address Reference Count : 1]<UL><LI> startup_stm32h503xx.o(RESET)
</UL>
<P><STRONG><a name="[54]"></a>I3C1_EV_IRQHandler</STRONG> (Thumb, 0 bytes, Stack size 0 bytes, startup_stm32h503xx.o(.text))
<BR>[Address Reference Count : 1]<UL><LI> startup_stm32h503xx.o(RESET)
</UL>
<P><STRONG><a name="[57]"></a>I3C2_ER_IRQHandler</STRONG> (Thumb, 0 bytes, Stack size 0 bytes, startup_stm32h503xx.o(.text))
<BR>[Address Reference Count : 1]<UL><LI> startup_stm32h503xx.o(RESET)
</UL>
<P><STRONG><a name="[56]"></a>I3C2_EV_IRQHandler</STRONG> (Thumb, 0 bytes, Stack size 0 bytes, startup_stm32h503xx.o(.text))
<BR>[Address Reference Count : 1]<UL><LI> startup_stm32h503xx.o(RESET)
</UL>
<P><STRONG><a name="[50]"></a>ICACHE_IRQHandler</STRONG> (Thumb, 0 bytes, Stack size 0 bytes, startup_stm32h503xx.o(.text))
<BR>[Address Reference Count : 1]<UL><LI> startup_stm32h503xx.o(RESET)
</UL>
<P><STRONG><a name="[2b]"></a>IWDG_IRQHandler</STRONG> (Thumb, 0 bytes, Stack size 0 bytes, startup_stm32h503xx.o(.text))
<BR>[Address Reference Count : 1]<UL><LI> startup_stm32h503xx.o(RESET)
</UL>
<P><STRONG><a name="[43]"></a>LPTIM1_IRQHandler</STRONG> (Thumb, 0 bytes, Stack size 0 bytes, startup_stm32h503xx.o(.text))
<BR>[Address Reference Count : 1]<UL><LI> startup_stm32h503xx.o(RESET)
</UL>
<P><STRONG><a name="[44]"></a>LPTIM2_IRQHandler</STRONG> (Thumb, 0 bytes, Stack size 0 bytes, startup_stm32h503xx.o(.text))
<BR>[Address Reference Count : 1]<UL><LI> startup_stm32h503xx.o(RESET)
</UL>
<P><STRONG><a name="[42]"></a>LPUART1_IRQHandler</STRONG> (Thumb, 0 bytes, Stack size 0 bytes, startup_stm32h503xx.o(.text))
<BR>[Address Reference Count : 1]<UL><LI> startup_stm32h503xx.o(RESET)
</UL>
<P><STRONG><a name="[c]"></a>PVD_AVD_IRQHandler</STRONG> (Thumb, 0 bytes, Stack size 0 bytes, startup_stm32h503xx.o(.text))
<BR>[Address Reference Count : 1]<UL><LI> startup_stm32h503xx.o(RESET)
</UL>
<P><STRONG><a name="[f]"></a>RAMCFG_IRQHandler</STRONG> (Thumb, 0 bytes, Stack size 0 bytes, startup_stm32h503xx.o(.text))
<BR>[Address Reference Count : 1]<UL><LI> startup_stm32h503xx.o(RESET)
</UL>
<P><STRONG><a name="[12]"></a>RCC_IRQHandler</STRONG> (Thumb, 0 bytes, Stack size 0 bytes, startup_stm32h503xx.o(.text))
<BR>[Address Reference Count : 1]<UL><LI> startup_stm32h503xx.o(RESET)
</UL>
<P><STRONG><a name="[52]"></a>RNG_IRQHandler</STRONG> (Thumb, 0 bytes, Stack size 0 bytes, startup_stm32h503xx.o(.text))
<BR>[Address Reference Count : 1]<UL><LI> startup_stm32h503xx.o(RESET)
</UL>
<P><STRONG><a name="[d]"></a>RTC_IRQHandler</STRONG> (Thumb, 0 bytes, Stack size 0 bytes, startup_stm32h503xx.o(.text))
<BR>[Address Reference Count : 1]<UL><LI> startup_stm32h503xx.o(RESET)
</UL>
<P><STRONG><a name="[3c]"></a>SPI1_IRQHandler</STRONG> (Thumb, 0 bytes, Stack size 0 bytes, startup_stm32h503xx.o(.text))
<BR>[Address Reference Count : 1]<UL><LI> startup_stm32h503xx.o(RESET)
</UL>
<P><STRONG><a name="[3d]"></a>SPI2_IRQHandler</STRONG> (Thumb, 0 bytes, Stack size 0 bytes, startup_stm32h503xx.o(.text))
<BR>[Address Reference Count : 1]<UL><LI> startup_stm32h503xx.o(RESET)
</UL>
<P><STRONG><a name="[3e]"></a>SPI3_IRQHandler</STRONG> (Thumb, 0 bytes, Stack size 0 bytes, startup_stm32h503xx.o(.text))
<BR>[Address Reference Count : 1]<UL><LI> startup_stm32h503xx.o(RESET)
</UL>
<P><STRONG><a name="[e]"></a>TAMP_IRQHandler</STRONG> (Thumb, 0 bytes, Stack size 0 bytes, startup_stm32h503xx.o(.text))
<BR>[Address Reference Count : 1]<UL><LI> startup_stm32h503xx.o(RESET)
</UL>
<P><STRONG><a name="[30]"></a>TIM1_BRK_IRQHandler</STRONG> (Thumb, 0 bytes, Stack size 0 bytes, startup_stm32h503xx.o(.text))
<BR>[Address Reference Count : 1]<UL><LI> startup_stm32h503xx.o(RESET)
</UL>
<P><STRONG><a name="[33]"></a>TIM1_CC_IRQHandler</STRONG> (Thumb, 0 bytes, Stack size 0 bytes, startup_stm32h503xx.o(.text))
<BR>[Address Reference Count : 1]<UL><LI> startup_stm32h503xx.o(RESET)
</UL>
<P><STRONG><a name="[32]"></a>TIM1_TRG_COM_IRQHandler</STRONG> (Thumb, 0 bytes, Stack size 0 bytes, startup_stm32h503xx.o(.text))
<BR>[Address Reference Count : 1]<UL><LI> startup_stm32h503xx.o(RESET)
</UL>
<P><STRONG><a name="[31]"></a>TIM1_UP_IRQHandler</STRONG> (Thumb, 0 bytes, Stack size 0 bytes, startup_stm32h503xx.o(.text))
<BR>[Address Reference Count : 1]<UL><LI> startup_stm32h503xx.o(RESET)
</UL>
<P><STRONG><a name="[34]"></a>TIM2_IRQHandler</STRONG> (Thumb, 0 bytes, Stack size 0 bytes, startup_stm32h503xx.o(.text))
<BR>[Address Reference Count : 1]<UL><LI> startup_stm32h503xx.o(RESET)
</UL>
<P><STRONG><a name="[35]"></a>TIM3_IRQHandler</STRONG> (Thumb, 0 bytes, Stack size 0 bytes, startup_stm32h503xx.o(.text))
<BR>[Address Reference Count : 1]<UL><LI> startup_stm32h503xx.o(RESET)
</UL>
<P><STRONG><a name="[36]"></a>TIM6_IRQHandler</STRONG> (Thumb, 0 bytes, Stack size 0 bytes, startup_stm32h503xx.o(.text))
<BR>[Address Reference Count : 1]<UL><LI> startup_stm32h503xx.o(RESET)
</UL>
<P><STRONG><a name="[37]"></a>TIM7_IRQHandler</STRONG> (Thumb, 0 bytes, Stack size 0 bytes, startup_stm32h503xx.o(.text))
<BR>[Address Reference Count : 1]<UL><LI> startup_stm32h503xx.o(RESET)
</UL>
<P><STRONG><a name="[45]"></a>USB_DRD_FS_IRQHandler</STRONG> (Thumb, 0 bytes, Stack size 0 bytes, startup_stm32h503xx.o(.text))
<BR>[Address Reference Count : 1]<UL><LI> startup_stm32h503xx.o(RESET)
</UL>
<P><STRONG><a name="[b]"></a>WWDG_IRQHandler</STRONG> (Thumb, 0 bytes, Stack size 0 bytes, startup_stm32h503xx.o(.text))
<BR>[Address Reference Count : 1]<UL><LI> startup_stm32h503xx.o(RESET)
</UL>
<P><STRONG><a name="[70]"></a>__aeabi_uldivmod</STRONG> (Thumb, 98 bytes, Stack size 40 bytes, uldiv.o(.text))
<BR><BR>[Stack]<UL><LI>Max Depth = 40<LI>Call Chain = __aeabi_uldivmod
</UL>
<BR>[Calls]<UL><LI><a href="#[71]">&gt;&gt;</a>&nbsp;&nbsp;&nbsp;__aeabi_llsr
<LI><a href="#[72]">&gt;&gt;</a>&nbsp;&nbsp;&nbsp;__aeabi_llsl
</UL>
<BR>[Called By]<UL><LI><a href="#[bf]">&gt;&gt;</a>&nbsp;&nbsp;&nbsp;UART_SetConfig
</UL>

<P><STRONG><a name="[123]"></a>__aeabi_memcpy</STRONG> (Thumb, 36 bytes, Stack size 0 bytes, memcpya.o(.text), UNUSED)

<P><STRONG><a name="[118]"></a>__aeabi_memcpy4</STRONG> (Thumb, 0 bytes, Stack size 0 bytes, memcpya.o(.text))
<BR><BR>[Called By]<UL><LI><a href="#[10e]">&gt;&gt;</a>&nbsp;&nbsp;&nbsp;paraTable_Init
<LI><a href="#[fc]">&gt;&gt;</a>&nbsp;&nbsp;&nbsp;paraTable_Reset
<LI><a href="#[79]">&gt;&gt;</a>&nbsp;&nbsp;&nbsp;paraTable_Write
</UL>

<P><STRONG><a name="[124]"></a>__aeabi_memcpy8</STRONG> (Thumb, 0 bytes, Stack size 0 bytes, memcpya.o(.text), UNUSED)

<P><STRONG><a name="[74]"></a>__aeabi_memset</STRONG> (Thumb, 14 bytes, Stack size 0 bytes, memseta.o(.text), UNUSED)
<BR><BR>[Called By]<UL><LI><a href="#[75]">&gt;&gt;</a>&nbsp;&nbsp;&nbsp;_memset$wrapper
<LI><a href="#[73]">&gt;&gt;</a>&nbsp;&nbsp;&nbsp;__aeabi_memclr
</UL>

<P><STRONG><a name="[125]"></a>__aeabi_memset4</STRONG> (Thumb, 0 bytes, Stack size 0 bytes, memseta.o(.text), UNUSED)

<P><STRONG><a name="[126]"></a>__aeabi_memset8</STRONG> (Thumb, 0 bytes, Stack size 0 bytes, memseta.o(.text), UNUSED)

<P><STRONG><a name="[73]"></a>__aeabi_memclr</STRONG> (Thumb, 4 bytes, Stack size 0 bytes, memseta.o(.text), UNUSED)
<BR><BR>[Calls]<UL><LI><a href="#[74]">&gt;&gt;</a>&nbsp;&nbsp;&nbsp;__aeabi_memset
</UL>

<P><STRONG><a name="[c3]"></a>__aeabi_memclr4</STRONG> (Thumb, 0 bytes, Stack size 0 bytes, memseta.o(.text))
<BR><BR>[Called By]<UL><LI><a href="#[bd]">&gt;&gt;</a>&nbsp;&nbsp;&nbsp;HAL_UART_MspInit
<LI><a href="#[ff]">&gt;&gt;</a>&nbsp;&nbsp;&nbsp;SystemClock_Config
<LI><a href="#[cf]">&gt;&gt;</a>&nbsp;&nbsp;&nbsp;HAL_UART_RxCpltCallback
</UL>

<P><STRONG><a name="[8f]"></a>__aeabi_memclr8</STRONG> (Thumb, 0 bytes, Stack size 0 bytes, memseta.o(.text))
<BR><BR>[Called By]<UL><LI><a href="#[bd]">&gt;&gt;</a>&nbsp;&nbsp;&nbsp;HAL_UART_MspInit
<LI><a href="#[ac]">&gt;&gt;</a>&nbsp;&nbsp;&nbsp;HAL_RTC_MspInit
<LI><a href="#[88]">&gt;&gt;</a>&nbsp;&nbsp;&nbsp;HAL_I2C_MspInit
</UL>

<P><STRONG><a name="[75]"></a>_memset$wrapper</STRONG> (Thumb, 18 bytes, Stack size 8 bytes, memseta.o(.text), UNUSED)
<BR><BR>[Calls]<UL><LI><a href="#[74]">&gt;&gt;</a>&nbsp;&nbsp;&nbsp;__aeabi_memset
</UL>

<P><STRONG><a name="[72]"></a>__aeabi_llsl</STRONG> (Thumb, 30 bytes, Stack size 0 bytes, llshl.o(.text))
<BR><BR>[Called By]<UL><LI><a href="#[70]">&gt;&gt;</a>&nbsp;&nbsp;&nbsp;__aeabi_uldivmod
</UL>

<P><STRONG><a name="[127]"></a>_ll_shift_l</STRONG> (Thumb, 0 bytes, Stack size 0 bytes, llshl.o(.text), UNUSED)

<P><STRONG><a name="[71]"></a>__aeabi_llsr</STRONG> (Thumb, 32 bytes, Stack size 0 bytes, llushr.o(.text))
<BR><BR>[Called By]<UL><LI><a href="#[70]">&gt;&gt;</a>&nbsp;&nbsp;&nbsp;__aeabi_uldivmod
</UL>

<P><STRONG><a name="[128]"></a>_ll_ushift_r</STRONG> (Thumb, 0 bytes, Stack size 0 bytes, llushr.o(.text), UNUSED)

<P><STRONG><a name="[6e]"></a>__scatterload</STRONG> (Thumb, 38 bytes, Stack size 0 bytes, init.o(.text))
<BR><BR>[Calls]<UL><LI><a href="#[76]">&gt;&gt;</a>&nbsp;&nbsp;&nbsp;__main_after_scatterload
</UL>
<BR>[Called By]<UL><LI><a href="#[6d]">&gt;&gt;</a>&nbsp;&nbsp;&nbsp;_main_scatterload
</UL>

<P><STRONG><a name="[129]"></a>__scatterload_rt2</STRONG> (Thumb, 0 bytes, Stack size 0 bytes, init.o(.text), UNUSED)

<P><STRONG><a name="[12a]"></a>__decompress</STRONG> (Thumb, 0 bytes, Stack size unknown bytes, __dczerorl2.o(.text), UNUSED)

<P><STRONG><a name="[12b]"></a>__decompress1</STRONG> (Thumb, 86 bytes, Stack size unknown bytes, __dczerorl2.o(.text), UNUSED)

<P><STRONG><a name="[5]"></a>BusFault_Handler</STRONG> (Thumb, 2 bytes, Stack size 0 bytes, stm32h5xx_it.o(.text.BusFault_Handler))
<BR><BR>[Calls]<UL><LI><a href="#[5]">&gt;&gt;</a>&nbsp;&nbsp;&nbsp;BusFault_Handler
</UL>
<BR>[Called By]<UL><LI><a href="#[5]">&gt;&gt;</a>&nbsp;&nbsp;&nbsp;BusFault_Handler
</UL>
<BR>[Address Reference Count : 1]<UL><LI> startup_stm32h503xx.o(RESET)
</UL>
<P><STRONG><a name="[77]"></a>ClosingTimeLearning</STRONG> (Thumb, 274 bytes, Stack size 16 bytes, sensorapplogic.o(.text.ClosingTimeLearning))
<BR><BR>[Stack]<UL><LI>Max Depth = 184<LI>Call Chain = ClosingTimeLearning &rArr; ND06AV1C_GetDepthAndAmpData &rArr; ND06AV1C_ReadNWords &rArr; ND06AV1C_I2CErrCallback &rArr;  ND06AV1C_ReadWord (Cycle)
</UL>
<BR>[Calls]<UL><LI><a href="#[79]">&gt;&gt;</a>&nbsp;&nbsp;&nbsp;paraTable_Write
<LI><a href="#[78]">&gt;&gt;</a>&nbsp;&nbsp;&nbsp;ND06AV1C_GetDepthAndAmpData
</UL>
<BR>[Called By]<UL><LI><a href="#[111]">&gt;&gt;</a>&nbsp;&nbsp;&nbsp;sensor_action_control
</UL>

<P><STRONG><a name="[8]"></a>DebugMon_Handler</STRONG> (Thumb, 2 bytes, Stack size 0 bytes, stm32h5xx_it.o(.text.DebugMon_Handler))
<BR>[Address Reference Count : 1]<UL><LI> startup_stm32h503xx.o(RESET)
</UL>
<P><STRONG><a name="[7a]"></a>DistanceThresholdLearning</STRONG> (Thumb, 546 bytes, Stack size 40 bytes, sensorapplogic.o(.text.DistanceThresholdLearning))
<BR><BR>[Stack]<UL><LI>Max Depth = 208<LI>Call Chain = DistanceThresholdLearning &rArr; ND06AV1C_GetDepthAndAmpData &rArr; ND06AV1C_ReadNWords &rArr; ND06AV1C_I2CErrCallback &rArr;  ND06AV1C_ReadWord (Cycle)
</UL>
<BR>[Calls]<UL><LI><a href="#[79]">&gt;&gt;</a>&nbsp;&nbsp;&nbsp;paraTable_Write
<LI><a href="#[78]">&gt;&gt;</a>&nbsp;&nbsp;&nbsp;ND06AV1C_GetDepthAndAmpData
<LI><a href="#[7b]">&gt;&gt;</a>&nbsp;&nbsp;&nbsp;dts6012_getDepthAndAmp
</UL>
<BR>[Called By]<UL><LI><a href="#[111]">&gt;&gt;</a>&nbsp;&nbsp;&nbsp;sensor_action_control
</UL>

<P><STRONG><a name="[113]"></a>ElevatorSignaMonitoring</STRONG> (Thumb, 94 bytes, Stack size 0 bytes, elevatorsignalmonitor.o(.text.ElevatorSignaMonitoring))
<BR><BR>[Called By]<UL><LI><a href="#[110]">&gt;&gt;</a>&nbsp;&nbsp;&nbsp;normalWork
</UL>

<P><STRONG><a name="[91]"></a>Error_Handler</STRONG> (Thumb, 6 bytes, Stack size 0 bytes, main.o(.text.Error_Handler))
<BR><BR>[Called By]<UL><LI><a href="#[bd]">&gt;&gt;</a>&nbsp;&nbsp;&nbsp;HAL_UART_MspInit
<LI><a href="#[ac]">&gt;&gt;</a>&nbsp;&nbsp;&nbsp;HAL_RTC_MspInit
<LI><a href="#[88]">&gt;&gt;</a>&nbsp;&nbsp;&nbsp;HAL_I2C_MspInit
<LI><a href="#[e6]">&gt;&gt;</a>&nbsp;&nbsp;&nbsp;MX_USART1_UART_Init
<LI><a href="#[eb]">&gt;&gt;</a>&nbsp;&nbsp;&nbsp;MX_USART3_UART_Init
<LI><a href="#[e3]">&gt;&gt;</a>&nbsp;&nbsp;&nbsp;MX_IWDG_Init
<LI><a href="#[ea]">&gt;&gt;</a>&nbsp;&nbsp;&nbsp;MX_USART2_UART_Init
<LI><a href="#[dd]">&gt;&gt;</a>&nbsp;&nbsp;&nbsp;MX_I2C1_Init
<LI><a href="#[e4]">&gt;&gt;</a>&nbsp;&nbsp;&nbsp;MX_RTC_Init
<LI><a href="#[e0]">&gt;&gt;</a>&nbsp;&nbsp;&nbsp;MX_ICACHE_Init
<LI><a href="#[100]">&gt;&gt;</a>&nbsp;&nbsp;&nbsp;TOOLING_USART1_UART_Init
<LI><a href="#[101]">&gt;&gt;</a>&nbsp;&nbsp;&nbsp;TOOLING_USART2_UART_Init
</UL>

<P><STRONG><a name="[7c]"></a>FLASH_WaitForLastOperation</STRONG> (Thumb, 144 bytes, Stack size 16 bytes, stm32h5xx_hal_flash.o(.text.FLASH_WaitForLastOperation))
<BR><BR>[Stack]<UL><LI>Max Depth = 16<LI>Call Chain = FLASH_WaitForLastOperation
</UL>
<BR>[Calls]<UL><LI><a href="#[7d]">&gt;&gt;</a>&nbsp;&nbsp;&nbsp;HAL_GetTick
</UL>
<BR>[Called By]<UL><LI><a href="#[85]">&gt;&gt;</a>&nbsp;&nbsp;&nbsp;HAL_FLASHEx_Erase
</UL>

<P><STRONG><a name="[23]"></a>GPDMA1_Channel0_IRQHandler</STRONG> (Thumb, 12 bytes, Stack size 0 bytes, stm32h5xx_it.o(.text.GPDMA1_Channel0_IRQHandler))
<BR><BR>[Stack]<UL><LI>Max Depth = 8<LI>Call Chain = GPDMA1_Channel0_IRQHandler &rArr; HAL_DMA_IRQHandler
</UL>
<BR>[Calls]<UL><LI><a href="#[7e]">&gt;&gt;</a>&nbsp;&nbsp;&nbsp;HAL_DMA_IRQHandler
</UL>
<BR>[Address Reference Count : 1]<UL><LI> startup_stm32h503xx.o(RESET)
</UL>
<P><STRONG><a name="[c4]"></a>HAL_DMAEx_List_BuildNode</STRONG> (Thumb, 372 bytes, Stack size 16 bytes, stm32h5xx_hal_dma_ex.o(.text.HAL_DMAEx_List_BuildNode))
<BR><BR>[Stack]<UL><LI>Max Depth = 16<LI>Call Chain = HAL_DMAEx_List_BuildNode
</UL>
<BR>[Called By]<UL><LI><a href="#[bd]">&gt;&gt;</a>&nbsp;&nbsp;&nbsp;HAL_UART_MspInit
</UL>

<P><STRONG><a name="[7f]"></a>HAL_DMAEx_List_Init</STRONG> (Thumb, 226 bytes, Stack size 16 bytes, stm32h5xx_hal_dma_ex.o(.text.HAL_DMAEx_List_Init))
<BR><BR>[Stack]<UL><LI>Max Depth = 16<LI>Call Chain = HAL_DMAEx_List_Init
</UL>
<BR>[Calls]<UL><LI><a href="#[7d]">&gt;&gt;</a>&nbsp;&nbsp;&nbsp;HAL_GetTick
</UL>
<BR>[Called By]<UL><LI><a href="#[bd]">&gt;&gt;</a>&nbsp;&nbsp;&nbsp;HAL_UART_MspInit
</UL>

<P><STRONG><a name="[80]"></a>HAL_DMAEx_List_InsertNode</STRONG> (Thumb, 298 bytes, Stack size 48 bytes, stm32h5xx_hal_dma_ex.o(.text.HAL_DMAEx_List_InsertNode))
<BR><BR>[Stack]<UL><LI>Max Depth = 76<LI>Call Chain = HAL_DMAEx_List_InsertNode &rArr; DMA_List_FindNode
</UL>
<BR>[Calls]<UL><LI><a href="#[81]">&gt;&gt;</a>&nbsp;&nbsp;&nbsp;DMA_List_FindNode
</UL>
<BR>[Called By]<UL><LI><a href="#[bd]">&gt;&gt;</a>&nbsp;&nbsp;&nbsp;HAL_UART_MspInit
</UL>

<P><STRONG><a name="[c6]"></a>HAL_DMAEx_List_LinkQ</STRONG> (Thumb, 166 bytes, Stack size 0 bytes, stm32h5xx_hal_dma_ex.o(.text.HAL_DMAEx_List_LinkQ))
<BR><BR>[Called By]<UL><LI><a href="#[bd]">&gt;&gt;</a>&nbsp;&nbsp;&nbsp;HAL_UART_MspInit
</UL>

<P><STRONG><a name="[c5]"></a>HAL_DMAEx_List_SetCircularMode</STRONG> (Thumb, 278 bytes, Stack size 20 bytes, stm32h5xx_hal_dma_ex.o(.text.HAL_DMAEx_List_SetCircularMode))
<BR><BR>[Stack]<UL><LI>Max Depth = 20<LI>Call Chain = HAL_DMAEx_List_SetCircularMode
</UL>
<BR>[Called By]<UL><LI><a href="#[bd]">&gt;&gt;</a>&nbsp;&nbsp;&nbsp;HAL_UART_MspInit
</UL>

<P><STRONG><a name="[104]"></a>HAL_DMAEx_List_Start_IT</STRONG> (Thumb, 200 bytes, Stack size 8 bytes, stm32h5xx_hal_dma_ex.o(.text.HAL_DMAEx_List_Start_IT))
<BR><BR>[Stack]<UL><LI>Max Depth = 8<LI>Call Chain = HAL_DMAEx_List_Start_IT
</UL>
<BR>[Called By]<UL><LI><a href="#[cc]">&gt;&gt;</a>&nbsp;&nbsp;&nbsp;UART_Start_Receive_DMA
</UL>

<P><STRONG><a name="[82]"></a>HAL_DMA_Abort</STRONG> (Thumb, 168 bytes, Stack size 16 bytes, stm32h5xx_hal_dma.o(.text.HAL_DMA_Abort))
<BR><BR>[Stack]<UL><LI>Max Depth = 16<LI>Call Chain = HAL_DMA_Abort
</UL>
<BR>[Calls]<UL><LI><a href="#[7d]">&gt;&gt;</a>&nbsp;&nbsp;&nbsp;HAL_GetTick
</UL>
<BR>[Called By]<UL><LI><a href="#[b0]">&gt;&gt;</a>&nbsp;&nbsp;&nbsp;HAL_UART_DMAStop
<LI><a href="#[b4]">&gt;&gt;</a>&nbsp;&nbsp;&nbsp;HAL_UART_IRQHandler
</UL>

<P><STRONG><a name="[ba]"></a>HAL_DMA_Abort_IT</STRONG> (Thumb, 40 bytes, Stack size 0 bytes, stm32h5xx_hal_dma.o(.text.HAL_DMA_Abort_IT))
<BR><BR>[Called By]<UL><LI><a href="#[b4]">&gt;&gt;</a>&nbsp;&nbsp;&nbsp;HAL_UART_IRQHandler
</UL>

<P><STRONG><a name="[c7]"></a>HAL_DMA_ConfigChannelAttributes</STRONG> (Thumb, 58 bytes, Stack size 0 bytes, stm32h5xx_hal_dma.o(.text.HAL_DMA_ConfigChannelAttributes))
<BR><BR>[Called By]<UL><LI><a href="#[bd]">&gt;&gt;</a>&nbsp;&nbsp;&nbsp;HAL_UART_MspInit
</UL>

<P><STRONG><a name="[83]"></a>HAL_DMA_DeInit</STRONG> (Thumb, 222 bytes, Stack size 16 bytes, stm32h5xx_hal_dma.o(.text.HAL_DMA_DeInit))
<BR><BR>[Stack]<UL><LI>Max Depth = 16<LI>Call Chain = HAL_DMA_DeInit
</UL>
<BR>[Calls]<UL><LI><a href="#[7d]">&gt;&gt;</a>&nbsp;&nbsp;&nbsp;HAL_GetTick
</UL>
<BR>[Called By]<UL><LI><a href="#[b3]">&gt;&gt;</a>&nbsp;&nbsp;&nbsp;HAL_UART_MspDeInit
</UL>

<P><STRONG><a name="[b1]"></a>HAL_DMA_GetError</STRONG> (Thumb, 4 bytes, Stack size 0 bytes, stm32h5xx_hal_dma.o(.text.HAL_DMA_GetError))
<BR><BR>[Called By]<UL><LI><a href="#[b0]">&gt;&gt;</a>&nbsp;&nbsp;&nbsp;HAL_UART_DMAStop
</UL>

<P><STRONG><a name="[7e]"></a>HAL_DMA_IRQHandler</STRONG> (Thumb, 424 bytes, Stack size 8 bytes, stm32h5xx_hal_dma.o(.text.HAL_DMA_IRQHandler))
<BR><BR>[Stack]<UL><LI>Max Depth = 8<LI>Call Chain = HAL_DMA_IRQHandler
</UL>
<BR>[Called By]<UL><LI><a href="#[23]">&gt;&gt;</a>&nbsp;&nbsp;&nbsp;GPDMA1_Channel0_IRQHandler
</UL>

<P><STRONG><a name="[103]"></a>HAL_DMA_Start_IT</STRONG> (Thumb, 166 bytes, Stack size 8 bytes, stm32h5xx_hal_dma.o(.text.HAL_DMA_Start_IT))
<BR><BR>[Stack]<UL><LI>Max Depth = 8<LI>Call Chain = HAL_DMA_Start_IT
</UL>
<BR>[Called By]<UL><LI><a href="#[cc]">&gt;&gt;</a>&nbsp;&nbsp;&nbsp;UART_Start_Receive_DMA
</UL>

<P><STRONG><a name="[84]"></a>HAL_Delay</STRONG> (Thumb, 40 bytes, Stack size 16 bytes, stm32h5xx_hal.o(.text.HAL_Delay))
<BR><BR>[Stack]<UL><LI>Max Depth = 16<LI>Call Chain = HAL_Delay
</UL>
<BR>[Calls]<UL><LI><a href="#[7d]">&gt;&gt;</a>&nbsp;&nbsp;&nbsp;HAL_GetTick
</UL>
<BR>[Called By]<UL><LI><a href="#[59]">&gt;&gt;</a>&nbsp;&nbsp;&nbsp;main
<LI><a href="#[63]">&gt;&gt;</a>&nbsp;&nbsp;&nbsp;delay_1ms
<LI><a href="#[106]">&gt;&gt;</a>&nbsp;&nbsp;&nbsp;cargoLift_ObjectDetection
<LI><a href="#[f6]">&gt;&gt;</a>&nbsp;&nbsp;&nbsp;ObjectDetection
</UL>

<P><STRONG><a name="[85]"></a>HAL_FLASHEx_Erase</STRONG> (Thumb, 300 bytes, Stack size 40 bytes, stm32h5xx_hal_flash_ex.o(.text.HAL_FLASHEx_Erase))
<BR><BR>[Stack]<UL><LI>Max Depth = 56<LI>Call Chain = HAL_FLASHEx_Erase &rArr; FLASH_WaitForLastOperation
</UL>
<BR>[Calls]<UL><LI><a href="#[7c]">&gt;&gt;</a>&nbsp;&nbsp;&nbsp;FLASH_WaitForLastOperation
</UL>
<BR>[Called By]<UL><LI><a href="#[119]">&gt;&gt;</a>&nbsp;&nbsp;&nbsp;stmflash_write
</UL>

<P><STRONG><a name="[11c]"></a>HAL_FLASH_Lock</STRONG> (Thumb, 26 bytes, Stack size 0 bytes, stm32h5xx_hal_flash.o(.text.HAL_FLASH_Lock))
<BR><BR>[Called By]<UL><LI><a href="#[119]">&gt;&gt;</a>&nbsp;&nbsp;&nbsp;stmflash_write
</UL>

<P><STRONG><a name="[86]"></a>HAL_FLASH_Program</STRONG> (Thumb, 288 bytes, Stack size 32 bytes, stm32h5xx_hal_flash.o(.text.HAL_FLASH_Program))
<BR><BR>[Stack]<UL><LI>Max Depth = 32<LI>Call Chain = HAL_FLASH_Program
</UL>
<BR>[Calls]<UL><LI><a href="#[7d]">&gt;&gt;</a>&nbsp;&nbsp;&nbsp;HAL_GetTick
</UL>
<BR>[Called By]<UL><LI><a href="#[119]">&gt;&gt;</a>&nbsp;&nbsp;&nbsp;stmflash_write
</UL>

<P><STRONG><a name="[11b]"></a>HAL_FLASH_Unlock</STRONG> (Thumb, 46 bytes, Stack size 0 bytes, stm32h5xx_hal_flash.o(.text.HAL_FLASH_Unlock))
<BR><BR>[Called By]<UL><LI><a href="#[119]">&gt;&gt;</a>&nbsp;&nbsp;&nbsp;stmflash_write
</UL>

<P><STRONG><a name="[c1]"></a>HAL_GPIO_DeInit</STRONG> (Thumb, 260 bytes, Stack size 44 bytes, stm32h5xx_hal_gpio.o(.text.HAL_GPIO_DeInit))
<BR><BR>[Stack]<UL><LI>Max Depth = 44<LI>Call Chain = HAL_GPIO_DeInit
</UL>
<BR>[Called By]<UL><LI><a href="#[b3]">&gt;&gt;</a>&nbsp;&nbsp;&nbsp;HAL_UART_MspDeInit
</UL>

<P><STRONG><a name="[92]"></a>HAL_GPIO_Init</STRONG> (Thumb, 410 bytes, Stack size 48 bytes, stm32h5xx_hal_gpio.o(.text.HAL_GPIO_Init))
<BR><BR>[Stack]<UL><LI>Max Depth = 48<LI>Call Chain = HAL_GPIO_Init
</UL>
<BR>[Called By]<UL><LI><a href="#[bd]">&gt;&gt;</a>&nbsp;&nbsp;&nbsp;HAL_UART_MspInit
<LI><a href="#[88]">&gt;&gt;</a>&nbsp;&nbsp;&nbsp;HAL_I2C_MspInit
<LI><a href="#[db]">&gt;&gt;</a>&nbsp;&nbsp;&nbsp;MX_GPIO_DTS6012_Init
<LI><a href="#[dc]">&gt;&gt;</a>&nbsp;&nbsp;&nbsp;MX_GPIO_Init
</UL>

<P><STRONG><a name="[115]"></a>HAL_GPIO_ReadPin</STRONG> (Thumb, 10 bytes, Stack size 0 bytes, stm32h5xx_hal_gpio.o(.text.HAL_GPIO_ReadPin))
<BR><BR>[Called By]<UL><LI><a href="#[110]">&gt;&gt;</a>&nbsp;&nbsp;&nbsp;normalWork
<LI><a href="#[fb]">&gt;&gt;</a>&nbsp;&nbsp;&nbsp;testInX
</UL>

<P><STRONG><a name="[108]"></a>HAL_GPIO_TogglePin</STRONG> (Thumb, 16 bytes, Stack size 0 bytes, stm32h5xx_hal_gpio.o(.text.HAL_GPIO_TogglePin))
<BR><BR>[Called By]<UL><LI><a href="#[107]">&gt;&gt;</a>&nbsp;&nbsp;&nbsp;cargoLift_sensor_action_control
<LI><a href="#[111]">&gt;&gt;</a>&nbsp;&nbsp;&nbsp;sensor_action_control
</UL>

<P><STRONG><a name="[d1]"></a>HAL_GPIO_WritePin</STRONG> (Thumb, 12 bytes, Stack size 0 bytes, stm32h5xx_hal_gpio.o(.text.HAL_GPIO_WritePin))
<BR><BR>[Called By]<UL><LI><a href="#[110]">&gt;&gt;</a>&nbsp;&nbsp;&nbsp;normalWork
<LI><a href="#[db]">&gt;&gt;</a>&nbsp;&nbsp;&nbsp;MX_GPIO_DTS6012_Init
<LI><a href="#[dc]">&gt;&gt;</a>&nbsp;&nbsp;&nbsp;MX_GPIO_Init
<LI><a href="#[59]">&gt;&gt;</a>&nbsp;&nbsp;&nbsp;main
<LI><a href="#[b6]">&gt;&gt;</a>&nbsp;&nbsp;&nbsp;HAL_UART_TxCpltCallback
<LI><a href="#[fa]">&gt;&gt;</a>&nbsp;&nbsp;&nbsp;testIO
<LI><a href="#[d2]">&gt;&gt;</a>&nbsp;&nbsp;&nbsp;ProcessElevatorData
<LI><a href="#[d0]">&gt;&gt;</a>&nbsp;&nbsp;&nbsp;ProcessGHPTooling
<LI><a href="#[cf]">&gt;&gt;</a>&nbsp;&nbsp;&nbsp;HAL_UART_RxCpltCallback
<LI><a href="#[fd]">&gt;&gt;</a>&nbsp;&nbsp;&nbsp;RS485_Elevator_Init
<LI><a href="#[d9]">&gt;&gt;</a>&nbsp;&nbsp;&nbsp;HandleParamWrite
<LI><a href="#[d7]">&gt;&gt;</a>&nbsp;&nbsp;&nbsp;HandleHeartbeat
<LI><a href="#[d8]">&gt;&gt;</a>&nbsp;&nbsp;&nbsp;HandleParamRead
<LI><a href="#[d5]">&gt;&gt;</a>&nbsp;&nbsp;&nbsp;HandleControl
<LI><a href="#[d6]">&gt;&gt;</a>&nbsp;&nbsp;&nbsp;HandleHandshake
<LI><a href="#[0]">&gt;&gt;</a>&nbsp;&nbsp;&nbsp;set_xshut_pin_level
<LI><a href="#[107]">&gt;&gt;</a>&nbsp;&nbsp;&nbsp;cargoLift_sensor_action_control
<LI><a href="#[111]">&gt;&gt;</a>&nbsp;&nbsp;&nbsp;sensor_action_control
<LI><a href="#[106]">&gt;&gt;</a>&nbsp;&nbsp;&nbsp;cargoLift_ObjectDetection
<LI><a href="#[f6]">&gt;&gt;</a>&nbsp;&nbsp;&nbsp;ObjectDetection
</UL>

<P><STRONG><a name="[7d]"></a>HAL_GetTick</STRONG> (Thumb, 12 bytes, Stack size 0 bytes, stm32h5xx_hal.o(.text.HAL_GetTick))
<BR><BR>[Called By]<UL><LI><a href="#[7c]">&gt;&gt;</a>&nbsp;&nbsp;&nbsp;FLASH_WaitForLastOperation
<LI><a href="#[a8]">&gt;&gt;</a>&nbsp;&nbsp;&nbsp;RCCEx_PLL2_Config
<LI><a href="#[82]">&gt;&gt;</a>&nbsp;&nbsp;&nbsp;HAL_DMA_Abort
<LI><a href="#[83]">&gt;&gt;</a>&nbsp;&nbsp;&nbsp;HAL_DMA_DeInit
<LI><a href="#[7f]">&gt;&gt;</a>&nbsp;&nbsp;&nbsp;HAL_DMAEx_List_Init
<LI><a href="#[ab]">&gt;&gt;</a>&nbsp;&nbsp;&nbsp;HAL_RTC_Init
<LI><a href="#[94]">&gt;&gt;</a>&nbsp;&nbsp;&nbsp;HAL_IWDG_Init
<LI><a href="#[90]">&gt;&gt;</a>&nbsp;&nbsp;&nbsp;HAL_RCCEx_PeriphCLKConfig
<LI><a href="#[a9]">&gt;&gt;</a>&nbsp;&nbsp;&nbsp;HAL_RCC_ClockConfig
<LI><a href="#[aa]">&gt;&gt;</a>&nbsp;&nbsp;&nbsp;HAL_RCC_OscConfig
<LI><a href="#[c9]">&gt;&gt;</a>&nbsp;&nbsp;&nbsp;HAL_UART_Receive
<LI><a href="#[86]">&gt;&gt;</a>&nbsp;&nbsp;&nbsp;HAL_FLASH_Program
<LI><a href="#[93]">&gt;&gt;</a>&nbsp;&nbsp;&nbsp;HAL_ICACHE_Disable
<LI><a href="#[84]">&gt;&gt;</a>&nbsp;&nbsp;&nbsp;HAL_Delay
<LI><a href="#[d4]">&gt;&gt;</a>&nbsp;&nbsp;&nbsp;HAL_UART_Transmit
<LI><a href="#[ca]">&gt;&gt;</a>&nbsp;&nbsp;&nbsp;UART_WaitOnFlagUntilTimeout
<LI><a href="#[c0]">&gt;&gt;</a>&nbsp;&nbsp;&nbsp;UART_CheckIdleState
<LI><a href="#[ad]">&gt;&gt;</a>&nbsp;&nbsp;&nbsp;RTC_ExitInitMode
<LI><a href="#[89]">&gt;&gt;</a>&nbsp;&nbsp;&nbsp;HAL_I2C_Mem_Read
<LI><a href="#[8e]">&gt;&gt;</a>&nbsp;&nbsp;&nbsp;HAL_I2C_Mem_Write
<LI><a href="#[8d]">&gt;&gt;</a>&nbsp;&nbsp;&nbsp;I2C_WaitOnSTOPFlagUntilTimeout
<LI><a href="#[8b]">&gt;&gt;</a>&nbsp;&nbsp;&nbsp;I2C_WaitOnFlagUntilTimeout
<LI><a href="#[8a]">&gt;&gt;</a>&nbsp;&nbsp;&nbsp;I2C_WaitOnTXISFlagUntilTimeout
<LI><a href="#[8c]">&gt;&gt;</a>&nbsp;&nbsp;&nbsp;I2C_IsErrorOccurred
</UL>

<P><STRONG><a name="[de]"></a>HAL_I2CEx_ConfigAnalogFilter</STRONG> (Thumb, 74 bytes, Stack size 0 bytes, stm32h5xx_hal_i2c_ex.o(.text.HAL_I2CEx_ConfigAnalogFilter))
<BR><BR>[Called By]<UL><LI><a href="#[dd]">&gt;&gt;</a>&nbsp;&nbsp;&nbsp;MX_I2C1_Init
</UL>

<P><STRONG><a name="[df]"></a>HAL_I2CEx_ConfigDigitalFilter</STRONG> (Thumb, 72 bytes, Stack size 0 bytes, stm32h5xx_hal_i2c_ex.o(.text.HAL_I2CEx_ConfigDigitalFilter))
<BR><BR>[Called By]<UL><LI><a href="#[dd]">&gt;&gt;</a>&nbsp;&nbsp;&nbsp;MX_I2C1_Init
</UL>

<P><STRONG><a name="[87]"></a>HAL_I2C_Init</STRONG> (Thumb, 174 bytes, Stack size 8 bytes, stm32h5xx_hal_i2c.o(.text.HAL_I2C_Init))
<BR><BR>[Stack]<UL><LI>Max Depth = 240<LI>Call Chain = HAL_I2C_Init &rArr; HAL_I2C_MspInit &rArr; HAL_RCCEx_PeriphCLKConfig &rArr; RCCEx_PLL2_Config
</UL>
<BR>[Calls]<UL><LI><a href="#[88]">&gt;&gt;</a>&nbsp;&nbsp;&nbsp;HAL_I2C_MspInit
</UL>
<BR>[Called By]<UL><LI><a href="#[dd]">&gt;&gt;</a>&nbsp;&nbsp;&nbsp;MX_I2C1_Init
</UL>

<P><STRONG><a name="[89]"></a>HAL_I2C_Mem_Read</STRONG> (Thumb, 572 bytes, Stack size 40 bytes, stm32h5xx_hal_i2c.o(.text.HAL_I2C_Mem_Read))
<BR><BR>[Stack]<UL><LI>Max Depth = 80<LI>Call Chain = HAL_I2C_Mem_Read &rArr; I2C_WaitOnFlagUntilTimeout &rArr; I2C_IsErrorOccurred
</UL>
<BR>[Calls]<UL><LI><a href="#[7d]">&gt;&gt;</a>&nbsp;&nbsp;&nbsp;HAL_GetTick
<LI><a href="#[8d]">&gt;&gt;</a>&nbsp;&nbsp;&nbsp;I2C_WaitOnSTOPFlagUntilTimeout
<LI><a href="#[8b]">&gt;&gt;</a>&nbsp;&nbsp;&nbsp;I2C_WaitOnFlagUntilTimeout
<LI><a href="#[8a]">&gt;&gt;</a>&nbsp;&nbsp;&nbsp;I2C_WaitOnTXISFlagUntilTimeout
<LI><a href="#[8c]">&gt;&gt;</a>&nbsp;&nbsp;&nbsp;I2C_IsErrorOccurred
</UL>
<BR>[Called By]<UL><LI><a href="#[62]">&gt;&gt;</a>&nbsp;&nbsp;&nbsp;i2c_read_nbytes
</UL>

<P><STRONG><a name="[8e]"></a>HAL_I2C_Mem_Write</STRONG> (Thumb, 568 bytes, Stack size 40 bytes, stm32h5xx_hal_i2c.o(.text.HAL_I2C_Mem_Write))
<BR><BR>[Stack]<UL><LI>Max Depth = 80<LI>Call Chain = HAL_I2C_Mem_Write &rArr; I2C_WaitOnFlagUntilTimeout &rArr; I2C_IsErrorOccurred
</UL>
<BR>[Calls]<UL><LI><a href="#[7d]">&gt;&gt;</a>&nbsp;&nbsp;&nbsp;HAL_GetTick
<LI><a href="#[8d]">&gt;&gt;</a>&nbsp;&nbsp;&nbsp;I2C_WaitOnSTOPFlagUntilTimeout
<LI><a href="#[8b]">&gt;&gt;</a>&nbsp;&nbsp;&nbsp;I2C_WaitOnFlagUntilTimeout
<LI><a href="#[8a]">&gt;&gt;</a>&nbsp;&nbsp;&nbsp;I2C_WaitOnTXISFlagUntilTimeout
<LI><a href="#[8c]">&gt;&gt;</a>&nbsp;&nbsp;&nbsp;I2C_IsErrorOccurred
</UL>
<BR>[Called By]<UL><LI><a href="#[61]">&gt;&gt;</a>&nbsp;&nbsp;&nbsp;i2c_write_nbytes
</UL>

<P><STRONG><a name="[88]"></a>HAL_I2C_MspInit</STRONG> (Thumb, 150 bytes, Stack size 184 bytes, i2c.o(.text.HAL_I2C_MspInit))
<BR><BR>[Stack]<UL><LI>Max Depth = 232<LI>Call Chain = HAL_I2C_MspInit &rArr; HAL_RCCEx_PeriphCLKConfig &rArr; RCCEx_PLL2_Config
</UL>
<BR>[Calls]<UL><LI><a href="#[90]">&gt;&gt;</a>&nbsp;&nbsp;&nbsp;HAL_RCCEx_PeriphCLKConfig
<LI><a href="#[92]">&gt;&gt;</a>&nbsp;&nbsp;&nbsp;HAL_GPIO_Init
<LI><a href="#[91]">&gt;&gt;</a>&nbsp;&nbsp;&nbsp;Error_Handler
<LI><a href="#[8f]">&gt;&gt;</a>&nbsp;&nbsp;&nbsp;__aeabi_memclr8
</UL>
<BR>[Called By]<UL><LI><a href="#[87]">&gt;&gt;</a>&nbsp;&nbsp;&nbsp;HAL_I2C_Init
</UL>

<P><STRONG><a name="[e1]"></a>HAL_ICACHE_ConfigAssociativityMode</STRONG> (Thumb, 32 bytes, Stack size 0 bytes, stm32h5xx_hal_icache.o(.text.HAL_ICACHE_ConfigAssociativityMode))
<BR><BR>[Called By]<UL><LI><a href="#[e0]">&gt;&gt;</a>&nbsp;&nbsp;&nbsp;MX_ICACHE_Init
</UL>

<P><STRONG><a name="[93]"></a>HAL_ICACHE_Disable</STRONG> (Thumb, 68 bytes, Stack size 16 bytes, stm32h5xx_hal_icache.o(.text.HAL_ICACHE_Disable))
<BR><BR>[Stack]<UL><LI>Max Depth = 16<LI>Call Chain = HAL_ICACHE_Disable
</UL>
<BR>[Calls]<UL><LI><a href="#[7d]">&gt;&gt;</a>&nbsp;&nbsp;&nbsp;HAL_GetTick
</UL>
<BR>[Called By]<UL><LI><a href="#[119]">&gt;&gt;</a>&nbsp;&nbsp;&nbsp;stmflash_write
</UL>

<P><STRONG><a name="[e2]"></a>HAL_ICACHE_Enable</STRONG> (Thumb, 20 bytes, Stack size 0 bytes, stm32h5xx_hal_icache.o(.text.HAL_ICACHE_Enable))
<BR><BR>[Called By]<UL><LI><a href="#[e0]">&gt;&gt;</a>&nbsp;&nbsp;&nbsp;MX_ICACHE_Init
<LI><a href="#[119]">&gt;&gt;</a>&nbsp;&nbsp;&nbsp;stmflash_write
</UL>

<P><STRONG><a name="[94]"></a>HAL_IWDG_Init</STRONG> (Thumb, 160 bytes, Stack size 16 bytes, stm32h5xx_hal_iwdg.o(.text.HAL_IWDG_Init))
<BR><BR>[Stack]<UL><LI>Max Depth = 16<LI>Call Chain = HAL_IWDG_Init
</UL>
<BR>[Calls]<UL><LI><a href="#[7d]">&gt;&gt;</a>&nbsp;&nbsp;&nbsp;HAL_GetTick
<LI><a href="#[95]">&gt;&gt;</a>&nbsp;&nbsp;&nbsp;HAL_IWDG_MspInit
</UL>
<BR>[Called By]<UL><LI><a href="#[e3]">&gt;&gt;</a>&nbsp;&nbsp;&nbsp;MX_IWDG_Init
</UL>

<P><STRONG><a name="[95]"></a>HAL_IWDG_MspInit</STRONG> (Thumb, 2 bytes, Stack size 0 bytes, stm32h5xx_hal_iwdg.o(.text.HAL_IWDG_MspInit))
<BR><BR>[Called By]<UL><LI><a href="#[94]">&gt;&gt;</a>&nbsp;&nbsp;&nbsp;HAL_IWDG_Init
</UL>

<P><STRONG><a name="[10f]"></a>HAL_IWDG_Refresh</STRONG> (Thumb, 12 bytes, Stack size 0 bytes, stm32h5xx_hal_iwdg.o(.text.HAL_IWDG_Refresh))
<BR><BR>[Called By]<UL><LI><a href="#[110]">&gt;&gt;</a>&nbsp;&nbsp;&nbsp;normalWork
<LI><a href="#[59]">&gt;&gt;</a>&nbsp;&nbsp;&nbsp;main
</UL>

<P><STRONG><a name="[fe]"></a>HAL_IncTick</STRONG> (Thumb, 26 bytes, Stack size 0 bytes, stm32h5xx_hal.o(.text.HAL_IncTick))
<BR><BR>[Called By]<UL><LI><a href="#[a]">&gt;&gt;</a>&nbsp;&nbsp;&nbsp;SysTick_Handler
</UL>

<P><STRONG><a name="[96]"></a>HAL_Init</STRONG> (Thumb, 76 bytes, Stack size 8 bytes, stm32h5xx_hal.o(.text.HAL_Init))
<BR><BR>[Stack]<UL><LI>Max Depth = 32<LI>Call Chain = HAL_Init &rArr; HAL_InitTick &rArr; HAL_NVIC_SetPriority
</UL>
<BR>[Calls]<UL><LI><a href="#[98]">&gt;&gt;</a>&nbsp;&nbsp;&nbsp;HAL_RCC_GetSysClockFreq
<LI><a href="#[9a]">&gt;&gt;</a>&nbsp;&nbsp;&nbsp;HAL_InitTick
<LI><a href="#[99]">&gt;&gt;</a>&nbsp;&nbsp;&nbsp;HAL_SYSTICK_CLKSourceConfig
<LI><a href="#[97]">&gt;&gt;</a>&nbsp;&nbsp;&nbsp;HAL_NVIC_SetPriorityGrouping
<LI><a href="#[9b]">&gt;&gt;</a>&nbsp;&nbsp;&nbsp;HAL_MspInit
</UL>
<BR>[Called By]<UL><LI><a href="#[59]">&gt;&gt;</a>&nbsp;&nbsp;&nbsp;main
</UL>

<P><STRONG><a name="[9a]"></a>HAL_InitTick</STRONG> (Thumb, 168 bytes, Stack size 16 bytes, stm32h5xx_hal.o(.text.HAL_InitTick))
<BR><BR>[Stack]<UL><LI>Max Depth = 24<LI>Call Chain = HAL_InitTick &rArr; HAL_NVIC_SetPriority
</UL>
<BR>[Calls]<UL><LI><a href="#[9c]">&gt;&gt;</a>&nbsp;&nbsp;&nbsp;HAL_SYSTICK_GetCLKSourceConfig
<LI><a href="#[9d]">&gt;&gt;</a>&nbsp;&nbsp;&nbsp;HAL_SYSTICK_Config
<LI><a href="#[9e]">&gt;&gt;</a>&nbsp;&nbsp;&nbsp;HAL_NVIC_SetPriority
</UL>
<BR>[Called By]<UL><LI><a href="#[a9]">&gt;&gt;</a>&nbsp;&nbsp;&nbsp;HAL_RCC_ClockConfig
<LI><a href="#[aa]">&gt;&gt;</a>&nbsp;&nbsp;&nbsp;HAL_RCC_OscConfig
<LI><a href="#[96]">&gt;&gt;</a>&nbsp;&nbsp;&nbsp;HAL_Init
</UL>

<P><STRONG><a name="[9b]"></a>HAL_MspInit</STRONG> (Thumb, 2 bytes, Stack size 0 bytes, stm32h5xx_hal_msp.o(.text.HAL_MspInit))
<BR><BR>[Called By]<UL><LI><a href="#[96]">&gt;&gt;</a>&nbsp;&nbsp;&nbsp;HAL_Init
</UL>

<P><STRONG><a name="[c2]"></a>HAL_NVIC_DisableIRQ</STRONG> (Thumb, 42 bytes, Stack size 0 bytes, stm32h5xx_hal_cortex.o(.text.HAL_NVIC_DisableIRQ))
<BR><BR>[Called By]<UL><LI><a href="#[b3]">&gt;&gt;</a>&nbsp;&nbsp;&nbsp;HAL_UART_MspDeInit
</UL>

<P><STRONG><a name="[c8]"></a>HAL_NVIC_EnableIRQ</STRONG> (Thumb, 34 bytes, Stack size 0 bytes, stm32h5xx_hal_cortex.o(.text.HAL_NVIC_EnableIRQ))
<BR><BR>[Called By]<UL><LI><a href="#[bd]">&gt;&gt;</a>&nbsp;&nbsp;&nbsp;HAL_UART_MspInit
<LI><a href="#[da]">&gt;&gt;</a>&nbsp;&nbsp;&nbsp;MX_GPDMA1_Init
</UL>

<P><STRONG><a name="[9e]"></a>HAL_NVIC_SetPriority</STRONG> (Thumb, 86 bytes, Stack size 8 bytes, stm32h5xx_hal_cortex.o(.text.HAL_NVIC_SetPriority))
<BR><BR>[Stack]<UL><LI>Max Depth = 8<LI>Call Chain = HAL_NVIC_SetPriority
</UL>
<BR>[Called By]<UL><LI><a href="#[9a]">&gt;&gt;</a>&nbsp;&nbsp;&nbsp;HAL_InitTick
<LI><a href="#[bd]">&gt;&gt;</a>&nbsp;&nbsp;&nbsp;HAL_UART_MspInit
<LI><a href="#[da]">&gt;&gt;</a>&nbsp;&nbsp;&nbsp;MX_GPDMA1_Init
</UL>

<P><STRONG><a name="[97]"></a>HAL_NVIC_SetPriorityGrouping</STRONG> (Thumb, 32 bytes, Stack size 0 bytes, stm32h5xx_hal_cortex.o(.text.HAL_NVIC_SetPriorityGrouping))
<BR><BR>[Called By]<UL><LI><a href="#[96]">&gt;&gt;</a>&nbsp;&nbsp;&nbsp;HAL_Init
</UL>

<P><STRONG><a name="[9f]"></a>HAL_NVIC_SystemReset</STRONG> (Thumb, 4 bytes, Stack size 0 bytes, stm32h5xx_hal_cortex.o(.text.HAL_NVIC_SystemReset))
<BR><BR>[Calls]<UL><LI><a href="#[a0]">&gt;&gt;</a>&nbsp;&nbsp;&nbsp;__NVIC_SystemReset
</UL>
<BR>[Called By]<UL><LI><a href="#[d0]">&gt;&gt;</a>&nbsp;&nbsp;&nbsp;ProcessGHPTooling
</UL>

<P><STRONG><a name="[a6]"></a>HAL_RCCEx_GetPLL1ClockFreq</STRONG> (Thumb, 408 bytes, Stack size 8 bytes, stm32h5xx_hal_rcc_ex.o(.text.HAL_RCCEx_GetPLL1ClockFreq))
<BR><BR>[Stack]<UL><LI>Max Depth = 8<LI>Call Chain = HAL_RCCEx_GetPLL1ClockFreq
</UL>
<BR>[Called By]<UL><LI><a href="#[a1]">&gt;&gt;</a>&nbsp;&nbsp;&nbsp;HAL_RCCEx_GetPeriphCLKFreq
</UL>

<P><STRONG><a name="[a5]"></a>HAL_RCCEx_GetPLL2ClockFreq</STRONG> (Thumb, 408 bytes, Stack size 8 bytes, stm32h5xx_hal_rcc_ex.o(.text.HAL_RCCEx_GetPLL2ClockFreq))
<BR><BR>[Stack]<UL><LI>Max Depth = 8<LI>Call Chain = HAL_RCCEx_GetPLL2ClockFreq
</UL>
<BR>[Called By]<UL><LI><a href="#[a1]">&gt;&gt;</a>&nbsp;&nbsp;&nbsp;HAL_RCCEx_GetPeriphCLKFreq
</UL>

<P><STRONG><a name="[a1]"></a>HAL_RCCEx_GetPeriphCLKFreq</STRONG> (Thumb, 1832 bytes, Stack size 24 bytes, stm32h5xx_hal_rcc_ex.o(.text.HAL_RCCEx_GetPeriphCLKFreq))
<BR><BR>[Stack]<UL><LI>Max Depth = 40<LI>Call Chain = HAL_RCCEx_GetPeriphCLKFreq &rArr; HAL_RCC_GetPCLK3Freq &rArr; HAL_RCC_GetSysClockFreq
</UL>
<BR>[Calls]<UL><LI><a href="#[a5]">&gt;&gt;</a>&nbsp;&nbsp;&nbsp;HAL_RCCEx_GetPLL2ClockFreq
<LI><a href="#[a6]">&gt;&gt;</a>&nbsp;&nbsp;&nbsp;HAL_RCCEx_GetPLL1ClockFreq
<LI><a href="#[a2]">&gt;&gt;</a>&nbsp;&nbsp;&nbsp;HAL_RCC_GetPCLK3Freq
<LI><a href="#[a7]">&gt;&gt;</a>&nbsp;&nbsp;&nbsp;HAL_RCC_GetPCLK2Freq
<LI><a href="#[a3]">&gt;&gt;</a>&nbsp;&nbsp;&nbsp;HAL_RCC_GetPCLK1Freq
<LI><a href="#[a4]">&gt;&gt;</a>&nbsp;&nbsp;&nbsp;HAL_RCC_GetHCLKFreq
<LI><a href="#[98]">&gt;&gt;</a>&nbsp;&nbsp;&nbsp;HAL_RCC_GetSysClockFreq
</UL>
<BR>[Called By]<UL><LI><a href="#[bf]">&gt;&gt;</a>&nbsp;&nbsp;&nbsp;UART_SetConfig
</UL>

<P><STRONG><a name="[90]"></a>HAL_RCCEx_PeriphCLKConfig</STRONG> (Thumb, 1696 bytes, Stack size 32 bytes, stm32h5xx_hal_rcc_ex.o(.text.HAL_RCCEx_PeriphCLKConfig))
<BR><BR>[Stack]<UL><LI>Max Depth = 48<LI>Call Chain = HAL_RCCEx_PeriphCLKConfig &rArr; RCCEx_PLL2_Config
</UL>
<BR>[Calls]<UL><LI><a href="#[a8]">&gt;&gt;</a>&nbsp;&nbsp;&nbsp;RCCEx_PLL2_Config
<LI><a href="#[7d]">&gt;&gt;</a>&nbsp;&nbsp;&nbsp;HAL_GetTick
</UL>
<BR>[Called By]<UL><LI><a href="#[bd]">&gt;&gt;</a>&nbsp;&nbsp;&nbsp;HAL_UART_MspInit
<LI><a href="#[ac]">&gt;&gt;</a>&nbsp;&nbsp;&nbsp;HAL_RTC_MspInit
<LI><a href="#[88]">&gt;&gt;</a>&nbsp;&nbsp;&nbsp;HAL_I2C_MspInit
</UL>

<P><STRONG><a name="[a9]"></a>HAL_RCC_ClockConfig</STRONG> (Thumb, 606 bytes, Stack size 32 bytes, stm32h5xx_hal_rcc.o(.text.HAL_RCC_ClockConfig))
<BR><BR>[Stack]<UL><LI>Max Depth = 56<LI>Call Chain = HAL_RCC_ClockConfig &rArr; HAL_InitTick &rArr; HAL_NVIC_SetPriority
</UL>
<BR>[Calls]<UL><LI><a href="#[98]">&gt;&gt;</a>&nbsp;&nbsp;&nbsp;HAL_RCC_GetSysClockFreq
<LI><a href="#[9a]">&gt;&gt;</a>&nbsp;&nbsp;&nbsp;HAL_InitTick
<LI><a href="#[7d]">&gt;&gt;</a>&nbsp;&nbsp;&nbsp;HAL_GetTick
</UL>
<BR>[Called By]<UL><LI><a href="#[ff]">&gt;&gt;</a>&nbsp;&nbsp;&nbsp;SystemClock_Config
</UL>

<P><STRONG><a name="[a4]"></a>HAL_RCC_GetHCLKFreq</STRONG> (Thumb, 48 bytes, Stack size 8 bytes, stm32h5xx_hal_rcc.o(.text.HAL_RCC_GetHCLKFreq))
<BR><BR>[Stack]<UL><LI>Max Depth = 16<LI>Call Chain = HAL_RCC_GetHCLKFreq &rArr; HAL_RCC_GetSysClockFreq
</UL>
<BR>[Calls]<UL><LI><a href="#[98]">&gt;&gt;</a>&nbsp;&nbsp;&nbsp;HAL_RCC_GetSysClockFreq
</UL>
<BR>[Called By]<UL><LI><a href="#[a1]">&gt;&gt;</a>&nbsp;&nbsp;&nbsp;HAL_RCCEx_GetPeriphCLKFreq
</UL>

<P><STRONG><a name="[a3]"></a>HAL_RCC_GetPCLK1Freq</STRONG> (Thumb, 70 bytes, Stack size 8 bytes, stm32h5xx_hal_rcc.o(.text.HAL_RCC_GetPCLK1Freq))
<BR><BR>[Stack]<UL><LI>Max Depth = 16<LI>Call Chain = HAL_RCC_GetPCLK1Freq &rArr; HAL_RCC_GetSysClockFreq
</UL>
<BR>[Calls]<UL><LI><a href="#[98]">&gt;&gt;</a>&nbsp;&nbsp;&nbsp;HAL_RCC_GetSysClockFreq
</UL>
<BR>[Called By]<UL><LI><a href="#[a1]">&gt;&gt;</a>&nbsp;&nbsp;&nbsp;HAL_RCCEx_GetPeriphCLKFreq
</UL>

<P><STRONG><a name="[a7]"></a>HAL_RCC_GetPCLK2Freq</STRONG> (Thumb, 70 bytes, Stack size 8 bytes, stm32h5xx_hal_rcc.o(.text.HAL_RCC_GetPCLK2Freq))
<BR><BR>[Stack]<UL><LI>Max Depth = 16<LI>Call Chain = HAL_RCC_GetPCLK2Freq &rArr; HAL_RCC_GetSysClockFreq
</UL>
<BR>[Calls]<UL><LI><a href="#[98]">&gt;&gt;</a>&nbsp;&nbsp;&nbsp;HAL_RCC_GetSysClockFreq
</UL>
<BR>[Called By]<UL><LI><a href="#[a1]">&gt;&gt;</a>&nbsp;&nbsp;&nbsp;HAL_RCCEx_GetPeriphCLKFreq
</UL>

<P><STRONG><a name="[a2]"></a>HAL_RCC_GetPCLK3Freq</STRONG> (Thumb, 70 bytes, Stack size 8 bytes, stm32h5xx_hal_rcc.o(.text.HAL_RCC_GetPCLK3Freq))
<BR><BR>[Stack]<UL><LI>Max Depth = 16<LI>Call Chain = HAL_RCC_GetPCLK3Freq &rArr; HAL_RCC_GetSysClockFreq
</UL>
<BR>[Calls]<UL><LI><a href="#[98]">&gt;&gt;</a>&nbsp;&nbsp;&nbsp;HAL_RCC_GetSysClockFreq
</UL>
<BR>[Called By]<UL><LI><a href="#[a1]">&gt;&gt;</a>&nbsp;&nbsp;&nbsp;HAL_RCCEx_GetPeriphCLKFreq
</UL>

<P><STRONG><a name="[98]"></a>HAL_RCC_GetSysClockFreq</STRONG> (Thumb, 284 bytes, Stack size 8 bytes, stm32h5xx_hal_rcc.o(.text.HAL_RCC_GetSysClockFreq))
<BR><BR>[Stack]<UL><LI>Max Depth = 8<LI>Call Chain = HAL_RCC_GetSysClockFreq
</UL>
<BR>[Called By]<UL><LI><a href="#[a1]">&gt;&gt;</a>&nbsp;&nbsp;&nbsp;HAL_RCCEx_GetPeriphCLKFreq
<LI><a href="#[a2]">&gt;&gt;</a>&nbsp;&nbsp;&nbsp;HAL_RCC_GetPCLK3Freq
<LI><a href="#[a7]">&gt;&gt;</a>&nbsp;&nbsp;&nbsp;HAL_RCC_GetPCLK2Freq
<LI><a href="#[a3]">&gt;&gt;</a>&nbsp;&nbsp;&nbsp;HAL_RCC_GetPCLK1Freq
<LI><a href="#[a4]">&gt;&gt;</a>&nbsp;&nbsp;&nbsp;HAL_RCC_GetHCLKFreq
<LI><a href="#[a9]">&gt;&gt;</a>&nbsp;&nbsp;&nbsp;HAL_RCC_ClockConfig
<LI><a href="#[aa]">&gt;&gt;</a>&nbsp;&nbsp;&nbsp;HAL_RCC_OscConfig
<LI><a href="#[96]">&gt;&gt;</a>&nbsp;&nbsp;&nbsp;HAL_Init
</UL>

<P><STRONG><a name="[aa]"></a>HAL_RCC_OscConfig</STRONG> (Thumb, 1602 bytes, Stack size 32 bytes, stm32h5xx_hal_rcc.o(.text.HAL_RCC_OscConfig))
<BR><BR>[Stack]<UL><LI>Max Depth = 56<LI>Call Chain = HAL_RCC_OscConfig &rArr; HAL_InitTick &rArr; HAL_NVIC_SetPriority
</UL>
<BR>[Calls]<UL><LI><a href="#[98]">&gt;&gt;</a>&nbsp;&nbsp;&nbsp;HAL_RCC_GetSysClockFreq
<LI><a href="#[9a]">&gt;&gt;</a>&nbsp;&nbsp;&nbsp;HAL_InitTick
<LI><a href="#[7d]">&gt;&gt;</a>&nbsp;&nbsp;&nbsp;HAL_GetTick
</UL>
<BR>[Called By]<UL><LI><a href="#[ff]">&gt;&gt;</a>&nbsp;&nbsp;&nbsp;SystemClock_Config
</UL>

<P><STRONG><a name="[e5]"></a>HAL_RTCEx_PrivilegeModeSet</STRONG> (Thumb, 58 bytes, Stack size 0 bytes, stm32h5xx_hal_rtc_ex.o(.text.HAL_RTCEx_PrivilegeModeSet))
<BR><BR>[Called By]<UL><LI><a href="#[e4]">&gt;&gt;</a>&nbsp;&nbsp;&nbsp;MX_RTC_Init
</UL>

<P><STRONG><a name="[ab]"></a>HAL_RTC_Init</STRONG> (Thumb, 226 bytes, Stack size 16 bytes, stm32h5xx_hal_rtc.o(.text.HAL_RTC_Init))
<BR><BR>[Stack]<UL><LI>Max Depth = 216<LI>Call Chain = HAL_RTC_Init &rArr; HAL_RTC_MspInit &rArr; HAL_RCCEx_PeriphCLKConfig &rArr; RCCEx_PLL2_Config
</UL>
<BR>[Calls]<UL><LI><a href="#[7d]">&gt;&gt;</a>&nbsp;&nbsp;&nbsp;HAL_GetTick
<LI><a href="#[ac]">&gt;&gt;</a>&nbsp;&nbsp;&nbsp;HAL_RTC_MspInit
<LI><a href="#[ad]">&gt;&gt;</a>&nbsp;&nbsp;&nbsp;RTC_ExitInitMode
</UL>
<BR>[Called By]<UL><LI><a href="#[e4]">&gt;&gt;</a>&nbsp;&nbsp;&nbsp;MX_RTC_Init
</UL>

<P><STRONG><a name="[ac]"></a>HAL_RTC_MspInit</STRONG> (Thumb, 104 bytes, Stack size 152 bytes, rtc.o(.text.HAL_RTC_MspInit))
<BR><BR>[Stack]<UL><LI>Max Depth = 200<LI>Call Chain = HAL_RTC_MspInit &rArr; HAL_RCCEx_PeriphCLKConfig &rArr; RCCEx_PLL2_Config
</UL>
<BR>[Calls]<UL><LI><a href="#[90]">&gt;&gt;</a>&nbsp;&nbsp;&nbsp;HAL_RCCEx_PeriphCLKConfig
<LI><a href="#[91]">&gt;&gt;</a>&nbsp;&nbsp;&nbsp;Error_Handler
<LI><a href="#[8f]">&gt;&gt;</a>&nbsp;&nbsp;&nbsp;__aeabi_memclr8
</UL>
<BR>[Called By]<UL><LI><a href="#[ab]">&gt;&gt;</a>&nbsp;&nbsp;&nbsp;HAL_RTC_Init
</UL>

<P><STRONG><a name="[99]"></a>HAL_SYSTICK_CLKSourceConfig</STRONG> (Thumb, 118 bytes, Stack size 0 bytes, stm32h5xx_hal_cortex.o(.text.HAL_SYSTICK_CLKSourceConfig))
<BR><BR>[Called By]<UL><LI><a href="#[96]">&gt;&gt;</a>&nbsp;&nbsp;&nbsp;HAL_Init
</UL>

<P><STRONG><a name="[af]"></a>HAL_SYSTICK_Callback</STRONG> (Thumb, 128 bytes, Stack size 8 bytes, platform.o(.text.HAL_SYSTICK_Callback))
<BR><BR>[Stack]<UL><LI>Max Depth = 8<LI>Call Chain = HAL_SYSTICK_Callback
</UL>
<BR>[Called By]<UL><LI><a href="#[ae]">&gt;&gt;</a>&nbsp;&nbsp;&nbsp;HAL_SYSTICK_IRQHandler
</UL>

<P><STRONG><a name="[9d]"></a>HAL_SYSTICK_Config</STRONG> (Thumb, 36 bytes, Stack size 0 bytes, stm32h5xx_hal_cortex.o(.text.HAL_SYSTICK_Config))
<BR><BR>[Called By]<UL><LI><a href="#[9a]">&gt;&gt;</a>&nbsp;&nbsp;&nbsp;HAL_InitTick
</UL>

<P><STRONG><a name="[9c]"></a>HAL_SYSTICK_GetCLKSourceConfig</STRONG> (Thumb, 40 bytes, Stack size 0 bytes, stm32h5xx_hal_cortex.o(.text.HAL_SYSTICK_GetCLKSourceConfig))
<BR><BR>[Called By]<UL><LI><a href="#[9a]">&gt;&gt;</a>&nbsp;&nbsp;&nbsp;HAL_InitTick
</UL>

<P><STRONG><a name="[ae]"></a>HAL_SYSTICK_IRQHandler</STRONG> (Thumb, 4 bytes, Stack size 0 bytes, stm32h5xx_hal_cortex.o(.text.HAL_SYSTICK_IRQHandler))
<BR><BR>[Stack]<UL><LI>Max Depth = 8<LI>Call Chain = HAL_SYSTICK_IRQHandler &rArr; HAL_SYSTICK_Callback
</UL>
<BR>[Calls]<UL><LI><a href="#[af]">&gt;&gt;</a>&nbsp;&nbsp;&nbsp;HAL_SYSTICK_Callback
</UL>
<BR>[Called By]<UL><LI><a href="#[a]">&gt;&gt;</a>&nbsp;&nbsp;&nbsp;SysTick_Handler
</UL>

<P><STRONG><a name="[e9]"></a>HAL_UARTEx_DisableFifoMode</STRONG> (Thumb, 54 bytes, Stack size 0 bytes, stm32h5xx_hal_uart_ex.o(.text.HAL_UARTEx_DisableFifoMode))
<BR><BR>[Called By]<UL><LI><a href="#[e6]">&gt;&gt;</a>&nbsp;&nbsp;&nbsp;MX_USART1_UART_Init
<LI><a href="#[eb]">&gt;&gt;</a>&nbsp;&nbsp;&nbsp;MX_USART3_UART_Init
<LI><a href="#[ea]">&gt;&gt;</a>&nbsp;&nbsp;&nbsp;MX_USART2_UART_Init
<LI><a href="#[100]">&gt;&gt;</a>&nbsp;&nbsp;&nbsp;TOOLING_USART1_UART_Init
<LI><a href="#[101]">&gt;&gt;</a>&nbsp;&nbsp;&nbsp;TOOLING_USART2_UART_Init
</UL>

<P><STRONG><a name="[b7]"></a>HAL_UARTEx_RxEventCallback</STRONG> (Thumb, 2 bytes, Stack size 0 bytes, stm32h5xx_hal_uart.o(.text.HAL_UARTEx_RxEventCallback))
<BR><BR>[Called By]<UL><LI><a href="#[b4]">&gt;&gt;</a>&nbsp;&nbsp;&nbsp;HAL_UART_IRQHandler
<LI><a href="#[69]">&gt;&gt;</a>&nbsp;&nbsp;&nbsp;UART_DMARxHalfCplt
<LI><a href="#[68]">&gt;&gt;</a>&nbsp;&nbsp;&nbsp;UART_DMAReceiveCplt
<LI><a href="#[6c]">&gt;&gt;</a>&nbsp;&nbsp;&nbsp;UART_RxISR_16BIT_FIFOEN
<LI><a href="#[66]">&gt;&gt;</a>&nbsp;&nbsp;&nbsp;UART_RxISR_16BIT
<LI><a href="#[6b]">&gt;&gt;</a>&nbsp;&nbsp;&nbsp;UART_RxISR_8BIT_FIFOEN
<LI><a href="#[67]">&gt;&gt;</a>&nbsp;&nbsp;&nbsp;UART_RxISR_8BIT
</UL>

<P><STRONG><a name="[bb]"></a>HAL_UARTEx_RxFifoFullCallback</STRONG> (Thumb, 2 bytes, Stack size 0 bytes, stm32h5xx_hal_uart_ex.o(.text.HAL_UARTEx_RxFifoFullCallback))
<BR><BR>[Called By]<UL><LI><a href="#[b4]">&gt;&gt;</a>&nbsp;&nbsp;&nbsp;HAL_UART_IRQHandler
</UL>

<P><STRONG><a name="[e8]"></a>HAL_UARTEx_SetRxFifoThreshold</STRONG> (Thumb, 140 bytes, Stack size 16 bytes, stm32h5xx_hal_uart_ex.o(.text.HAL_UARTEx_SetRxFifoThreshold))
<BR><BR>[Stack]<UL><LI>Max Depth = 16<LI>Call Chain = HAL_UARTEx_SetRxFifoThreshold
</UL>
<BR>[Called By]<UL><LI><a href="#[e6]">&gt;&gt;</a>&nbsp;&nbsp;&nbsp;MX_USART1_UART_Init
<LI><a href="#[eb]">&gt;&gt;</a>&nbsp;&nbsp;&nbsp;MX_USART3_UART_Init
<LI><a href="#[ea]">&gt;&gt;</a>&nbsp;&nbsp;&nbsp;MX_USART2_UART_Init
<LI><a href="#[100]">&gt;&gt;</a>&nbsp;&nbsp;&nbsp;TOOLING_USART1_UART_Init
<LI><a href="#[101]">&gt;&gt;</a>&nbsp;&nbsp;&nbsp;TOOLING_USART2_UART_Init
</UL>

<P><STRONG><a name="[e7]"></a>HAL_UARTEx_SetTxFifoThreshold</STRONG> (Thumb, 140 bytes, Stack size 16 bytes, stm32h5xx_hal_uart_ex.o(.text.HAL_UARTEx_SetTxFifoThreshold))
<BR><BR>[Stack]<UL><LI>Max Depth = 16<LI>Call Chain = HAL_UARTEx_SetTxFifoThreshold
</UL>
<BR>[Called By]<UL><LI><a href="#[e6]">&gt;&gt;</a>&nbsp;&nbsp;&nbsp;MX_USART1_UART_Init
<LI><a href="#[eb]">&gt;&gt;</a>&nbsp;&nbsp;&nbsp;MX_USART3_UART_Init
<LI><a href="#[ea]">&gt;&gt;</a>&nbsp;&nbsp;&nbsp;MX_USART2_UART_Init
<LI><a href="#[100]">&gt;&gt;</a>&nbsp;&nbsp;&nbsp;TOOLING_USART1_UART_Init
<LI><a href="#[101]">&gt;&gt;</a>&nbsp;&nbsp;&nbsp;TOOLING_USART2_UART_Init
</UL>

<P><STRONG><a name="[b8]"></a>HAL_UARTEx_TxFifoEmptyCallback</STRONG> (Thumb, 2 bytes, Stack size 0 bytes, stm32h5xx_hal_uart_ex.o(.text.HAL_UARTEx_TxFifoEmptyCallback))
<BR><BR>[Called By]<UL><LI><a href="#[b4]">&gt;&gt;</a>&nbsp;&nbsp;&nbsp;HAL_UART_IRQHandler
</UL>

<P><STRONG><a name="[b5]"></a>HAL_UARTEx_WakeupCallback</STRONG> (Thumb, 2 bytes, Stack size 0 bytes, stm32h5xx_hal_uart_ex.o(.text.HAL_UARTEx_WakeupCallback))
<BR><BR>[Called By]<UL><LI><a href="#[b4]">&gt;&gt;</a>&nbsp;&nbsp;&nbsp;HAL_UART_IRQHandler
</UL>

<P><STRONG><a name="[b0]"></a>HAL_UART_DMAStop</STRONG> (Thumb, 652 bytes, Stack size 16 bytes, stm32h5xx_hal_uart.o(.text.HAL_UART_DMAStop))
<BR><BR>[Stack]<UL><LI>Max Depth = 32<LI>Call Chain = HAL_UART_DMAStop &rArr; HAL_DMA_Abort
</UL>
<BR>[Calls]<UL><LI><a href="#[b1]">&gt;&gt;</a>&nbsp;&nbsp;&nbsp;HAL_DMA_GetError
<LI><a href="#[82]">&gt;&gt;</a>&nbsp;&nbsp;&nbsp;HAL_DMA_Abort
</UL>
<BR>[Called By]<UL><LI><a href="#[41]">&gt;&gt;</a>&nbsp;&nbsp;&nbsp;USART3_IRQHandler
</UL>

<P><STRONG><a name="[b2]"></a>HAL_UART_DeInit</STRONG> (Thumb, 64 bytes, Stack size 8 bytes, stm32h5xx_hal_uart.o(.text.HAL_UART_DeInit))
<BR><BR>[Stack]<UL><LI>Max Depth = 60<LI>Call Chain = HAL_UART_DeInit &rArr; HAL_UART_MspDeInit &rArr; HAL_GPIO_DeInit
</UL>
<BR>[Calls]<UL><LI><a href="#[b3]">&gt;&gt;</a>&nbsp;&nbsp;&nbsp;HAL_UART_MspDeInit
</UL>
<BR>[Called By]<UL><LI><a href="#[59]">&gt;&gt;</a>&nbsp;&nbsp;&nbsp;main
</UL>

<P><STRONG><a name="[b9]"></a>HAL_UART_ErrorCallback</STRONG> (Thumb, 2 bytes, Stack size 0 bytes, stm32h5xx_hal_uart.o(.text.HAL_UART_ErrorCallback))
<BR><BR>[Called By]<UL><LI><a href="#[b4]">&gt;&gt;</a>&nbsp;&nbsp;&nbsp;HAL_UART_IRQHandler
<LI><a href="#[5c]">&gt;&gt;</a>&nbsp;&nbsp;&nbsp;UART_DMAAbortOnError
<LI><a href="#[6a]">&gt;&gt;</a>&nbsp;&nbsp;&nbsp;UART_DMAError
<LI><a href="#[6c]">&gt;&gt;</a>&nbsp;&nbsp;&nbsp;UART_RxISR_16BIT_FIFOEN
<LI><a href="#[6b]">&gt;&gt;</a>&nbsp;&nbsp;&nbsp;UART_RxISR_8BIT_FIFOEN
</UL>

<P><STRONG><a name="[b4]"></a>HAL_UART_IRQHandler</STRONG> (Thumb, 1462 bytes, Stack size 16 bytes, stm32h5xx_hal_uart.o(.text.HAL_UART_IRQHandler))
<BR><BR>[Stack]<UL><LI>Max Depth = 32<LI>Call Chain = HAL_UART_IRQHandler &rArr; HAL_DMA_Abort
</UL>
<BR>[Calls]<UL><LI><a href="#[ba]">&gt;&gt;</a>&nbsp;&nbsp;&nbsp;HAL_DMA_Abort_IT
<LI><a href="#[82]">&gt;&gt;</a>&nbsp;&nbsp;&nbsp;HAL_DMA_Abort
<LI><a href="#[b6]">&gt;&gt;</a>&nbsp;&nbsp;&nbsp;HAL_UART_TxCpltCallback
<LI><a href="#[bb]">&gt;&gt;</a>&nbsp;&nbsp;&nbsp;HAL_UARTEx_RxFifoFullCallback
<LI><a href="#[b8]">&gt;&gt;</a>&nbsp;&nbsp;&nbsp;HAL_UARTEx_TxFifoEmptyCallback
<LI><a href="#[b7]">&gt;&gt;</a>&nbsp;&nbsp;&nbsp;HAL_UARTEx_RxEventCallback
<LI><a href="#[b5]">&gt;&gt;</a>&nbsp;&nbsp;&nbsp;HAL_UARTEx_WakeupCallback
<LI><a href="#[b9]">&gt;&gt;</a>&nbsp;&nbsp;&nbsp;HAL_UART_ErrorCallback
</UL>
<BR>[Called By]<UL><LI><a href="#[41]">&gt;&gt;</a>&nbsp;&nbsp;&nbsp;USART3_IRQHandler
<LI><a href="#[40]">&gt;&gt;</a>&nbsp;&nbsp;&nbsp;USART2_IRQHandler
<LI><a href="#[3f]">&gt;&gt;</a>&nbsp;&nbsp;&nbsp;USART1_IRQHandler
</UL>

<P><STRONG><a name="[bc]"></a>HAL_UART_Init</STRONG> (Thumb, 100 bytes, Stack size 8 bytes, stm32h5xx_hal_uart.o(.text.HAL_UART_Init))
<BR><BR>[Stack]<UL><LI>Max Depth = 380<LI>Call Chain = HAL_UART_Init &rArr; HAL_UART_MspInit &rArr; HAL_DMAEx_List_InsertNode &rArr; DMA_List_FindNode
</UL>
<BR>[Calls]<UL><LI><a href="#[bd]">&gt;&gt;</a>&nbsp;&nbsp;&nbsp;HAL_UART_MspInit
<LI><a href="#[c0]">&gt;&gt;</a>&nbsp;&nbsp;&nbsp;UART_CheckIdleState
<LI><a href="#[bf]">&gt;&gt;</a>&nbsp;&nbsp;&nbsp;UART_SetConfig
<LI><a href="#[be]">&gt;&gt;</a>&nbsp;&nbsp;&nbsp;UART_AdvFeatureConfig
</UL>
<BR>[Called By]<UL><LI><a href="#[e6]">&gt;&gt;</a>&nbsp;&nbsp;&nbsp;MX_USART1_UART_Init
<LI><a href="#[eb]">&gt;&gt;</a>&nbsp;&nbsp;&nbsp;MX_USART3_UART_Init
<LI><a href="#[ea]">&gt;&gt;</a>&nbsp;&nbsp;&nbsp;MX_USART2_UART_Init
<LI><a href="#[100]">&gt;&gt;</a>&nbsp;&nbsp;&nbsp;TOOLING_USART1_UART_Init
<LI><a href="#[101]">&gt;&gt;</a>&nbsp;&nbsp;&nbsp;TOOLING_USART2_UART_Init
</UL>

<P><STRONG><a name="[b3]"></a>HAL_UART_MspDeInit</STRONG> (Thumb, 184 bytes, Stack size 8 bytes, usart.o(.text.HAL_UART_MspDeInit))
<BR><BR>[Stack]<UL><LI>Max Depth = 52<LI>Call Chain = HAL_UART_MspDeInit &rArr; HAL_GPIO_DeInit
</UL>
<BR>[Calls]<UL><LI><a href="#[83]">&gt;&gt;</a>&nbsp;&nbsp;&nbsp;HAL_DMA_DeInit
<LI><a href="#[c2]">&gt;&gt;</a>&nbsp;&nbsp;&nbsp;HAL_NVIC_DisableIRQ
<LI><a href="#[c1]">&gt;&gt;</a>&nbsp;&nbsp;&nbsp;HAL_GPIO_DeInit
</UL>
<BR>[Called By]<UL><LI><a href="#[b2]">&gt;&gt;</a>&nbsp;&nbsp;&nbsp;HAL_UART_DeInit
</UL>

<P><STRONG><a name="[bd]"></a>HAL_UART_MspInit</STRONG> (Thumb, 666 bytes, Stack size 296 bytes, usart.o(.text.HAL_UART_MspInit))
<BR><BR>[Stack]<UL><LI>Max Depth = 372<LI>Call Chain = HAL_UART_MspInit &rArr; HAL_DMAEx_List_InsertNode &rArr; DMA_List_FindNode
</UL>
<BR>[Calls]<UL><LI><a href="#[c7]">&gt;&gt;</a>&nbsp;&nbsp;&nbsp;HAL_DMA_ConfigChannelAttributes
<LI><a href="#[c6]">&gt;&gt;</a>&nbsp;&nbsp;&nbsp;HAL_DMAEx_List_LinkQ
<LI><a href="#[7f]">&gt;&gt;</a>&nbsp;&nbsp;&nbsp;HAL_DMAEx_List_Init
<LI><a href="#[c5]">&gt;&gt;</a>&nbsp;&nbsp;&nbsp;HAL_DMAEx_List_SetCircularMode
<LI><a href="#[80]">&gt;&gt;</a>&nbsp;&nbsp;&nbsp;HAL_DMAEx_List_InsertNode
<LI><a href="#[c4]">&gt;&gt;</a>&nbsp;&nbsp;&nbsp;HAL_DMAEx_List_BuildNode
<LI><a href="#[90]">&gt;&gt;</a>&nbsp;&nbsp;&nbsp;HAL_RCCEx_PeriphCLKConfig
<LI><a href="#[c8]">&gt;&gt;</a>&nbsp;&nbsp;&nbsp;HAL_NVIC_EnableIRQ
<LI><a href="#[9e]">&gt;&gt;</a>&nbsp;&nbsp;&nbsp;HAL_NVIC_SetPriority
<LI><a href="#[92]">&gt;&gt;</a>&nbsp;&nbsp;&nbsp;HAL_GPIO_Init
<LI><a href="#[91]">&gt;&gt;</a>&nbsp;&nbsp;&nbsp;Error_Handler
<LI><a href="#[8f]">&gt;&gt;</a>&nbsp;&nbsp;&nbsp;__aeabi_memclr8
<LI><a href="#[c3]">&gt;&gt;</a>&nbsp;&nbsp;&nbsp;__aeabi_memclr4
</UL>
<BR>[Called By]<UL><LI><a href="#[bc]">&gt;&gt;</a>&nbsp;&nbsp;&nbsp;HAL_UART_Init
</UL>

<P><STRONG><a name="[c9]"></a>HAL_UART_Receive</STRONG> (Thumb, 262 bytes, Stack size 32 bytes, stm32h5xx_hal_uart.o(.text.HAL_UART_Receive))
<BR><BR>[Stack]<UL><LI>Max Depth = 56<LI>Call Chain = HAL_UART_Receive &rArr; UART_WaitOnFlagUntilTimeout
</UL>
<BR>[Calls]<UL><LI><a href="#[7d]">&gt;&gt;</a>&nbsp;&nbsp;&nbsp;HAL_GetTick
<LI><a href="#[ca]">&gt;&gt;</a>&nbsp;&nbsp;&nbsp;UART_WaitOnFlagUntilTimeout
</UL>
<BR>[Called By]<UL><LI><a href="#[59]">&gt;&gt;</a>&nbsp;&nbsp;&nbsp;main
</UL>

<P><STRONG><a name="[cb]"></a>HAL_UART_Receive_DMA</STRONG> (Thumb, 170 bytes, Stack size 8 bytes, stm32h5xx_hal_uart.o(.text.HAL_UART_Receive_DMA))
<BR><BR>[Stack]<UL><LI>Max Depth = 32<LI>Call Chain = HAL_UART_Receive_DMA &rArr; UART_Start_Receive_DMA &rArr; HAL_DMAEx_List_Start_IT
</UL>
<BR>[Calls]<UL><LI><a href="#[cc]">&gt;&gt;</a>&nbsp;&nbsp;&nbsp;UART_Start_Receive_DMA
</UL>
<BR>[Called By]<UL><LI><a href="#[41]">&gt;&gt;</a>&nbsp;&nbsp;&nbsp;USART3_IRQHandler
<LI><a href="#[59]">&gt;&gt;</a>&nbsp;&nbsp;&nbsp;main
</UL>

<P><STRONG><a name="[cd]"></a>HAL_UART_Receive_IT</STRONG> (Thumb, 190 bytes, Stack size 8 bytes, stm32h5xx_hal_uart.o(.text.HAL_UART_Receive_IT))
<BR><BR>[Stack]<UL><LI>Max Depth = 8<LI>Call Chain = HAL_UART_Receive_IT
</UL>
<BR>[Calls]<UL><LI><a href="#[ce]">&gt;&gt;</a>&nbsp;&nbsp;&nbsp;UART_Start_Receive_IT
</UL>
<BR>[Called By]<UL><LI><a href="#[110]">&gt;&gt;</a>&nbsp;&nbsp;&nbsp;normalWork
<LI><a href="#[59]">&gt;&gt;</a>&nbsp;&nbsp;&nbsp;main
[...]
</UL>
<BR>[Calls]<UL><LI><a href="#[110]">&gt;&gt;</a>&nbsp;&nbsp;&nbsp;normalWork
<LI><a href="#[c9]">&gt;&gt;</a>&nbsp;&nbsp;&nbsp;HAL_UART_Receive
<LI><a href="#[cb]">&gt;&gt;</a>&nbsp;&nbsp;&nbsp;HAL_UART_Receive_DMA
<LI><a href="#[10f]">&gt;&gt;</a>&nbsp;&nbsp;&nbsp;HAL_IWDG_Refresh
<LI><a href="#[db]">&gt;&gt;</a>&nbsp;&nbsp;&nbsp;MX_GPIO_DTS6012_Init
<LI><a href="#[b2]">&gt;&gt;</a>&nbsp;&nbsp;&nbsp;HAL_UART_DeInit
<LI><a href="#[eb]">&gt;&gt;</a>&nbsp;&nbsp;&nbsp;MX_USART3_UART_Init
<LI><a href="#[e3]">&gt;&gt;</a>&nbsp;&nbsp;&nbsp;MX_IWDG_Init
<LI><a href="#[ea]">&gt;&gt;</a>&nbsp;&nbsp;&nbsp;MX_USART2_UART_Init
<LI><a href="#[dd]">&gt;&gt;</a>&nbsp;&nbsp;&nbsp;MX_I2C1_Init
<LI><a href="#[e4]">&gt;&gt;</a>&nbsp;&nbsp;&nbsp;MX_RTC_Init
<LI><a href="#[e0]">&gt;&gt;</a>&nbsp;&nbsp;&nbsp;MX_ICACHE_Init
<LI><a href="#[da]">&gt;&gt;</a>&nbsp;&nbsp;&nbsp;MX_GPDMA1_Init
<LI><a href="#[dc]">&gt;&gt;</a>&nbsp;&nbsp;&nbsp;MX_GPIO_Init
<LI><a href="#[ff]">&gt;&gt;</a>&nbsp;&nbsp;&nbsp;SystemClock_Config
<LI><a href="#[96]">&gt;&gt;</a>&nbsp;&nbsp;&nbsp;HAL_Init
<LI><a href="#[100]">&gt;&gt;</a>&nbsp;&nbsp;&nbsp;TOOLING_USART1_UART_Init
<LI><a href="#[10d]">&gt;&gt;</a>&nbsp;&nbsp;&nbsp;initTooling
<LI><a href="#[10e]">&gt;&gt;</a>&nbsp;&nbsp;&nbsp;paraTable_Init
<LI><a href="#[fb]">&gt;&gt;</a>&nbsp;&nbsp;&nbsp;testInX
<LI><a href="#[fa]">&gt;&gt;</a>&nbsp;&nbsp;&nbsp;testIO
<LI><a href="#[cd]">&gt;&gt;</a>&nbsp;&nbsp;&nbsp;HAL_UART_Receive_IT
<LI><a href="#[f0]">&gt;&gt;</a>&nbsp;&nbsp;&nbsp;ND06AV1C_Init
<LI><a href="#[84]">&gt;&gt;</a>&nbsp;&nbsp;&nbsp;HAL_Delay
<LI><a href="#[d1]">&gt;&gt;</a>&nbsp;&nbsp;&nbsp;HAL_GPIO_WritePin
<LI><a href="#[d4]">&gt;&gt;</a>&nbsp;&nbsp;&nbsp;HAL_UART_Transmit
<LI><a href="#[10c]">&gt;&gt;</a>&nbsp;&nbsp;&nbsp;dts6012_start
</UL>
<BR>[Address Reference Count : 1]<UL><LI> entry9a.o(.ARM.Collect$$$$0000000B)
</UL>
<P><STRONG><a name="[110]"></a>normalWork</STRONG> (Thumb, 312 bytes, Stack size 0 bytes, main.o(.text.normalWork))
<BR><BR>[Stack]<UL><LI>Max Depth = 388<LI>Call Chain = normalWork &rArr; MX_USART1_UART_Init &rArr; HAL_UART_Init &rArr; HAL_UART_MspInit &rArr; HAL_DMAEx_List_InsertNode &rArr; DMA_List_FindNode
</UL>
<BR>[Calls]<UL><LI><a href="#[e6]">&gt;&gt;</a>&nbsp;&nbsp;&nbsp;MX_USART1_UART_Init
<LI><a href="#[10f]">&gt;&gt;</a>&nbsp;&nbsp;&nbsp;HAL_IWDG_Refresh
<LI><a href="#[ea]">&gt;&gt;</a>&nbsp;&nbsp;&nbsp;MX_USART2_UART_Init
<LI><a href="#[115]">&gt;&gt;</a>&nbsp;&nbsp;&nbsp;HAL_GPIO_ReadPin
<LI><a href="#[cd]">&gt;&gt;</a>&nbsp;&nbsp;&nbsp;HAL_UART_Receive_IT
<LI><a href="#[fd]">&gt;&gt;</a>&nbsp;&nbsp;&nbsp;RS485_Elevator_Init
<LI><a href="#[113]">&gt;&gt;</a>&nbsp;&nbsp;&nbsp;ElevatorSignaMonitoring
<LI><a href="#[112]">&gt;&gt;</a>&nbsp;&nbsp;&nbsp;UpdateDoorStateMachine
<LI><a href="#[64]">&gt;&gt;</a>&nbsp;&nbsp;&nbsp;delay_10us
<LI><a href="#[107]">&gt;&gt;</a>&nbsp;&nbsp;&nbsp;cargoLift_sensor_action_control
<LI><a href="#[111]">&gt;&gt;</a>&nbsp;&nbsp;&nbsp;sensor_action_control
<LI><a href="#[10a]">&gt;&gt;</a>&nbsp;&nbsp;&nbsp;cargoLift_sensor_status_control
<LI><a href="#[114]">&gt;&gt;</a>&nbsp;&nbsp;&nbsp;sensor_status_control
<LI><a href="#[d1]">&gt;&gt;</a>&nbsp;&nbsp;&nbsp;HAL_GPIO_WritePin
<LI><a href="#[10c]">&gt;&gt;</a>&nbsp;&nbsp;&nbsp;dts6012_start
</UL>
<BR>[Called By]<UL><LI><a href="#[59]">&gt;&gt;</a>&nbsp;&nbsp;&nbsp;main
</UL>

<P><STRONG><a name="[10e]"></a>paraTable_Init</STRONG> (Thumb, 86 bytes, Stack size 16 bytes, sensorparatable.o(.text.paraTable_Init))
<BR><BR>[Stack]<UL><LI>Max Depth = 160<LI>Call Chain = paraTable_Init &rArr; paraTable_Write &rArr; stmflash_write &rArr; HAL_FLASHEx_Erase &rArr; FLASH_WaitForLastOperation
</UL>
<BR>[Calls]<UL><LI><a href="#[117]">&gt;&gt;</a>&nbsp;&nbsp;&nbsp;stmflash_read
<LI><a href="#[116]">&gt;&gt;</a>&nbsp;&nbsp;&nbsp;stmflash_read_word
<LI><a href="#[79]">&gt;&gt;</a>&nbsp;&nbsp;&nbsp;paraTable_Write
<LI><a href="#[118]">&gt;&gt;</a>&nbsp;&nbsp;&nbsp;__aeabi_memcpy4
</UL>
<BR>[Called By]<UL><LI><a href="#[59]">&gt;&gt;</a>&nbsp;&nbsp;&nbsp;main
</UL>

<P><STRONG><a name="[fc]"></a>paraTable_Reset</STRONG> (Thumb, 44 bytes, Stack size 8 bytes, sensorparatable.o(.text.paraTable_Reset))
<BR><BR>[Stack]<UL><LI>Max Depth = 8<LI>Call Chain = paraTable_Reset
</UL>
<BR>[Calls]<UL><LI><a href="#[116]">&gt;&gt;</a>&nbsp;&nbsp;&nbsp;stmflash_read_word
<LI><a href="#[118]">&gt;&gt;</a>&nbsp;&nbsp;&nbsp;__aeabi_memcpy4
</UL>
<BR>[Called By]<UL><LI><a href="#[d0]">&gt;&gt;</a>&nbsp;&nbsp;&nbsp;ProcessGHPTooling
</UL>

<P><STRONG><a name="[79]"></a>paraTable_Write</STRONG> (Thumb, 196 bytes, Stack size 24 bytes, sensorparatable.o(.text.paraTable_Write))
<BR><BR>[Stack]<UL><LI>Max Depth = 144<LI>Call Chain = paraTable_Write &rArr; stmflash_write &rArr; HAL_FLASHEx_Erase &rArr; FLASH_WaitForLastOperation
</UL>
<BR>[Calls]<UL><LI><a href="#[119]">&gt;&gt;</a>&nbsp;&nbsp;&nbsp;stmflash_write
<LI><a href="#[118]">&gt;&gt;</a>&nbsp;&nbsp;&nbsp;__aeabi_memcpy4
</UL>
<BR>[Called By]<UL><LI><a href="#[10e]">&gt;&gt;</a>&nbsp;&nbsp;&nbsp;paraTable_Init
<LI><a href="#[d0]">&gt;&gt;</a>&nbsp;&nbsp;&nbsp;ProcessGHPTooling
<LI><a href="#[d9]">&gt;&gt;</a>&nbsp;&nbsp;&nbsp;HandleParamWrite
<LI><a href="#[d5]">&gt;&gt;</a>&nbsp;&nbsp;&nbsp;HandleControl
<LI><a href="#[77]">&gt;&gt;</a>&nbsp;&nbsp;&nbsp;ClosingTimeLearning
<LI><a href="#[109]">&gt;&gt;</a>&nbsp;&nbsp;&nbsp;cargolift_DistanceThresholdLearning
<LI><a href="#[7a]">&gt;&gt;</a>&nbsp;&nbsp;&nbsp;DistanceThresholdLearning
</UL>

<P><STRONG><a name="[111]"></a>sensor_action_control</STRONG> (Thumb, 276 bytes, Stack size 8 bytes, sensorapplogic.o(.text.sensor_action_control))
<BR><BR>[Stack]<UL><LI>Max Depth = 216<LI>Call Chain = sensor_action_control &rArr; DistanceThresholdLearning &rArr; ND06AV1C_GetDepthAndAmpData &rArr; ND06AV1C_ReadNWords &rArr; ND06AV1C_I2CErrCallback &rArr;  ND06AV1C_ReadWord (Cycle)
</UL>
<BR>[Calls]<UL><LI><a href="#[11a]">&gt;&gt;</a>&nbsp;&nbsp;&nbsp;detectError
<LI><a href="#[108]">&gt;&gt;</a>&nbsp;&nbsp;&nbsp;HAL_GPIO_TogglePin
<LI><a href="#[d1]">&gt;&gt;</a>&nbsp;&nbsp;&nbsp;HAL_GPIO_WritePin
<LI><a href="#[f6]">&gt;&gt;</a>&nbsp;&nbsp;&nbsp;ObjectDetection
<LI><a href="#[77]">&gt;&gt;</a>&nbsp;&nbsp;&nbsp;ClosingTimeLearning
<LI><a href="#[7a]">&gt;&gt;</a>&nbsp;&nbsp;&nbsp;DistanceThresholdLearning
</UL>
<BR>[Called By]<UL><LI><a href="#[110]">&gt;&gt;</a>&nbsp;&nbsp;&nbsp;normalWork
</UL>

<P><STRONG><a name="[114]"></a>sensor_status_control</STRONG> (Thumb, 78 bytes, Stack size 0 bytes, sensorapplogic.o(.text.sensor_status_control))
<BR><BR>[Called By]<UL><LI><a href="#[110]">&gt;&gt;</a>&nbsp;&nbsp;&nbsp;normalWork
</UL>

<P><STRONG><a name="[0]"></a>set_xshut_pin_level</STRONG> (Thumb, 16 bytes, Stack size 0 bytes, platform.o(.text.set_xshut_pin_level))
<BR><BR>[Calls]<UL><LI><a href="#[d1]">&gt;&gt;</a>&nbsp;&nbsp;&nbsp;HAL_GPIO_WritePin
</UL>
<BR>[Address Reference Count : 1]<UL><LI> nd06av1c_app.o(.data.g_nd06av1c_device)
</UL>
<P><STRONG><a name="[117]"></a>stmflash_read</STRONG> (Thumb, 100 bytes, Stack size 8 bytes, stmflash.o(.text.stmflash_read))
<BR><BR>[Stack]<UL><LI>Max Depth = 8<LI>Call Chain = stmflash_read
</UL>
<BR>[Called By]<UL><LI><a href="#[10e]">&gt;&gt;</a>&nbsp;&nbsp;&nbsp;paraTable_Init
</UL>

<P><STRONG><a name="[116]"></a>stmflash_read_word</STRONG> (Thumb, 4 bytes, Stack size 0 bytes, stmflash.o(.text.stmflash_read_word))
<BR><BR>[Called By]<UL><LI><a href="#[10e]">&gt;&gt;</a>&nbsp;&nbsp;&nbsp;paraTable_Init
<LI><a href="#[fc]">&gt;&gt;</a>&nbsp;&nbsp;&nbsp;paraTable_Reset
</UL>

<P><STRONG><a name="[119]"></a>stmflash_write</STRONG> (Thumb, 576 bytes, Stack size 64 bytes, stmflash.o(.text.stmflash_write))
<BR><BR>[Stack]<UL><LI>Max Depth = 120<LI>Call Chain = stmflash_write &rArr; HAL_FLASHEx_Erase &rArr; FLASH_WaitForLastOperation
</UL>
<BR>[Calls]<UL><LI><a href="#[86]">&gt;&gt;</a>&nbsp;&nbsp;&nbsp;HAL_FLASH_Program
<LI><a href="#[85]">&gt;&gt;</a>&nbsp;&nbsp;&nbsp;HAL_FLASHEx_Erase
<LI><a href="#[e2]">&gt;&gt;</a>&nbsp;&nbsp;&nbsp;HAL_ICACHE_Enable
<LI><a href="#[11c]">&gt;&gt;</a>&nbsp;&nbsp;&nbsp;HAL_FLASH_Lock
<LI><a href="#[11b]">&gt;&gt;</a>&nbsp;&nbsp;&nbsp;HAL_FLASH_Unlock
<LI><a href="#[93]">&gt;&gt;</a>&nbsp;&nbsp;&nbsp;HAL_ICACHE_Disable
</UL>
<BR>[Called By]<UL><LI><a href="#[79]">&gt;&gt;</a>&nbsp;&nbsp;&nbsp;paraTable_Write
</UL>

<P><STRONG><a name="[f8]"></a>testDTS</STRONG> (Thumb, 62 bytes, Stack size 8 bytes, toolingtest.o(.text.testDTS))
<BR><BR>[Stack]<UL><LI>Max Depth = 32<LI>Call Chain = testDTS &rArr; dts6012m_Stop &rArr; HAL_UART_Transmit
</UL>
<BR>[Calls]<UL><LI><a href="#[10b]">&gt;&gt;</a>&nbsp;&nbsp;&nbsp;dts6012m_Stop
<LI><a href="#[10c]">&gt;&gt;</a>&nbsp;&nbsp;&nbsp;dts6012_start
</UL>
<BR>[Called By]<UL><LI><a href="#[d0]">&gt;&gt;</a>&nbsp;&nbsp;&nbsp;ProcessGHPTooling
</UL>

<P><STRONG><a name="[fa]"></a>testIO</STRONG> (Thumb, 18 bytes, Stack size 0 bytes, toolingtest.o(.text.testIO))
<BR><BR>[Calls]<UL><LI><a href="#[d1]">&gt;&gt;</a>&nbsp;&nbsp;&nbsp;HAL_GPIO_WritePin
</UL>
<BR>[Called By]<UL><LI><a href="#[59]">&gt;&gt;</a>&nbsp;&nbsp;&nbsp;main
<LI><a href="#[d0]">&gt;&gt;</a>&nbsp;&nbsp;&nbsp;ProcessGHPTooling
</UL>

<P><STRONG><a name="[fb]"></a>testInX</STRONG> (Thumb, 46 bytes, Stack size 8 bytes, toolingtest.o(.text.testInX))
<BR><BR>[Stack]<UL><LI>Max Depth = 8<LI>Call Chain = testInX
</UL>
<BR>[Calls]<UL><LI><a href="#[115]">&gt;&gt;</a>&nbsp;&nbsp;&nbsp;HAL_GPIO_ReadPin
</UL>
<BR>[Called By]<UL><LI><a href="#[59]">&gt;&gt;</a>&nbsp;&nbsp;&nbsp;main
<LI><a href="#[d0]">&gt;&gt;</a>&nbsp;&nbsp;&nbsp;ProcessGHPTooling
</UL>

<P><STRONG><a name="[f9]"></a>testND06</STRONG> (Thumb, 282 bytes, Stack size 24 bytes, toolingtest.o(.text.testND06))
<BR><BR>[Stack]<UL><LI>Max Depth = 192<LI>Call Chain = testND06 &rArr; ND06AV1C_GetDepthAndAmpData &rArr; ND06AV1C_ReadNWords &rArr; ND06AV1C_I2CErrCallback &rArr;  ND06AV1C_ReadWord (Cycle)
</UL>
<BR>[Calls]<UL><LI><a href="#[78]">&gt;&gt;</a>&nbsp;&nbsp;&nbsp;ND06AV1C_GetDepthAndAmpData
</UL>
<BR>[Called By]<UL><LI><a href="#[d0]">&gt;&gt;</a>&nbsp;&nbsp;&nbsp;ProcessGHPTooling
</UL>

<P><STRONG><a name="[12c]"></a>__scatterload_copy</STRONG> (Thumb, 14 bytes, Stack size unknown bytes, handlers.o(i.__scatterload_copy), UNUSED)

<P><STRONG><a name="[12d]"></a>__scatterload_null</STRONG> (Thumb, 2 bytes, Stack size unknown bytes, handlers.o(i.__scatterload_null), UNUSED)

<P><STRONG><a name="[12e]"></a>__scatterload_zeroinit</STRONG> (Thumb, 14 bytes, Stack size unknown bytes, handlers.o(i.__scatterload_zeroinit), UNUSED)
<P>
<H3>
Local Symbols
</H3>
<P><STRONG><a name="[a0]"></a>__NVIC_SystemReset</STRONG> (Thumb, 42 bytes, Stack size 0 bytes, stm32h5xx_hal_cortex.o(.text.__NVIC_SystemReset))
<BR><BR>[Called By]<UL><LI><a href="#[9f]">&gt;&gt;</a>&nbsp;&nbsp;&nbsp;HAL_NVIC_SystemReset
</UL>

<P><STRONG><a name="[81]"></a>DMA_List_FindNode</STRONG> (Thumb, 466 bytes, Stack size 28 bytes, stm32h5xx_hal_dma_ex.o(.text.DMA_List_FindNode))
<BR><BR>[Stack]<UL><LI>Max Depth = 28<LI>Call Chain = DMA_List_FindNode
</UL>
<BR>[Called By]<UL><LI><a href="#[80]">&gt;&gt;</a>&nbsp;&nbsp;&nbsp;HAL_DMAEx_List_InsertNode
</UL>

<P><STRONG><a name="[a8]"></a>RCCEx_PLL2_Config</STRONG> (Thumb, 234 bytes, Stack size 16 bytes, stm32h5xx_hal_rcc_ex.o(.text.RCCEx_PLL2_Config))
<BR><BR>[Stack]<UL><LI>Max Depth = 16<LI>Call Chain = RCCEx_PLL2_Config
</UL>
<BR>[Calls]<UL><LI><a href="#[7d]">&gt;&gt;</a>&nbsp;&nbsp;&nbsp;HAL_GetTick
</UL>
<BR>[Called By]<UL><LI><a href="#[90]">&gt;&gt;</a>&nbsp;&nbsp;&nbsp;HAL_RCCEx_PeriphCLKConfig
</UL>

<P><STRONG><a name="[8c]"></a>I2C_IsErrorOccurred</STRONG> (Thumb, 352 bytes, Stack size 16 bytes, stm32h5xx_hal_i2c.o(.text.I2C_IsErrorOccurred))
<BR><BR>[Stack]<UL><LI>Max Depth = 16<LI>Call Chain = I2C_IsErrorOccurred
</UL>
<BR>[Calls]<UL><LI><a href="#[7d]">&gt;&gt;</a>&nbsp;&nbsp;&nbsp;HAL_GetTick
</UL>
<BR>[Called By]<UL><LI><a href="#[89]">&gt;&gt;</a>&nbsp;&nbsp;&nbsp;HAL_I2C_Mem_Read
<LI><a href="#[8e]">&gt;&gt;</a>&nbsp;&nbsp;&nbsp;HAL_I2C_Mem_Write
<LI><a href="#[8d]">&gt;&gt;</a>&nbsp;&nbsp;&nbsp;I2C_WaitOnSTOPFlagUntilTimeout
<LI><a href="#[8b]">&gt;&gt;</a>&nbsp;&nbsp;&nbsp;I2C_WaitOnFlagUntilTimeout
<LI><a href="#[8a]">&gt;&gt;</a>&nbsp;&nbsp;&nbsp;I2C_WaitOnTXISFlagUntilTimeout
</UL>

<P><STRONG><a name="[8a]"></a>I2C_WaitOnTXISFlagUntilTimeout</STRONG> (Thumb, 166 bytes, Stack size 16 bytes, stm32h5xx_hal_i2c.o(.text.I2C_WaitOnTXISFlagUntilTimeout))
<BR><BR>[Stack]<UL><LI>Max Depth = 32<LI>Call Chain = I2C_WaitOnTXISFlagUntilTimeout &rArr; I2C_IsErrorOccurred
</UL>
<BR>[Calls]<UL><LI><a href="#[7d]">&gt;&gt;</a>&nbsp;&nbsp;&nbsp;HAL_GetTick
<LI><a href="#[8c]">&gt;&gt;</a>&nbsp;&nbsp;&nbsp;I2C_IsErrorOccurred
</UL>
<BR>[Called By]<UL><LI><a href="#[89]">&gt;&gt;</a>&nbsp;&nbsp;&nbsp;HAL_I2C_Mem_Read
<LI><a href="#[8e]">&gt;&gt;</a>&nbsp;&nbsp;&nbsp;HAL_I2C_Mem_Write
</UL>

<P><STRONG><a name="[8b]"></a>I2C_WaitOnFlagUntilTimeout</STRONG> (Thumb, 248 bytes, Stack size 24 bytes, stm32h5xx_hal_i2c.o(.text.I2C_WaitOnFlagUntilTimeout))
<BR><BR>[Stack]<UL><LI>Max Depth = 40<LI>Call Chain = I2C_WaitOnFlagUntilTimeout &rArr; I2C_IsErrorOccurred
</UL>
<BR>[Calls]<UL><LI><a href="#[7d]">&gt;&gt;</a>&nbsp;&nbsp;&nbsp;HAL_GetTick
<LI><a href="#[8c]">&gt;&gt;</a>&nbsp;&nbsp;&nbsp;I2C_IsErrorOccurred
</UL>
<BR>[Called By]<UL><LI><a href="#[89]">&gt;&gt;</a>&nbsp;&nbsp;&nbsp;HAL_I2C_Mem_Read
<LI><a href="#[8e]">&gt;&gt;</a>&nbsp;&nbsp;&nbsp;HAL_I2C_Mem_Write
</UL>

<P><STRONG><a name="[8d]"></a>I2C_WaitOnSTOPFlagUntilTimeout</STRONG> (Thumb, 124 bytes, Stack size 16 bytes, stm32h5xx_hal_i2c.o(.text.I2C_WaitOnSTOPFlagUntilTimeout))
<BR><BR>[Stack]<UL><LI>Max Depth = 32<LI>Call Chain = I2C_WaitOnSTOPFlagUntilTimeout &rArr; I2C_IsErrorOccurred
</UL>
<BR>[Calls]<UL><LI><a href="#[7d]">&gt;&gt;</a>&nbsp;&nbsp;&nbsp;HAL_GetTick
<LI><a href="#[8c]">&gt;&gt;</a>&nbsp;&nbsp;&nbsp;I2C_IsErrorOccurred
</UL>
<BR>[Called By]<UL><LI><a href="#[89]">&gt;&gt;</a>&nbsp;&nbsp;&nbsp;HAL_I2C_Mem_Read
<LI><a href="#[8e]">&gt;&gt;</a>&nbsp;&nbsp;&nbsp;HAL_I2C_Mem_Write
</UL>

<P><STRONG><a name="[5d]"></a>UART_TxISR_8BIT_FIFOEN</STRONG> (Thumb, 220 bytes, Stack size 0 bytes, stm32h5xx_hal_uart.o(.text.UART_TxISR_8BIT_FIFOEN))
<BR>[Address Reference Count : 1]<UL><LI> stm32h5xx_hal_uart.o(.text.HAL_UART_Transmit_IT)
</UL>
<P><STRONG><a name="[5e]"></a>UART_TxISR_8BIT</STRONG> (Thumb, 200 bytes, Stack size 0 bytes, stm32h5xx_hal_uart.o(.text.UART_TxISR_8BIT))
<BR>[Address Reference Count : 1]<UL><LI> stm32h5xx_hal_uart.o(.text.HAL_UART_Transmit_IT)
</UL>
<P><STRONG><a name="[5f]"></a>UART_TxISR_16BIT_FIFOEN</STRONG> (Thumb, 224 bytes, Stack size 0 bytes, stm32h5xx_hal_uart.o(.text.UART_TxISR_16BIT_FIFOEN))
<BR>[Address Reference Count : 1]<UL><LI> stm32h5xx_hal_uart.o(.text.HAL_UART_Transmit_IT)
</UL>
<P><STRONG><a name="[60]"></a>UART_TxISR_16BIT</STRONG> (Thumb, 204 bytes, Stack size 0 bytes, stm32h5xx_hal_uart.o(.text.UART_TxISR_16BIT))
<BR>[Address Reference Count : 1]<UL><LI> stm32h5xx_hal_uart.o(.text.HAL_UART_Transmit_IT)
</UL>
<P><STRONG><a name="[67]"></a>UART_RxISR_8BIT</STRONG> (Thumb, 438 bytes, Stack size 0 bytes, stm32h5xx_hal_uart.o(.text.UART_RxISR_8BIT))
<BR><BR>[Stack]<UL><LI>Max Depth = 232<LI>Call Chain = UART_RxISR_8BIT &rArr; HAL_UART_RxCpltCallback &rArr; ProcessGHPTooling &rArr; testND06 &rArr; ND06AV1C_GetDepthAndAmpData &rArr; ND06AV1C_ReadNWords &rArr; ND06AV1C_I2CErrCallback &rArr;  ND06AV1C_ReadWord (Cycle)
</UL>
<BR>[Calls]<UL><LI><a href="#[cf]">&gt;&gt;</a>&nbsp;&nbsp;&nbsp;HAL_UART_RxCpltCallback
<LI><a href="#[b7]">&gt;&gt;</a>&nbsp;&nbsp;&nbsp;HAL_UARTEx_RxEventCallback
</UL>
<BR>[Address Reference Count : 2]<UL><LI> stm32h5xx_hal_uart.o(.text.UART_Start_Receive_IT)
<LI> stm32h5xx_hal_uart.o(.text.UART_RxISR_8BIT_FIFOEN)
</UL>
<P><STRONG><a name="[6b]"></a>UART_RxISR_8BIT_FIFOEN</STRONG> (Thumb, 802 bytes, Stack size 40 bytes, stm32h5xx_hal_uart.o(.text.UART_RxISR_8BIT_FIFOEN))
<BR><BR>[Stack]<UL><LI>Max Depth = 272<LI>Call Chain = UART_RxISR_8BIT_FIFOEN &rArr; HAL_UART_RxCpltCallback &rArr; ProcessGHPTooling &rArr; testND06 &rArr; ND06AV1C_GetDepthAndAmpData &rArr; ND06AV1C_ReadNWords &rArr; ND06AV1C_I2CErrCallback &rArr;  ND06AV1C_ReadWord (Cycle)
</UL>
<BR>[Calls]<UL><LI><a href="#[cf]">&gt;&gt;</a>&nbsp;&nbsp;&nbsp;HAL_UART_RxCpltCallback
<LI><a href="#[b7]">&gt;&gt;</a>&nbsp;&nbsp;&nbsp;HAL_UARTEx_RxEventCallback
<LI><a href="#[b9]">&gt;&gt;</a>&nbsp;&nbsp;&nbsp;HAL_UART_ErrorCallback
</UL>
<BR>[Address Reference Count : 1]<UL><LI> stm32h5xx_hal_uart.o(.text.UART_Start_Receive_IT)
</UL>
<P><STRONG><a name="[66]"></a>UART_RxISR_16BIT</STRONG> (Thumb, 434 bytes, Stack size 0 bytes, stm32h5xx_hal_uart.o(.text.UART_RxISR_16BIT))
<BR><BR>[Stack]<UL><LI>Max Depth = 232<LI>Call Chain = UART_RxISR_16BIT &rArr; HAL_UART_RxCpltCallback &rArr; ProcessGHPTooling &rArr; testND06 &rArr; ND06AV1C_GetDepthAndAmpData &rArr; ND06AV1C_ReadNWords &rArr; ND06AV1C_I2CErrCallback &rArr;  ND06AV1C_ReadWord (Cycle)
</UL>
<BR>[Calls]<UL><LI><a href="#[cf]">&gt;&gt;</a>&nbsp;&nbsp;&nbsp;HAL_UART_RxCpltCallback
<LI><a href="#[b7]">&gt;&gt;</a>&nbsp;&nbsp;&nbsp;HAL_UARTEx_RxEventCallback
</UL>
<BR>[Address Reference Count : 2]<UL><LI> stm32h5xx_hal_uart.o(.text.UART_Start_Receive_IT)
<LI> stm32h5xx_hal_uart.o(.text.UART_RxISR_16BIT_FIFOEN)
</UL>
<P><STRONG><a name="[6c]"></a>UART_RxISR_16BIT_FIFOEN</STRONG> (Thumb, 798 bytes, Stack size 40 bytes, stm32h5xx_hal_uart.o(.text.UART_RxISR_16BIT_FIFOEN))
<BR><BR>[Stack]<UL><LI>Max Depth = 272<LI>Call Chain = UART_RxISR_16BIT_FIFOEN &rArr; HAL_UART_RxCpltCallback &rArr; ProcessGHPTooling &rArr; testND06 &rArr; ND06AV1C_GetDepthAndAmpData &rArr; ND06AV1C_ReadNWords &rArr; ND06AV1C_I2CErrCallback &rArr;  ND06AV1C_ReadWord (Cycle)
</UL>
<BR>[Calls]<UL><LI><a href="#[cf]">&gt;&gt;</a>&nbsp;&nbsp;&nbsp;HAL_UART_RxCpltCallback
<LI><a href="#[b7]">&gt;&gt;</a>&nbsp;&nbsp;&nbsp;HAL_UARTEx_RxEventCallback
<LI><a href="#[b9]">&gt;&gt;</a>&nbsp;&nbsp;&nbsp;HAL_UART_ErrorCallback
</UL>
<BR>[Address Reference Count : 1]<UL><LI> stm32h5xx_hal_uart.o(.text.UART_Start_Receive_IT)
</UL>
<P><STRONG><a name="[6a]"></a>UART_DMAError</STRONG> (Thumb, 474 bytes, Stack size 0 bytes, stm32h5xx_hal_uart.o(.text.UART_DMAError))
<BR><BR>[Calls]<UL><LI><a href="#[b9]">&gt;&gt;</a>&nbsp;&nbsp;&nbsp;HAL_UART_ErrorCallback
</UL>
<BR>[Address Reference Count : 1]<UL><LI> stm32h5xx_hal_uart.o(.text.UART_Start_Receive_DMA)
</UL>
<P><STRONG><a name="[68]"></a>UART_DMAReceiveCplt</STRONG> (Thumb, 276 bytes, Stack size 0 bytes, stm32h5xx_hal_uart.o(.text.UART_DMAReceiveCplt))
<BR><BR>[Stack]<UL><LI>Max Depth = 232<LI>Call Chain = UART_DMAReceiveCplt &rArr; HAL_UART_RxCpltCallback &rArr; ProcessGHPTooling &rArr; testND06 &rArr; ND06AV1C_GetDepthAndAmpData &rArr; ND06AV1C_ReadNWords &rArr; ND06AV1C_I2CErrCallback &rArr;  ND06AV1C_ReadWord (Cycle)
</UL>
<BR>[Calls]<UL><LI><a href="#[cf]">&gt;&gt;</a>&nbsp;&nbsp;&nbsp;HAL_UART_RxCpltCallback
<LI><a href="#[b7]">&gt;&gt;</a>&nbsp;&nbsp;&nbsp;HAL_UARTEx_RxEventCallback
</UL>
<BR>[Address Reference Count : 1]<UL><LI> stm32h5xx_hal_uart.o(.text.UART_Start_Receive_DMA)
</UL>
<P><STRONG><a name="[69]"></a>UART_DMARxHalfCplt</STRONG> (Thumb, 26 bytes, Stack size 0 bytes, stm32h5xx_hal_uart.o(.text.UART_DMARxHalfCplt))
<BR><BR>[Calls]<UL><LI><a href="#[102]">&gt;&gt;</a>&nbsp;&nbsp;&nbsp;HAL_UART_RxHalfCpltCallback
<LI><a href="#[b7]">&gt;&gt;</a>&nbsp;&nbsp;&nbsp;HAL_UARTEx_RxEventCallback
</UL>
<BR>[Address Reference Count : 1]<UL><LI> stm32h5xx_hal_uart.o(.text.UART_Start_Receive_DMA)
</UL>
<P><STRONG><a name="[5c]"></a>UART_DMAAbortOnError</STRONG> (Thumb, 12 bytes, Stack size 0 bytes, stm32h5xx_hal_uart.o(.text.UART_DMAAbortOnError))
<BR><BR>[Calls]<UL><LI><a href="#[b9]">&gt;&gt;</a>&nbsp;&nbsp;&nbsp;HAL_UART_ErrorCallback
</UL>
<BR>[Address Reference Count : 1]<UL><LI> stm32h5xx_hal_uart.o(.text.HAL_UART_IRQHandler)
</UL><P>
<H3>
Undefined Global Symbols
</H3><HR></body></html>
