Component: Arm Compiler for Embedded 6.23 Tool: armlink [5f102400]

==============================================================================

Section Cross References

    startup_stm32h503xx.o(RESET) refers to startup_stm32h503xx.o(STACK) for __initial_sp
    startup_stm32h503xx.o(RESET) refers to startup_stm32h503xx.o(.text) for Reset_Handler
    startup_stm32h503xx.o(RESET) refers to stm32h5xx_it.o(.text.NMI_Handler) for NMI_Handler
    startup_stm32h503xx.o(RESET) refers to stm32h5xx_it.o(.text.HardFault_Handler) for HardFault_Handler
    startup_stm32h503xx.o(RESET) refers to stm32h5xx_it.o(.text.MemManage_Handler) for MemManage_Handler
    startup_stm32h503xx.o(RESET) refers to stm32h5xx_it.o(.text.BusFault_Handler) for BusFault_Handler
    startup_stm32h503xx.o(RESET) refers to stm32h5xx_it.o(.text.UsageFault_Handler) for UsageFault_Handler
    startup_stm32h503xx.o(RESET) refers to stm32h5xx_it.o(.text.SVC_Handler) for SVC_Handler
    startup_stm32h503xx.o(RESET) refers to stm32h5xx_it.o(.text.DebugMon_Handler) for DebugMon_Handler
    startup_stm32h503xx.o(RESET) refers to stm32h5xx_it.o(.text.PendSV_Handler) for PendSV_Handler
    startup_stm32h503xx.o(RESET) refers to stm32h5xx_it.o(.text.SysTick_Handler) for SysTick_Handler
    startup_stm32h503xx.o(RESET) refers to stm32h5xx_it.o(.text.USART1_IRQHandler) for USART1_IRQHandler
    startup_stm32h503xx.o(RESET) refers to stm32h5xx_it.o(.text.USART2_IRQHandler) for USART2_IRQHandler
    startup_stm32h503xx.o(.text) refers to system_stm32h5xx.o(.text.SystemInit) for SystemInit
    startup_stm32h503xx.o(.text) refers to entry.o(.ARM.Collect$$$$00000000) for __main
    dts6012m.o(.text.dts6012_start) refers to usart.o(.bss.huart3) for huart3
    dts6012m.o(.text.dts6012_start) refers to dts6012m.o(.data.dts6012m_start_cmd) for dts6012m_start_cmd
    dts6012m.o(.text.dts6012_start) refers to stm32h5xx_hal_uart.o(.text.HAL_UART_Transmit) for HAL_UART_Transmit
    dts6012m.o(.ARM.exidx.text.dts6012_start) refers to dts6012m.o(.text.dts6012_start) for [Anonymous Symbol]
    dts6012m.o(.text.dts6012m_Stop) refers to usart.o(.bss.huart3) for huart3
    dts6012m.o(.text.dts6012m_Stop) refers to dts6012m.o(.data.dts6012m_stop_cmd) for dts6012m_stop_cmd
    dts6012m.o(.text.dts6012m_Stop) refers to stm32h5xx_hal_uart.o(.text.HAL_UART_Transmit) for HAL_UART_Transmit
    dts6012m.o(.ARM.exidx.text.dts6012m_Stop) refers to dts6012m.o(.text.dts6012m_Stop) for [Anonymous Symbol]
    dts6012m.o(.text.dts6012_getDepthAndAmp) refers to usart.o(.bss.huart3) for huart3
    dts6012m.o(.text.dts6012_getDepthAndAmp) refers to dts6012m.o(.bss.dTS6012M_Rdata) for dTS6012M_Rdata
    dts6012m.o(.text.dts6012_getDepthAndAmp) refers to stm32h5xx_hal_uart.o(.text.HAL_UART_Receive) for HAL_UART_Receive
    dts6012m.o(.text.dts6012_getDepthAndAmp) refers to dts6012m.o(.bss.dTS6012M_errCnt) for dTS6012M_errCnt
    dts6012m.o(.text.dts6012_getDepthAndAmp) refers to dts6012m.o(.bss.dTS6012M_errFlag) for dTS6012M_errFlag
    dts6012m.o(.text.dts6012_getDepthAndAmp) refers to sensorapplogic.o(.bss.ErrData) for ErrData
    dts6012m.o(.ARM.exidx.text.dts6012_getDepthAndAmp) refers to dts6012m.o(.text.dts6012_getDepthAndAmp) for [Anonymous Symbol]
    sensorapplogic.o(.text.DistanceThresholdLearning) refers to sensorapplogic.o(.bss.dts6012DistanceThresholdLearningSuccessFlg) for dts6012DistanceThresholdLearningSuccessFlg
    sensorapplogic.o(.text.DistanceThresholdLearning) refers to sensorapplogic.o(.bss.dts6012_data) for dts6012_data
    sensorapplogic.o(.text.DistanceThresholdLearning) refers to dts6012m.o(.text.dts6012_getDepthAndAmp) for dts6012_getDepthAndAmp
    sensorapplogic.o(.text.DistanceThresholdLearning) refers to sensorparatable.o(.bss.PARA_TABLE_USE) for PARA_TABLE_USE
    sensorapplogic.o(.text.DistanceThresholdLearning) refers to sensorapplogic.o(.bss.dts6012DistancdLearnValue) for dts6012DistancdLearnValue
    sensorapplogic.o(.text.DistanceThresholdLearning) refers to sensorapplogic.o(.bss.nd06DistanceThresholdLearningSuccessFlg) for nd06DistanceThresholdLearningSuccessFlg
    sensorapplogic.o(.text.DistanceThresholdLearning) refers to sensorapplogic.o(.bss.nd06_data) for nd06_data
    sensorapplogic.o(.text.DistanceThresholdLearning) refers to nd06av1c_app.o(.data.g_nd06av1c_device) for g_nd06av1c_device
    sensorapplogic.o(.text.DistanceThresholdLearning) refers to nd06av1c_data.o(.text.ND06AV1C_GetDepthAndAmpData) for ND06AV1C_GetDepthAndAmpData
    sensorapplogic.o(.text.DistanceThresholdLearning) refers to sensorapplogic.o(.bss.nd06DistancdLearnValue) for nd06DistancdLearnValue
    sensorapplogic.o(.text.DistanceThresholdLearning) refers to sensorapplogic.o(.bss.DistanceThresholdLearningFailed_Flg) for DistanceThresholdLearningFailed_Flg
    sensorapplogic.o(.text.DistanceThresholdLearning) refers to sensorapplogic.o(.bss.DistanceThresholdLearningSuccessFlg) for DistanceThresholdLearningSuccessFlg
[...]
    I2C1_ER_IRQHandler                       0x08000289   Thumb Code     0  startup_stm32h503xx.o(.text)
    I2C1_EV_IRQHandler                       0x08000289   Thumb Code     0  startup_stm32h503xx.o(.text)
    I2C2_ER_IRQHandler                       0x08000289   Thumb Code     0  startup_stm32h503xx.o(.text)
    I2C2_EV_IRQHandler                       0x08000289   Thumb Code     0  startup_stm32h503xx.o(.text)
    I3C1_ER_IRQHandler                       0x08000289   Thumb Code     0  startup_stm32h503xx.o(.text)
    I3C1_EV_IRQHandler                       0x08000289   Thumb Code     0  startup_stm32h503xx.o(.text)
    I3C2_ER_IRQHandler                       0x08000289   Thumb Code     0  startup_stm32h503xx.o(.text)
    I3C2_EV_IRQHandler                       0x08000289   Thumb Code     0  startup_stm32h503xx.o(.text)
    ICACHE_IRQHandler                        0x08000289   Thumb Code     0  startup_stm32h503xx.o(.text)
    IWDG_IRQHandler                          0x08000289   Thumb Code     0  startup_stm32h503xx.o(.text)
    LPTIM1_IRQHandler                        0x08000289   Thumb Code     0  startup_stm32h503xx.o(.text)
    LPTIM2_IRQHandler                        0x08000289   Thumb Code     0  startup_stm32h503xx.o(.text)
    LPUART1_IRQHandler                       0x08000289   Thumb Code     0  startup_stm32h503xx.o(.text)
    PVD_AVD_IRQHandler                       0x08000289   Thumb Code     0  startup_stm32h503xx.o(.text)
    RAMCFG_IRQHandler                        0x08000289   Thumb Code     0  startup_stm32h503xx.o(.text)
    RCC_IRQHandler                           0x08000289   Thumb Code     0  startup_stm32h503xx.o(.text)
    RNG_IRQHandler                           0x08000289   Thumb Code     0  startup_stm32h503xx.o(.text)
    RTC_IRQHandler                           0x08000289   Thumb Code     0  startup_stm32h503xx.o(.text)
    SPI1_IRQHandler                          0x08000289   Thumb Code     0  startup_stm32h503xx.o(.text)
    SPI2_IRQHandler                          0x08000289   Thumb Code     0  startup_stm32h503xx.o(.text)
    SPI3_IRQHandler                          0x08000289   Thumb Code     0  startup_stm32h503xx.o(.text)
    TAMP_IRQHandler                          0x08000289   Thumb Code     0  startup_stm32h503xx.o(.text)
    TIM1_BRK_IRQHandler                      0x08000289   Thumb Code     0  startup_stm32h503xx.o(.text)
    TIM1_CC_IRQHandler                       0x08000289   Thumb Code     0  startup_stm32h503xx.o(.text)
    TIM1_TRG_COM_IRQHandler                  0x08000289   Thumb Code     0  startup_stm32h503xx.o(.text)
    TIM1_UP_IRQHandler                       0x08000289   Thumb Code     0  startup_stm32h503xx.o(.text)
    TIM2_IRQHandler                          0x08000289   Thumb Code     0  startup_stm32h503xx.o(.text)
    TIM3_IRQHandler                          0x08000289   Thumb Code     0  startup_stm32h503xx.o(.text)
    TIM6_IRQHandler                          0x08000289   Thumb Code     0  startup_stm32h503xx.o(.text)
    TIM7_IRQHandler                          0x08000289   Thumb Code     0  startup_stm32h503xx.o(.text)
    USART3_IRQHandler                        0x08000289   Thumb Code     0  startup_stm32h503xx.o(.text)
    USB_DRD_FS_IRQHandler                    0x08000289   Thumb Code     0  startup_stm32h503xx.o(.text)
    WWDG_IRQHandler                          0x08000289   Thumb Code     0  startup_stm32h503xx.o(.text)
    __aeabi_uldivmod                         0x08000295   Thumb Code    98  uldiv.o(.text)
    __aeabi_memcpy                           0x080002f7   Thumb Code    36  memcpya.o(.text)
    __aeabi_memcpy4                          0x080002f7   Thumb Code     0  memcpya.o(.text)
    __aeabi_memcpy8                          0x080002f7   Thumb Code     0  memcpya.o(.text)
    __aeabi_memset                           0x0800031b   Thumb Code    14  memseta.o(.text)
    __aeabi_memset4                          0x0800031b   Thumb Code     0  memseta.o(.text)
    __aeabi_memset8                          0x0800031b   Thumb Code     0  memseta.o(.text)
    __aeabi_memclr                           0x08000329   Thumb Code     4  memseta.o(.text)
    __aeabi_memclr4                          0x08000329   Thumb Code     0  memseta.o(.text)
    __aeabi_memclr8                          0x08000329   Thumb Code     0  memseta.o(.text)
    _memset$wrapper                          0x0800032d   Thumb Code    18  memseta.o(.text)
    strncpy                                  0x0800033f   Thumb Code    24  strncpy.o(.text)
    strlen                                   0x08000357   Thumb Code    14  strlen.o(.text)
    __aeabi_llsl                             0x08000365   Thumb Code    30  llshl.o(.text)
    _ll_shift_l                              0x08000365   Thumb Code     0  llshl.o(.text)
    __aeabi_llsr                             0x08000383   Thumb Code    32  llushr.o(.text)
    _ll_ushift_r                             0x08000383   Thumb Code     0  llushr.o(.text)
    __scatterload                            0x080003a5   Thumb Code    38  init.o(.text)
    __scatterload_rt2                        0x080003a5   Thumb Code     0  init.o(.text)
    __decompress                             0x080003d5   Thumb Code     0  __dczerorl2.o(.text)
    __decompress1                            0x080003d5   Thumb Code    86  __dczerorl2.o(.text)
    BusFault_Handler                         0x0800042d   Thumb Code     4  stm32h5xx_it.o(.text.BusFault_Handler)
    CalcCRC16                                0x08000431   Thumb Code   106  pda_communication.o(.text.CalcCRC16)
    CalcCRC8                                 0x0800049d   Thumb Code   100  rs485.o(.text.CalcCRC8)
    ClosingTimeLearning                      0x08000501   Thumb Code   388  sensorapplogic.o(.text.ClosingTimeLearning)
    DebugMon_Handler                         0x08000685   Thumb Code     2  stm32h5xx_it.o(.text.DebugMon_Handler)
    DetectInitialState                       0x08000689   Thumb Code   142  elevatorsignalmonitor.o(.text.DetectInitialState)
    DistanceThresholdLearning                0x08000719   Thumb Code   568  sensorapplogic.o(.text.DistanceThresholdLearning)
    ElevatorSignaMonitoring                  0x08000951   Thumb Code   206  elevatorsignalmonitor.o(.text.ElevatorSignaMonitoring)
    Error_Handler                            0x08000a21   Thumb Code     6  main.o(.text.Error_Handler)
    FLASH_Erase_Sector                       0x08000a29   Thumb Code    96  stm32h5xx_hal_flash_ex.o(.text.FLASH_Erase_Sector)
    FLASH_WaitForLastOperation               0x08000b8d   Thumb Code   176  stm32h5xx_hal_flash.o(.text.FLASH_WaitForLastOperation)
    HAL_DMA_Abort                            0x08000c3d   Thumb Code   278  stm32h5xx_hal_dma.o(.text.HAL_DMA_Abort)
    HAL_DMA_Abort_IT                         0x08000d55   Thumb Code    84  stm32h5xx_hal_dma.o(.text.HAL_DMA_Abort_IT)
    HAL_Delay                                0x08000da9   Thumb Code    66  stm32h5xx_hal.o(.text.HAL_Delay)
    HAL_FLASHEx_Erase                        0x08000ded   Thumb Code   286  stm32h5xx_hal_flash_ex.o(.text.HAL_FLASHEx_Erase)
    HAL_FLASH_Lock                           0x08000f0d   Thumb Code    48  stm32h5xx_hal_flash.o(.text.HAL_FLASH_Lock)
    HAL_FLASH_Program                        0x08000f3d   Thumb Code   204  stm32h5xx_hal_flash.o(.text.HAL_FLASH_Program)
    HAL_FLASH_Unlock                         0x08001009   Thumb Code    86  stm32h5xx_hal_flash.o(.text.HAL_FLASH_Unlock)
    HAL_GPIO_DeInit                          0x08001061   Thumb Code   334  stm32h5xx_hal_gpio.o(.text.HAL_GPIO_DeInit)
    HAL_GPIO_Init                            0x080011b1   Thumb Code   718  stm32h5xx_hal_gpio.o(.text.HAL_GPIO_Init)
    HAL_GPIO_TogglePin                       0x08001481   Thumb Code    38  stm32h5xx_hal_gpio.o(.text.HAL_GPIO_TogglePin)
    HAL_GPIO_WritePin                        0x080014a9   Thumb Code    44  stm32h5xx_hal_gpio.o(.text.HAL_GPIO_WritePin)
    HAL_GetTick                              0x080014d5   Thumb Code    12  stm32h5xx_hal.o(.text.HAL_GetTick)
    HAL_I2CEx_ConfigAnalogFilter             0x080014e1   Thumb Code   152  stm32h5xx_hal_i2c_ex.o(.text.HAL_I2CEx_ConfigAnalogFilter)
    HAL_I2CEx_ConfigDigitalFilter            0x08001579   Thumb Code   162  stm32h5xx_hal_i2c_ex.o(.text.HAL_I2CEx_ConfigDigitalFilter)
    HAL_I2C_Init                             0x0800161d   Thumb Code   276  stm32h5xx_hal_i2c.o(.text.HAL_I2C_Init)
    HAL_I2C_Mem_Read                         0x08001731   Thumb Code   650  stm32h5xx_hal_i2c.o(.text.HAL_I2C_Mem_Read)
    HAL_I2C_Mem_Write                        0x080019bd   Thumb Code   628  stm32h5xx_hal_i2c.o(.text.HAL_I2C_Mem_Write)
    HAL_I2C_MspInit                          0x08001c31   Thumb Code   170  i2c.o(.text.HAL_I2C_MspInit)
    HAL_ICACHE_ConfigAssociativityMode       0x08001cdd   Thumb Code    64  stm32h5xx_hal_icache.o(.text.HAL_ICACHE_ConfigAssociativityMode)
    HAL_ICACHE_Disable                       0x08001d1d   Thumb Code   112  stm32h5xx_hal_icache.o(.text.HAL_ICACHE_Disable)
    HAL_ICACHE_Enable                        0x08001d8d   Thumb Code    20  stm32h5xx_hal_icache.o(.text.HAL_ICACHE_Enable)
    HAL_IncTick                              0x08001da1   Thumb Code    26  stm32h5xx_hal.o(.text.HAL_IncTick)
    HAL_Init                                 0x08001dbd   Thumb Code    94  stm32h5xx_hal.o(.text.HAL_Init)
    HAL_InitTick                             0x08001e1d   Thumb Code   276  stm32h5xx_hal.o(.text.HAL_InitTick)
    HAL_MspInit                              0x08001f31   Thumb Code     2  stm32h5xx_hal_msp.o(.text.HAL_MspInit)
    HAL_NVIC_DisableIRQ                      0x08001f35   Thumb Code    20  stm32h5xx_hal_cortex.o(.text.HAL_NVIC_DisableIRQ)
    HAL_NVIC_EnableIRQ                       0x08001f49   Thumb Code    20  stm32h5xx_hal_cortex.o(.text.HAL_NVIC_EnableIRQ)
    HAL_NVIC_SetPriority                     0x08001f5d   Thumb Code    46  stm32h5xx_hal_cortex.o(.text.HAL_NVIC_SetPriority)
    HAL_NVIC_SetPriorityGrouping             0x08001f8d   Thumb Code    16  stm32h5xx_hal_cortex.o(.text.HAL_NVIC_SetPriorityGrouping)
    HAL_NVIC_SystemReset                     0x08001f9d   Thumb Code     4  stm32h5xx_hal_cortex.o(.text.HAL_NVIC_SystemReset)
    HAL_RCCEx_GetPLL1ClockFreq               0x08001fa1   Thumb Code   748  stm32h5xx_hal_rcc_ex.o(.text.HAL_RCCEx_GetPLL1ClockFreq)
    HAL_RCCEx_GetPLL2ClockFreq               0x08002299   Thumb Code   748  stm32h5xx_hal_rcc_ex.o(.text.HAL_RCCEx_GetPLL2ClockFreq)
    HAL_RCCEx_GetPeriphCLKFreq               0x08002591   Thumb Code  4080  stm32h5xx_hal_rcc_ex.o(.text.HAL_RCCEx_GetPeriphCLKFreq)
    HAL_RCCEx_PeriphCLKConfig                0x08003581   Thumb Code  2714  stm32h5xx_hal_rcc_ex.o(.text.HAL_RCCEx_PeriphCLKConfig)
    HAL_RCC_ClockConfig                      0x0800401d   Thumb Code  1172  stm32h5xx_hal_rcc.o(.text.HAL_RCC_ClockConfig)
    HAL_RCC_GetHCLKFreq                      0x080044b1   Thumb Code    52  stm32h5xx_hal_rcc.o(.text.HAL_RCC_GetHCLKFreq)
    HAL_RCC_GetPCLK1Freq                     0x080044e5   Thumb Code    38  stm32h5xx_hal_rcc.o(.text.HAL_RCC_GetPCLK1Freq)
    HAL_RCC_GetPCLK2Freq                     0x0800450d   Thumb Code    38  stm32h5xx_hal_rcc.o(.text.HAL_RCC_GetPCLK2Freq)
    HAL_RCC_GetPCLK3Freq                     0x08004535   Thumb Code    38  stm32h5xx_hal_rcc.o(.text.HAL_RCC_GetPCLK3Freq)
    HAL_RCC_GetSysClockFreq                  0x0800455d   Thumb Code   700  stm32h5xx_hal_rcc.o(.text.HAL_RCC_GetSysClockFreq)
    HAL_RCC_OscConfig                        0x08004829   Thumb Code  2556  stm32h5xx_hal_rcc.o(.text.HAL_RCC_OscConfig)
    HAL_RTCEx_PrivilegeModeSet               0x08005225   Thumb Code    80  stm32h5xx_hal_rtc_ex.o(.text.HAL_RTCEx_PrivilegeModeSet)
    HAL_RTC_Init                             0x08005275   Thumb Code   316  stm32h5xx_hal_rtc.o(.text.HAL_RTC_Init)
    HAL_RTC_MspInit                          0x080053b1   Thumb Code   116  rtc.o(.text.HAL_RTC_MspInit)
    HAL_RTC_WaitForSynchro                   0x08005425   Thumb Code   116  stm32h5xx_hal_rtc.o(.text.HAL_RTC_WaitForSynchro)
    HAL_SYSTICK_CLKSourceConfig              0x08005499   Thumb Code   154  stm32h5xx_hal_cortex.o(.text.HAL_SYSTICK_CLKSourceConfig)
    HAL_SYSTICK_Callback                     0x08005535   Thumb Code   276  platform.o(.text.HAL_SYSTICK_Callback)
    HAL_SYSTICK_Config                       0x08005649   Thumb Code    74  stm32h5xx_hal_cortex.o(.text.HAL_SYSTICK_Config)
    HAL_SYSTICK_GetCLKSourceConfig           0x08005695   Thumb Code    98  stm32h5xx_hal_cortex.o(.text.HAL_SYSTICK_GetCLKSourceConfig)
    HAL_SYSTICK_IRQHandler                   0x080056f9   Thumb Code     8  stm32h5xx_hal_cortex.o(.text.HAL_SYSTICK_IRQHandler)
    HAL_UARTEx_DisableFifoMode               0x08005701   Thumb Code   124  stm32h5xx_hal_uart_ex.o(.text.HAL_UARTEx_DisableFifoMode)
    HAL_UARTEx_RxEventCallback               0x0800577d   Thumb Code    12  stm32h5xx_hal_uart.o(.text.HAL_UARTEx_RxEventCallback)
    HAL_UARTEx_RxFifoFullCallback            0x08005789   Thumb Code     8  stm32h5xx_hal_uart_ex.o(.text.HAL_UARTEx_RxFifoFullCallback)
    HAL_UARTEx_SetRxFifoThreshold            0x08005791   Thumb Code   140  stm32h5xx_hal_uart_ex.o(.text.HAL_UARTEx_SetRxFifoThreshold)
    HAL_UARTEx_SetTxFifoThreshold            0x0800581d   Thumb Code   140  stm32h5xx_hal_uart_ex.o(.text.HAL_UARTEx_SetTxFifoThreshold)
    HAL_UARTEx_TxFifoEmptyCallback           0x080058a9   Thumb Code     8  stm32h5xx_hal_uart_ex.o(.text.HAL_UARTEx_TxFifoEmptyCallback)
    HAL_UARTEx_WakeupCallback                0x080058b1   Thumb Code     8  stm32h5xx_hal_uart_ex.o(.text.HAL_UARTEx_WakeupCallback)
    HAL_UART_DeInit                          0x080058b9   Thumb Code   124  stm32h5xx_hal_uart.o(.text.HAL_UART_DeInit)
    HAL_UART_ErrorCallback                   0x08005935   Thumb Code     8  stm32h5xx_hal_uart.o(.text.HAL_UART_ErrorCallback)
    HAL_UART_IRQHandler                      0x0800593d   Thumb Code  1346  stm32h5xx_hal_uart.o(.text.HAL_UART_IRQHandler)
    HAL_UART_Init                            0x08005e81   Thumb Code   170  stm32h5xx_hal_uart.o(.text.HAL_UART_Init)
    HAL_UART_MspDeInit                       0x08005f2d   Thumb Code   178  usart.o(.text.HAL_UART_MspDeInit)
    HAL_UART_MspInit                         0x08005fe1   Thumb Code   550  usart.o(.text.HAL_UART_MspInit)
    HAL_UART_Receive                         0x08006209   Thumb Code   466  stm32h5xx_hal_uart.o(.text.HAL_UART_Receive)
    HAL_UART_Receive_IT                      0x080063dd   Thumb Code   188  stm32h5xx_hal_uart.o(.text.HAL_UART_Receive_IT)
    HAL_UART_RxCpltCallback                  0x08006499   Thumb Code  1470  rs485.o(.text.HAL_UART_RxCpltCallback)
    HAL_UART_Transmit                        0x08006a59   Thumb Code   340  stm32h5xx_hal_uart.o(.text.HAL_UART_Transmit)
    HAL_UART_Transmit_IT                     0x08006bad   Thumb Code   332  stm32h5xx_hal_uart.o(.text.HAL_UART_Transmit_IT)
    HAL_UART_TxCpltCallback                  0x08006cf9   Thumb Code    76  rs485.o(.text.HAL_UART_TxCpltCallback)
    HandleControl                            0x08006d45   Thumb Code  1470  pda_communication.o(.text.HandleControl)
    HandleHandshake                          0x08007305   Thumb Code   720  pda_communication.o(.text.HandleHandshake)
    HandleHeartbeat                          0x080075d5   Thumb Code  1368  pda_communication.o(.text.HandleHeartbeat)
    HandleParamRead                          0x08007b2d   Thumb Code   618  pda_communication.o(.text.HandleParamRead)
    HandleParamWrite                         0x08007d99   Thumb Code   688  pda_communication.o(.text.HandleParamWrite)
    HardFault_Handler                        0x08008049   Thumb Code     4  stm32h5xx_it.o(.text.HardFault_Handler)
    MX_GPIO_DTS6012_Init                     0x08008675   Thumb Code    94  gpio.o(.text.MX_GPIO_DTS6012_Init)
    MX_GPIO_Init                             0x080086d5   Thumb Code   306  gpio.o(.text.MX_GPIO_Init)
    MX_I2C1_Init                             0x08008809   Thumb Code   118  i2c.o(.text.MX_I2C1_Init)
    MX_ICACHE_Init                           0x08008881   Thumb Code    34  icache.o(.text.MX_ICACHE_Init)
    MX_RTC_Init                              0x080088a5   Thumb Code   120  rtc.o(.text.MX_RTC_Init)
    MX_USART1_UART_Init                      0x0800891d   Thumb Code   148  usart.o(.text.MX_USART1_UART_Init)
    MX_USART2_UART_Init                      0x080089b1   Thumb Code   148  usart.o(.text.MX_USART2_UART_Init)
    MX_USART3_UART_Init                      0x08008a45   Thumb Code   148  usart.o(.text.MX_USART3_UART_Init)
    MemManage_Handler                        0x08008ad9   Thumb Code     4  stm32h5xx_it.o(.text.MemManage_Handler)
    ND06AV1C_ClearDataValidFlag              0x08008add   Thumb Code    90  nd06av1c_data.o(.text.ND06AV1C_ClearDataValidFlag)
    ND06AV1C_Delay10us                       0x08008b39   Thumb Code    24  nd06av1c_dev.o(.text.ND06AV1C_Delay10us)
    ND06AV1C_Delay1ms                        0x08008b51   Thumb Code    24  nd06av1c_dev.o(.text.ND06AV1C_Delay1ms)
    ND06AV1C_GetDepthAndAmpData              0x08008b69   Thumb Code   296  nd06av1c_data.o(.text.ND06AV1C_GetDepthAndAmpData)
    ND06AV1C_GetDevInfo                      0x08008c91   Thumb Code    32  nd06av1c_dev.o(.text.ND06AV1C_GetDevInfo)
    ND06AV1C_GetFirmwareVersion              0x08008cb1   Thumb Code    50  nd06av1c_dev.o(.text.ND06AV1C_GetFirmwareVersion)
    ND06AV1C_HardwareSleep                   0x08008ce5   Thumb Code    28  nd06av1c_dev.o(.text.ND06AV1C_HardwareSleep)
    ND06AV1C_HardwareWakeup                  0x08008d01   Thumb Code    40  nd06av1c_dev.o(.text.ND06AV1C_HardwareWakeup)
    ND06AV1C_I2CErrCallback                  0x08008d29   Thumb Code   136  nd06av1c_dev.o(.text.ND06AV1C_I2CErrCallback)
    ND06AV1C_Init                            0x08008db1   Thumb Code   154  nd06av1c_app.o(.text.ND06AV1C_Init)
    ND06AV1C_InitDevice                      0x08008e4d   Thumb Code    30  nd06av1c_dev.o(.text.ND06AV1C_InitDevice)
    ND06AV1C_ReadNWords                      0x08008e6d   Thumb Code   160  nd06av1c_comm.o(.text.ND06AV1C_ReadNWords)
    ND06AV1C_ReadWord                        0x08008f0d   Thumb Code   148  nd06av1c_comm.o(.text.ND06AV1C_ReadWord)
    ND06AV1C_RegisteredIICApi                0x08008fa1   Thumb Code    34  nd06av1c_comm.o(.text.ND06AV1C_RegisteredIICApi)
    ND06AV1C_RegisteredPlatformApi           0x08008fc5   Thumb Code    68  nd06av1c_dev.o(.text.ND06AV1C_RegisteredPlatformApi)
    ND06AV1C_StartMeasurement                0x08009009   Thumb Code    90  nd06av1c_data.o(.text.ND06AV1C_StartMeasurement)
    ND06AV1C_WaitDepthAndAmpBufReady         0x08009065   Thumb Code   128  nd06av1c_data.o(.text.ND06AV1C_WaitDepthAndAmpBufReady)
    ND06AV1C_WaitDeviceBootUp                0x080090e5   Thumb Code   474  nd06av1c_dev.o(.text.ND06AV1C_WaitDeviceBootUp)
    ND06AV1C_WriteByte                       0x080092c1   Thumb Code    54  nd06av1c_comm.o(.text.ND06AV1C_WriteByte)
    ND06AV1C_WriteWord                       0x080092f9   Thumb Code   172  nd06av1c_comm.o(.text.ND06AV1C_WriteWord)
    ND06_Reset                               0x080093a5   Thumb Code    52  sensorapplogic.o(.text.ND06_Reset)
    NMI_Handler                              0x080093d9   Thumb Code     4  stm32h5xx_it.o(.text.NMI_Handler)
    ObjectDetection                          0x08009449   Thumb Code   878  sensorapplogic.o(.text.ObjectDetection)
    PendSV_Handler                           0x080097b9   Thumb Code     2  stm32h5xx_it.o(.text.PendSV_Handler)
    ProcessElevatorData                      0x080097bd   Thumb Code   852  rs485.o(.text.ProcessElevatorData)
    ProcessPacket                            0x08009b11   Thumb Code   252  pda_communication.o(.text.ProcessPacket)
    ProcessTooling                           0x08009c0d   Thumb Code   144  rs485.o(.text.ProcessTooling)
    RS485_Elevator_Init                      0x08009e09   Thumb Code    60  rs485.o(.text.RS485_Elevator_Init)
    RTC_EnterInitMode                        0x08009e45   Thumb Code   162  stm32h5xx_hal_rtc.o(.text.RTC_EnterInitMode)
    RTC_ExitInitMode                         0x08009ee9   Thumb Code   138  stm32h5xx_hal_rtc.o(.text.RTC_ExitInitMode)
    SVC_Handler                              0x08009f75   Thumb Code     2  stm32h5xx_it.o(.text.SVC_Handler)
    SysTick_Handler                          0x08009f79   Thumb Code    12  stm32h5xx_it.o(.text.SysTick_Handler)
    SystemClock_Config                       0x08009f85   Thumb Code   204  main.o(.text.SystemClock_Config)
    SystemInit                               0x0800a051   Thumb Code   278  system_stm32h5xx.o(.text.SystemInit)
    TOOLING_USART2_UART_Init                 0x0800a169   Thumb Code   148  toolingtest.o(.text.TOOLING_USART2_UART_Init)
    ToolingTest                              0x0800a1fd   Thumb Code   114  main.o(.text.ToolingTest)
    UART_AdvFeatureConfig                    0x0800a2fd   Thumb Code   328  stm32h5xx_hal_uart.o(.text.UART_AdvFeatureConfig)
    UART_CheckIdleState                      0x0800a445   Thumb Code   326  stm32h5xx_hal_uart.o(.text.UART_CheckIdleState)
    UART_SetConfig                           0x0800afa5   Thumb Code   752  stm32h5xx_hal_uart.o(.text.UART_SetConfig)
    UART_Start_Receive_IT                    0x0800b295   Thumb Code   546  stm32h5xx_hal_uart.o(.text.UART_Start_Receive_IT)
    UART_WaitOnFlagUntilTimeout              0x0800b775   Thumb Code   268  stm32h5xx_hal_uart.o(.text.UART_WaitOnFlagUntilTimeout)
    USART1_IRQHandler                        0x0800b881   Thumb Code    16  stm32h5xx_it.o(.text.USART1_IRQHandler)
    USART2_IRQHandler                        0x0800b891   Thumb Code    16  stm32h5xx_it.o(.text.USART2_IRQHandler)
    UpdateDoorStateMachine                   0x0800b8a1   Thumb Code   374  elevatorsignalmonitor.o(.text.UpdateDoorStateMachine)
    UsageFault_Handler                       0x0800ba19   Thumb Code     4  stm32h5xx_it.o(.text.UsageFault_Handler)
    WriteU16LittleEndian                     0x0800ba1d   Thumb Code    24  pda_communication.o(.text.WriteU16LittleEndian)
    WriteU32LittleEndian                     0x0800ba35   Thumb Code    40  pda_communication.o(.text.WriteU32LittleEndian)
    cargoLift_ObjectDetection                0x0800bb7d   Thumb Code   878  sensorapplogic.o(.text.cargoLift_ObjectDetection)
    cargoLift_sensor_action_control          0x0800beed   Thumb Code   290  sensorapplogic.o(.text.cargoLift_sensor_action_control)
    cargoLift_sensor_status_control          0x0800c011   Thumb Code   442  sensorapplogic.o(.text.cargoLift_sensor_status_control)
    cargolift_DistanceThresholdLearning      0x0800c1cd   Thumb Code  1170  sensorapplogic.o(.text.cargolift_DistanceThresholdLearning)
    delay_10us                               0x0800c661   Thumb Code    22  platform.o(.text.delay_10us)
    delay_1ms                                0x0800c679   Thumb Code    16  platform.o(.text.delay_1ms)
    delay_us                                 0x0800c689   Thumb Code   154  platform.o(.text.delay_us)
    detectError                              0x0800c725   Thumb Code   560  sensorapplogic.o(.text.detectError)
    dts6012_getDepthAndAmp                   0x0800c955   Thumb Code   272  dts6012m.o(.text.dts6012_getDepthAndAmp)
    dts6012_start                            0x0800ca65   Thumb Code    28  dts6012m.o(.text.dts6012_start)
    dts6012m_Stop                            0x0800ca81   Thumb Code    28  dts6012m.o(.text.dts6012m_Stop)
    get_now_time_us                          0x0800ca9d   Thumb Code     6  platform.o(.text.get_now_time_us)
    i2c_read_nbytes                          0x0800caa5   Thumb Code    88  platform.o(.text.i2c_read_nbytes)
    i2c_write_nbytes                         0x0800cafd   Thumb Code    88  platform.o(.text.i2c_write_nbytes)
    initTooling                              0x0800cb55   Thumb Code     8  toolingtest.o(.text.initTooling)
    isBackDoorID                             0x0800cb5d   Thumb Code    54  rs485.o(.text.isBackDoorID)
    isFrontDoorID                            0x0800cb95   Thumb Code    54  rs485.o(.text.isFrontDoorID)
    main                                     0x0800cbcd   Thumb Code   220  main.o(.text.main)
    normalWork                               0x0800cca9   Thumb Code   428  main.o(.text.normalWork)
    paraTableSum                             0x0800ce55   Thumb Code    56  sensorparatable.o(.text.paraTableSum)
    paraTable_Init                           0x0800ce8d   Thumb Code    68  sensorparatable.o(.text.paraTable_Init)
    paraTable_Read                           0x0800ced1   Thumb Code    48  sensorparatable.o(.text.paraTable_Read)
    paraTable_Write                          0x0800cf01   Thumb Code    62  sensorparatable.o(.text.paraTable_Write)
    sensor_action_control                    0x0800cf41   Thumb Code   520  sensorapplogic.o(.text.sensor_action_control)
    sensor_status_control                    0x0800d149   Thumb Code   176  sensorapplogic.o(.text.sensor_status_control)
    set_xshut_pin_level                      0x0800d1f9   Thumb Code    28  platform.o(.text.set_xshut_pin_level)
    stmflash_read                            0x0800d501   Thumb Code    60  stmflash.o(.text.stmflash_read)
    stmflash_read_word                       0x0800d53d   Thumb Code    12  stmflash.o(.text.stmflash_read_word)
    stmflash_write                           0x0800d549   Thumb Code   280  stmflash.o(.text.stmflash_write)
    testDTS                                  0x0800d661   Thumb Code   402  toolingtest.o(.text.testDTS)
    testND06                                 0x0800d7f5   Thumb Code   512  toolingtest.o(.text.testND06)
    xor_checkSum                             0x0800d9f5   Thumb Code    74  rs485.o(.text.xor_checkSum)
    __scatterload_copy                       0x0800da3f   Thumb Code    14  handlers.o(i.__scatterload_copy)
    __scatterload_null                       0x0800da4d   Thumb Code     2  handlers.o(i.__scatterload_null)
    __scatterload_zeroinit                   0x0800da4f   Thumb Code    14  handlers.o(i.__scatterload_zeroinit)
    AHBPrescTable                            0x0800da5c   Data          16  system_stm32h5xx.o(.rodata.AHBPrescTable)
    APBPrescTable                            0x0800da6c   Data           8  system_stm32h5xx.o(.rodata.APBPrescTable)
    UARTPrescTable                           0x0800da84   Data          24  stm32h5xx_hal_uart.o(.rodata.UARTPrescTable)
    auchCRCHi                                0x0800da9c   Data         256  pda_communication.o(.rodata.auchCRCHi)
    auchCRCLo                                0x0800db9c   Data         256  pda_communication.o(.rodata.auchCRCLo)
    Region$$Table$$Base                      0x0800dcb4   Number         0  anon$$obj.o(Region$$Table)
    Region$$Table$$Limit                     0x0800dcd4   Number         0  anon$$obj.o(Region$$Table)
    ParaTable_Default                        0x20000000   Data         140  sensorparatable.o(.data.ParaTable_Default)
    SystemCoreClock                          0x2000008c   Data           4  system_stm32h5xx.o(.data.SystemCoreClock)
    ToolingTestFlag                          0x20000090   Data           4  producttoolinginspection.o(.data.ToolingTestFlag)
    closingDoorTimeThreshold                 0x20000094   Data           4  pda_communication.o(.data.closingDoorTimeThreshold)
    dts6012m_start_cmd                       0x20000098   Data           9  dts6012m.o(.data.dts6012m_start_cmd)
    dts6012m_stop_cmd                        0x200000a1   Data           9  dts6012m.o(.data.dts6012m_stop_cmd)
    gLookupTableCRC8                         0x200000aa   Data         256  rs485.o(.data.gLookupTableCRC8)
    g_nd06av1c_device                        0x200001ac   Data          16  nd06av1c_app.o(.data.g_nd06av1c_device)
    isSixBytes                               0x200001bc   Data           1  rs485.o(.data.isSixBytes)
    pFlash                                   0x200001c0   Data          28  stm32h5xx_hal_flash.o(.data.pFlash)
    readDataWaitCnt                          0x200001dc   Data           4  nd06av1c_data.o(.data.readDataWaitCnt)
    rxSize                                   0x200001e0   Data           2  rs485.o(.data.rxSize)
    sensor_old_status                        0x200001e4   Data           4  sensorapplogic.o(.data.sensor_old_status)
    sensor_status                            0x200001e8   Data           4  sensorapplogic.o(.data.sensor_status)
    tryTimesToolingN                         0x200001ec   Data           2  toolingtest.o(.data.tryTimesToolingN)
    uwTickFreq                               0x200001ee   Data           1  stm32h5xx_hal.o(.data.uwTickFreq)
    uwTickPrio                               0x200001f0   Data           4  stm32h5xx_hal.o(.data.uwTickPrio)
    CSpara                                   0x200001f8   Data          20  rs485.o(.bss.CSpara)
    ClosingTimeLearningFailed_Flg            0x20000214   Data           1  sensorapplogic.o(.bss.ClosingTimeLearningFailed_Flg)
    ClosingTimeLearningReqFlg                0x20000218   Data           4  pda_communication.o(.bss.ClosingTimeLearningReqFlg)
    ClosingTimeLearningSuccessFlg            0x2000021c   Data           4  sensorapplogic.o(.bss.ClosingTimeLearningSuccessFlg)
    Delay10usLib                             0x20000220   Data           4  nd06av1c_dev.o(.bss.Delay10usLib)
    Delay1msLib                              0x20000224   Data           4  nd06av1c_dev.o(.bss.Delay1msLib)
    DistanceThresholdLearningFailed_Flg      0x20000228   Data           1  sensorapplogic.o(.bss.DistanceThresholdLearningFailed_Flg)
    DistanceThresholdLearningReqFlg          0x2000022c   Data           4  pda_communication.o(.bss.DistanceThresholdLearningReqFlg)
    DistanceThresholdLearningSuccessFlg      0x20000230   Data           4  sensorapplogic.o(.bss.DistanceThresholdLearningSuccessFlg)
    ErrData                                  0x20000234   Data           4  sensorapplogic.o(.bss.ErrData)
    GetNowTimeUsLib                          0x20000238   Data           4  nd06av1c_dev.o(.bss.GetNowTimeUsLib)
    I2C_ReadNBytesLib                        0x2000023c   Data           4  nd06av1c_comm.o(.bss.I2C_ReadNBytesLib)
    I2C_WriteNBytesLib                       0x20000240   Data           4  nd06av1c_comm.o(.bss.I2C_WriteNBytesLib)
    IO_ND06                                  0x20000244   Data           1  sensorapplogic.o(.bss.IO_ND06)
    IO_dts6012                               0x20000245   Data           1  sensorapplogic.o(.bss.IO_dts6012)
    IdleFlg                                  0x20000248   Data           4  elevatorsignalmonitor.o(.bss.IdleFlg)
    ND06AV1C_REG_OFS                         0x2000024c   Data           2  nd06av1c_comm.o(.bss.ND06AV1C_REG_OFS)
    ND06AV1C_WaitDataReadyFlag               0x2000024e   Data           2  nd06av1c_data.o(.bss.ND06AV1C_WaitDataReadyFlag)
    ND06DataTooling                          0x20000250   Data          64  toolingtest.o(.bss.ND06DataTooling)
    ObjectIsDetectedFlag                     0x20000290   Data           1  sensorapplogic.o(.bss.ObjectIsDetectedFlag)
    PARA_TABLE_USE                           0x20000294   Data         140  sensorparatable.o(.bss.PARA_TABLE_USE)
    ParaTableSave                            0x20000320   Data         144  sensorparatable.o(.bss.ParaTableSave)
    RxElevatorCnt                            0x200003b0   Data           2  rs485.o(.bss.RxElevatorCnt)
    STOP_ClosingTimeLearningReqFlg           0x200003b2   Data           1  pda_communication.o(.bss.STOP_ClosingTimeLearningReqFlg)
    STOP_DistanceThresholdLearning_ReqFlg    0x200003b3   Data           1  pda_communication.o(.bss.STOP_DistanceThresholdLearning_ReqFlg)
    TIME_100MS_FLAG                          0x200003b4   Data           4  platform.o(.bss.TIME_100MS_FLAG)
    TIME_10MS_FLAG                           0x200003b8   Data           4  platform.o(.bss.TIME_10MS_FLAG)
    TIME_1MS_FLAG                            0x200003bc   Data           4  platform.o(.bss.TIME_1MS_FLAG)
    TIME_1S_FLAG                             0x200003c0   Data           4  platform.o(.bss.TIME_1S_FLAG)
    TIME_5MS_FLAG                            0x200003c4   Data           4  platform.o(.bss.TIME_5MS_FLAG)
    closeTimeCnt                             0x200003d0   Data           4  sensorapplogic.o(.bss.closeTimeCnt)
    closingNoObjectCnt                       0x200003d4   Data           1  sensorapplogic.o(.bss.closingNoObjectCnt)
    closingPhaseTimer                        0x200003d8   Data           4  elevatorsignalmonitor.o(.bss.closingPhaseTimer)
    count100ms                               0x200003dc   Data           4  platform.o(.bss.count100ms)
    count10ms                                0x200003e0   Data           4  platform.o(.bss.count10ms)
    count1ms                                 0x200003e4   Data           4  platform.o(.bss.count1ms)
    count1s                                  0x200003e8   Data           4  platform.o(.bss.count1s)
    count5ms                                 0x200003ec   Data           4  platform.o(.bss.count5ms)
    currentDoorState                         0x200003f0   Data           1  elevatorsignalmonitor.o(.bss.currentDoorState)
    dTS6012M_Rdata                           0x200003f1   Data          23  dts6012m.o(.bss.dTS6012M_Rdata)
    dTS6012M_errCnt                          0x20000408   Data           2  dts6012m.o(.bss.dTS6012M_errCnt)
    dTS6012M_errFlag                         0x2000040a   Data           2  dts6012m.o(.bss.dTS6012M_errFlag)
    dTS6012_Rdata                            0x2000040c   Data          23  toolingtest.o(.bss.dTS6012_Rdata)
    dev_op                                   0x20000424   Data          20  nd06av1c_app.o(.bss.dev_op)
    ds6012OutputEN                           0x20000438   Data           4  elevatorsignalmonitor.o(.bss.ds6012OutputEN)
    dts6012AddCnt                            0x2000043c   Data           4  sensorapplogic.o(.bss.dts6012AddCnt)
    dts6012DataTooling                       0x20000440   Data          10  toolingtest.o(.bss.dts6012DataTooling)
    dts6012DistancdLearnValue                0x2000044c   Data           4  sensorapplogic.o(.bss.dts6012DistancdLearnValue)
    dts6012DistanceThresholdLearningSuccessFlg 0x20000450   Data           4  sensorapplogic.o(.bss.dts6012DistanceThresholdLearningSuccessFlg)
    dts6012_data                             0x20000454   Data          10  sensorapplogic.o(.bss.dts6012_data)
    fingerDetected_flag                      0x2000045e   Data           1  sensorapplogic.o(.bss.fingerDetected_flag)
    headerIsFoundFlag                        0x20000460   Data           2  rs485.o(.bss.headerIsFoundFlag)
    hi2c1                                    0x20000464   Data          84  i2c.o(.bss.hi2c1)
    hrtc                                     0x200004b8   Data          48  rtc.o(.bss.hrtc)
    huart1                                   0x200004e8   Data         148  usart.o(.bss.huart1)
    huart2                                   0x2000057c   Data         148  usart.o(.bss.huart2)
    huart3                                   0x20000610   Data         148  usart.o(.bss.huart3)
    iindex                                   0x200006a4   Data           1  rs485.o(.bss.iindex)
    isFixBytes                               0x200006a5   Data           1  rs485.o(.bss.isFixBytes)
    isToolingTest                            0x200006a6   Data           1  main.o(.bss.isToolingTest)
    ledCnt                                   0x200006a8   Data           2  sensorapplogic.o(.bss.ledCnt)
    m_sensorType111                          0x200006aa   Data           1  pda_communication.o(.bss.m_sensorType111)
    masterElevator_LevelingSignal            0x200006ab   Data           1  rs485.o(.bss.masterElevator_LevelingSignal)
    nd06AV1C_objDetectFlag                   0x200006ac   Data           1  sensorapplogic.o(.bss.nd06AV1C_objDetectFlag)
    nd06AddCnt                               0x200006b0   Data           4  sensorapplogic.o(.bss.nd06AddCnt)
    nd06DistancdLearnValue                   0x200006b4   Data           4  sensorapplogic.o(.bss.nd06DistancdLearnValue)
    nd06DistanceThresholdLearningSuccessFlg  0x200006b8   Data           4  sensorapplogic.o(.bss.nd06DistanceThresholdLearningSuccessFlg)
    nd06OutputEN                             0x200006bc   Data           4  elevatorsignalmonitor.o(.bss.nd06OutputEN)
    nd06PixelAddCnt                          0x200006c0   Data          64  sensorapplogic.o(.bss.nd06PixelAddCnt)
    nd06StudyDep                             0x20000700   Data          64  sensorapplogic.o(.bss.nd06StudyDep)
    nd06_data                                0x20000740   Data          64  sensorapplogic.o(.bss.nd06_data)
    now_ClosingTimeLearning_Flg              0x20000780   Data           1  sensorapplogic.o(.bss.now_ClosingTimeLearning_Flg)
    now_DistanceThresholdLearning_Flg        0x20000781   Data           1  sensorapplogic.o(.bss.now_DistanceThresholdLearning_Flg)
    objectDCnt_H                             0x20000784   Data           4  sensorapplogic.o(.bss.objectDCnt_H)
    objectDCnt_P                             0x20000788   Data           4  sensorapplogic.o(.bss.objectDCnt_P)
    objectDetectionErrorCnt                  0x2000078c   Data           1  sensorapplogic.o(.bss.objectDetectionErrorCnt)
    pastDoorState                            0x2000078d   Data           1  elevatorsignalmonitor.o(.bss.pastDoorState)
    pixelOccludedFlag                        0x20000790   Data           4  sensorapplogic.o(.bss.pixelOccludedFlag)
    prevFlag                                 0x20000794   Data           1  sensorapplogic.o(.bss.prevFlag)
    regionalObjectDetected_flag_ND06         0x20000795   Data           1  sensorapplogic.o(.bss.regionalObjectDetected_flag_ND06)
    res1                                     0x20000796   Data           1  rs485.o(.bss.res1)
    res2                                     0x20000797   Data           1  rs485.o(.bss.res2)
    rxDBuffPDA                               0x20000798   Data         128  rs485.o(.bss.rxDBuffPDA)
    rxDBuffTooling                           0x20000818   Data          10  rs485.o(.bss.rxDBuffTooling)
    rxDataBuffElevator                       0x20000822   Data           1  rs485.o(.bss.rxDataBuffElevator)
    rxDataEleHeander                         0x20000823   Data           1  rs485.o(.bss.rxDataEleHeander)
    rxIndex                                  0x20000824   Data           2  rs485.o(.bss.rxIndex)
    rxIndexTooling                           0x20000826   Data           2  rs485.o(.bss.rxIndexTooling)
    rx_DBuffPDA                              0x20000828   Data         128  rs485.o(.bss.rx_DBuffPDA)
    rx_data_Elevator                         0x200008a8   Data           6  rs485.o(.bss.rx_data_Elevator)
    show_crc                                 0x200008ae   Data           2  pda_communication.o(.bss.show_crc)
    show_pktcrc                              0x200008b0   Data           2  pda_communication.o(.bss.show_pktcrc)
    stopIOOutputFlag                         0x200008b2   Data           1  sensorapplogic.o(.bss.stopIOOutputFlag)
    testArr                                  0x200008b3   Data         100  rs485.o(.bss.testArr)
    testii                                   0x20000918   Data           2  rs485.o(.bss.testii)
    timesND06Failed                          0x2000091a   Data           1  sensorapplogic.o(.bss.timesND06Failed)
    times_ClosingTimeLearning                0x2000091b   Data           1  sensorapplogic.o(.bss.times_ClosingTimeLearning)
    times_DistanceThresholdLearn             0x2000091c   Data           1  sensorapplogic.o(.bss.times_DistanceThresholdLearn)
    total_len                                0x2000091e   Data           2  rs485.o(.bss.total_len)
    txBuffer1                                0x20000920   Data          50  pda_communication.o(.bss.txBuffer1)
    txBuffer2                                0x20000952   Data         144  pda_communication.o(.bss.txBuffer2)
    txBuffer3                                0x200009e2   Data         116  pda_communication.o(.bss.txBuffer3)
    txBuffer4                                0x20000a56   Data         162  pda_communication.o(.bss.txBuffer4)
    txBuffer5                                0x20000af8   Data          24  pda_communication.o(.bss.txBuffer5)
    tx_data_Door                             0x20000b10   Data           7  rs485.o(.bss.tx_data_Door)
    uwTick                                   0x20000b18   Data           4  stm32h5xx_hal.o(.bss.uwTick)
    __initial_sp                             0x20000f20   Data           0  startup_stm32h503xx.o(STACK)



==============================================================================

Memory Map of the image

  Image Entry point : 0x08000259

  Load Region LR_IROM1 (Base: 0x08000000, Size: 0x0000ded0, Max: 0x00020000, ABSOLUTE, COMPRESSED[0x0000de38])

    Execution Region ER_IROM1 (Exec base: 0x08000000, Load base: 0x08000000, Size: 0x0000dcd4, Max: 0x00020000, ABSOLUTE)

    Exec Addr    Load Addr    Size         Type   Attr      Idx    E Section Name        Object

    0x08000000   0x08000000   0x00000258   Data   RO            3    RESET               startup_stm32h503xx.o
    0x08000258   0x08000258   0x00000000   Code   RO         2010  * .ARM.Collect$$$$00000000  mc_w.l(entry.o)
    0x08000258   0x08000258   0x00000004   Code   RO         2033    .ARM.Collect$$$$00000001  mc_w.l(entry2.o)
    0x0800025c   0x0800025c   0x00000004   Code   RO         2036    .ARM.Collect$$$$00000004  mc_w.l(entry5.o)
    0x08000260   0x08000260   0x00000000   Code   RO         2038    .ARM.Collect$$$$00000008  mc_w.l(entry7b.o)
    0x08000260   0x08000260   0x00000000   Code   RO         2040    .ARM.Collect$$$$0000000A  mc_w.l(entry8b.o)
    0x08000260   0x08000260   0x00000008   Code   RO         2041    .ARM.Collect$$$$0000000B  mc_w.l(entry9a.o)
    0x08000268   0x08000268   0x00000000   Code   RO         2043    .ARM.Collect$$$$0000000D  mc_w.l(entry10a.o)
    0x08000268   0x08000268   0x00000000   Code   RO         2045    .ARM.Collect$$$$0000000F  mc_w.l(entry11a.o)
    0x08000268   0x08000268   0x00000004   Code   RO         2034    .ARM.Collect$$$$00002712  mc_w.l(entry2.o)
    0x0800026c   0x0800026c   0x00000028   Code   RO            4    .text               startup_stm32h503xx.o
    0x08000294   0x08000294   0x00000062   Code   RO         2013    .text               mc_w.l(uldiv.o)
    0x080002f6   0x080002f6   0x00000024   Code   RO         2015    .text               mc_w.l(memcpya.o)
    0x0800031a   0x0800031a   0x00000024   Code   RO         2017    .text               mc_w.l(memseta.o)
    0x0800033e   0x0800033e   0x00000018   Code   RO         2019    .text               mc_w.l(strncpy.o)
    0x08000356   0x08000356   0x0000000e   Code   RO         2021    .text               mc_w.l(strlen.o)
    0x08000364   0x08000364   0x0000001e   Code   RO         2047    .text               mc_w.l(llshl.o)
    0x08000382   0x08000382   0x00000020   Code   RO         2049    .text               mc_w.l(llushr.o)
    0x080003a2   0x080003a2   0x00000002   PAD
    0x080003a4   0x080003a4   0x00000030   Code   RO         2054    .text               mc_w.l(init.o)
    0x080003d4   0x080003d4   0x00000056   Code   RO         2064    .text               mc_w.l(__dczerorl2.o)
    0x0800042a   0x0800042a   0x00000002   PAD
    0x0800042c   0x0800042c   0x00000004   Code   RO          392    .text.BusFault_Handler  stm32h5xx_it.o
    0x08000430   0x08000430   0x0000006a   Code   RO          144    .text.CalcCRC16     pda_communication.o
    0x0800049a   0x0800049a   0x00000002   PAD
    0x0800049c   0x0800049c   0x00000064   Code   RO          185    .text.CalcCRC8      rs485.o
    0x08000500   0x08000500   0x00000184   Code   RO           33    .text.ClosingTimeLearning  sensorapplogic.o
    0x08000684   0x08000684   0x00000002   Code   RO          398    .text.DebugMon_Handler  stm32h5xx_it.o
    0x08000686   0x08000686   0x00000002   PAD
    0x08000688   0x08000688   0x0000008e   Code   RO          123    .text.DetectInitialState  elevatorsignalmonitor.o
    0x08000716   0x08000716   0x00000002   PAD
    0x08000718   0x08000718   0x00000238   Code   RO           29    .text.DistanceThresholdLearning  sensorapplogic.o
    0x08000950   0x08000950   0x000000ce   Code   RO          127    .text.ElevatorSignaMonitoring  elevatorsignalmonitor.o
    0x08000a1e   0x08000a1e   0x00000002   PAD
    0x08000a20   0x08000a20   0x00000006   Code   RO          289    .text.Error_Handler  main.o
    0x08000a26   0x08000a26   0x00000002   PAD
    0x08000a28   0x08000a28   0x00000060   Code   RO         1004    .text.FLASH_Erase_Sector  stm32h5xx_hal_flash_ex.o
    0x08000a88   0x08000a88   0x0000006a   Code   RO         1002    .text.FLASH_MassErase  stm32h5xx_hal_flash_ex.o
    0x08000af2   0x08000af2   0x00000002   PAD
    0x08000af4   0x08000af4   0x00000026   Code   RO          970    .text.FLASH_Program_HalfWord  stm32h5xx_hal_flash.o
    0x08000b1a   0x08000b1a   0x00000002   PAD
    0x08000b1c   0x08000b1c   0x0000006e   Code   RO          968    .text.FLASH_Program_QuadWord  stm32h5xx_hal_flash.o
    0x08000b8a   0x08000b8a   0x00000002   PAD
    0x08000b8c   0x08000b8c   0x000000b0   Code   RO          966    .text.FLASH_WaitForLastOperation  stm32h5xx_hal_flash.o
    0x08000c3c   0x08000c3c   0x00000116   Code   RO          731    .text.HAL_DMA_Abort  stm32h5xx_hal_dma.o
    0x08000d52   0x08000d52   0x00000002   PAD
    0x08000d54   0x08000d54   0x00000054   Code   RO          733    .text.HAL_DMA_Abort_IT  stm32h5xx_hal_dma.o
    0x08000da8   0x08000da8   0x00000042   Code   RO         1234    .text.HAL_Delay     stm32h5xx_hal.o
    0x08000dea   0x08000dea   0x00000002   PAD
    0x08000dec   0x08000dec   0x0000011e   Code   RO         1000    .text.HAL_FLASHEx_Erase  stm32h5xx_hal_flash_ex.o
    0x08000f0a   0x08000f0a   0x00000002   PAD
    0x08000f0c   0x08000f0c   0x00000030   Code   RO          982    .text.HAL_FLASH_Lock  stm32h5xx_hal_flash.o
    0x08000f3c   0x08000f3c   0x000000cc   Code   RO          964    .text.HAL_FLASH_Program  stm32h5xx_hal_flash.o
    0x08001008   0x08001008   0x00000056   Code   RO          980    .text.HAL_FLASH_Unlock  stm32h5xx_hal_flash.o
    0x0800105e   0x0800105e   0x00000002   PAD
    0x08001060   0x08001060   0x0000014e   Code   RO         1073    .text.HAL_GPIO_DeInit  stm32h5xx_hal_gpio.o
    0x080011ae   0x080011ae   0x00000002   PAD
    0x080011b0   0x080011b0   0x000002ce   Code   RO         1071    .text.HAL_GPIO_Init  stm32h5xx_hal_gpio.o
    0x0800147e   0x0800147e   0x00000002   PAD
    0x08001480   0x08001480   0x00000026   Code   RO         1081    .text.HAL_GPIO_TogglePin  stm32h5xx_hal_gpio.o
    0x080014a6   0x080014a6   0x00000002   PAD
    0x080014a8   0x080014a8   0x0000002c   Code   RO         1077    .text.HAL_GPIO_WritePin  stm32h5xx_hal_gpio.o
    0x080014d4   0x080014d4   0x0000000c   Code   RO         1226    .text.HAL_GetTick   stm32h5xx_hal.o
    0x080014e0   0x080014e0   0x00000098   Code   RO          702    .text.HAL_I2CEx_ConfigAnalogFilter  stm32h5xx_hal_i2c_ex.o
    0x08001578   0x08001578   0x000000a2   Code   RO          704    .text.HAL_I2CEx_ConfigDigitalFilter  stm32h5xx_hal_i2c_ex.o
    0x0800161a   0x0800161a   0x00000002   PAD
    0x0800161c   0x0800161c   0x00000114   Code   RO          533    .text.HAL_I2C_Init  stm32h5xx_hal_i2c.o
    0x08001730   0x08001730   0x0000028a   Code   RO          601    .text.HAL_I2C_Mem_Read  stm32h5xx_hal_i2c.o
    0x080019ba   0x080019ba   0x00000002   PAD
    0x080019bc   0x080019bc   0x00000274   Code   RO          597    .text.HAL_I2C_Mem_Write  stm32h5xx_hal_i2c.o
    0x08001c30   0x08001c30   0x000000aa   Code   RO          318    .text.HAL_I2C_MspInit  i2c.o
    0x08001cda   0x08001cda   0x00000002   PAD
    0x08001cdc   0x08001cdc   0x00000040   Code   RO         1351    .text.HAL_ICACHE_ConfigAssociativityMode  stm32h5xx_hal_icache.o
    0x08001d1c   0x08001d1c   0x00000070   Code   RO         1357    .text.HAL_ICACHE_Disable  stm32h5xx_hal_icache.o
    0x08001d8c   0x08001d8c   0x00000014   Code   RO         1355    .text.HAL_ICACHE_Enable  stm32h5xx_hal_icache.o
    0x08001da0   0x08001da0   0x0000001a   Code   RO         1224    .text.HAL_IncTick   stm32h5xx_hal.o
    0x08001dba   0x08001dba   0x00000002   PAD
    0x08001dbc   0x08001dbc   0x0000005e   Code   RO         1214    .text.HAL_Init      stm32h5xx_hal.o
    0x08001e1a   0x08001e1a   0x00000002   PAD
    0x08001e1c   0x08001e1c   0x00000114   Code   RO         1216    .text.HAL_InitTick  stm32h5xx_hal.o
    0x08001f30   0x08001f30   0x00000002   Code   RO          415    .text.HAL_MspInit   stm32h5xx_hal_msp.o
    0x08001f32   0x08001f32   0x00000002   PAD
    0x08001f34   0x08001f34   0x00000014   Code   RO          468    .text.HAL_NVIC_DisableIRQ  stm32h5xx_hal_cortex.o
    0x08001f48   0x08001f48   0x00000014   Code   RO          464    .text.HAL_NVIC_EnableIRQ  stm32h5xx_hal_cortex.o
    0x08001f5c   0x08001f5c   0x0000002e   Code   RO          456    .text.HAL_NVIC_SetPriority  stm32h5xx_hal_cortex.o
    0x08001f8a   0x08001f8a   0x00000002   PAD
    0x08001f8c   0x08001f8c   0x00000010   Code   RO          452    .text.HAL_NVIC_SetPriorityGrouping  stm32h5xx_hal_cortex.o
    0x08001f9c   0x08001f9c   0x00000004   Code   RO          472    .text.HAL_NVIC_SystemReset  stm32h5xx_hal_cortex.o
    0x08001fa0   0x08001fa0   0x000002f8   Code   RO          911    .text.HAL_RCCEx_GetPLL1ClockFreq  stm32h5xx_hal_rcc_ex.o
    0x08002298   0x08002298   0x000002f8   Code   RO          913    .text.HAL_RCCEx_GetPLL2ClockFreq  stm32h5xx_hal_rcc_ex.o
    0x08002590   0x08002590   0x00000ff0   Code   RO          915    .text.HAL_RCCEx_GetPeriphCLKFreq  stm32h5xx_hal_rcc_ex.o
    0x08003580   0x08003580   0x00000a9a   Code   RO          905    .text.HAL_RCCEx_PeriphCLKConfig  stm32h5xx_hal_rcc_ex.o
    0x0800401a   0x0800401a   0x00000002   PAD
    0x0800401c   0x0800401c   0x00000494   Code   RO          870    .text.HAL_RCC_ClockConfig  stm32h5xx_hal_rcc.o
    0x080044b0   0x080044b0   0x00000034   Code   RO          868    .text.HAL_RCC_GetHCLKFreq  stm32h5xx_hal_rcc.o
    0x080044e4   0x080044e4   0x00000026   Code   RO          876    .text.HAL_RCC_GetPCLK1Freq  stm32h5xx_hal_rcc.o
    0x0800450a   0x0800450a   0x00000002   PAD
    0x0800450c   0x0800450c   0x00000026   Code   RO          878    .text.HAL_RCC_GetPCLK2Freq  stm32h5xx_hal_rcc.o
    0x08004532   0x08004532   0x00000002   PAD
    0x08004534   0x08004534   0x00000026   Code   RO          880    .text.HAL_RCC_GetPCLK3Freq  stm32h5xx_hal_rcc.o
    0x0800455a   0x0800455a   0x00000002   PAD
    0x0800455c   0x0800455c   0x000002cc   Code   RO          872    .text.HAL_RCC_GetSysClockFreq  stm32h5xx_hal_rcc.o
    0x08004828   0x08004828   0x000009fc   Code   RO          866    .text.HAL_RCC_OscConfig  stm32h5xx_hal_rcc.o
    0x08005224   0x08005224   0x00000050   Code   RO         1612    .text.HAL_RTCEx_PrivilegeModeSet  stm32h5xx_hal_rtc_ex.o
    0x08005274   0x08005274   0x0000013c   Code   RO         1409    .text.HAL_RTC_Init  stm32h5xx_hal_rtc.o
    0x080053b0   0x080053b0   0x00000074   Code   RO          350    .text.HAL_RTC_MspInit  rtc.o
    0x08005424   0x08005424   0x00000074   Code   RO         1457    .text.HAL_RTC_WaitForSynchro  stm32h5xx_hal_rtc.o
    0x08005498   0x08005498   0x0000009a   Code   RO          502    .text.HAL_SYSTICK_CLKSourceConfig  stm32h5xx_hal_cortex.o
    0x08005532   0x08005532   0x00000002   PAD
    0x08005534   0x08005534   0x00000114   Code   RO         1846    .text.HAL_SYSTICK_Callback  platform.o
    0x08005648   0x08005648   0x0000004a   Code   RO          500    .text.HAL_SYSTICK_Config  stm32h5xx_hal_cortex.o
    0x08005692   0x08005692   0x00000002   PAD
    0x08005694   0x08005694   0x00000062   Code   RO          504    .text.HAL_SYSTICK_GetCLKSourceConfig  stm32h5xx_hal_cortex.o
    0x080056f6   0x080056f6   0x00000002   PAD
    0x080056f8   0x080056f8   0x00000008   Code   RO          506    .text.HAL_SYSTICK_IRQHandler  stm32h5xx_hal_cortex.o
    0x08005700   0x08005700   0x0000007c   Code   RO         1795    .text.HAL_UARTEx_DisableFifoMode  stm32h5xx_hal_uart_ex.o
    0x0800577c   0x0800577c   0x0000000c   Code   RO         1719    .text.HAL_UARTEx_RxEventCallback  stm32h5xx_hal_uart.o
    0x08005788   0x08005788   0x00000008   Code   RO         1777    .text.HAL_UARTEx_RxFifoFullCallback  stm32h5xx_hal_uart_ex.o
    0x08005790   0x08005790   0x0000008c   Code   RO         1799    .text.HAL_UARTEx_SetRxFifoThreshold  stm32h5xx_hal_uart_ex.o
    0x0800581c   0x0800581c   0x0000008c   Code   RO         1797    .text.HAL_UARTEx_SetTxFifoThreshold  stm32h5xx_hal_uart_ex.o
    0x080058a8   0x080058a8   0x00000008   Code   RO         1779    .text.HAL_UARTEx_TxFifoEmptyCallback  stm32h5xx_hal_uart_ex.o
    0x080058b0   0x080058b0   0x00000008   Code   RO         1775    .text.HAL_UARTEx_WakeupCallback  stm32h5xx_hal_uart_ex.o
    0x080058b8   0x080058b8   0x0000007c   Code   RO         1641    .text.HAL_UART_DeInit  stm32h5xx_hal_uart.o
    0x08005934   0x08005934   0x00000008   Code   RO         1717    .text.HAL_UART_ErrorCallback  stm32h5xx_hal_uart.o
    0x0800593c   0x0800593c   0x00000542   Code   RO         1713    .text.HAL_UART_IRQHandler  stm32h5xx_hal_uart.o
    0x08005e7e   0x08005e7e   0x00000002   PAD
    0x08005e80   0x08005e80   0x000000aa   Code   RO         1625    .text.HAL_UART_Init  stm32h5xx_hal_uart.o
    0x08005f2a   0x08005f2a   0x00000002   PAD
    0x08005f2c   0x08005f2c   0x000000b2   Code   RO          370    .text.HAL_UART_MspDeInit  usart.o
    0x08005fde   0x08005fde   0x00000002   PAD
    0x08005fe0   0x08005fe0   0x00000226   Code   RO          368    .text.HAL_UART_MspInit  usart.o
    0x08006206   0x08006206   0x00000002   PAD
    0x08006208   0x08006208   0x000001d2   Code   RO         1649    .text.HAL_UART_Receive  stm32h5xx_hal_uart.o
    0x080063da   0x080063da   0x00000002   PAD
    0x080063dc   0x080063dc   0x000000bc   Code   RO         1661    .text.HAL_UART_Receive_IT  stm32h5xx_hal_uart.o
    0x08006498   0x08006498   0x000005be   Code   RO          197    .text.HAL_UART_RxCpltCallback  rs485.o
    0x08006a56   0x08006a56   0x00000002   PAD
    0x08006a58   0x08006a58   0x00000154   Code   RO         1645    .text.HAL_UART_Transmit  stm32h5xx_hal_uart.o
    0x08006bac   0x08006bac   0x0000014c   Code   RO         1651    .text.HAL_UART_Transmit_IT  stm32h5xx_hal_uart.o
    0x08006cf8   0x08006cf8   0x0000004c   Code   RO          207    .text.HAL_UART_TxCpltCallback  rs485.o
    0x08006d44   0x08006d44   0x000005be   Code   RO          156    .text.HandleControl  pda_communication.o
    0x08007302   0x08007302   0x00000002   PAD
    0x08007304   0x08007304   0x000002d0   Code   RO          152    .text.HandleHandshake  pda_communication.o
    0x080075d4   0x080075d4   0x00000558   Code   RO          154    .text.HandleHeartbeat  pda_communication.o
    0x08007b2c   0x08007b2c   0x0000026a   Code   RO          158    .text.HandleParamRead  pda_communication.o
    0x08007d96   0x08007d96   0x00000002   PAD
    0x08007d98   0x08007d98   0x000002b0   Code   RO          160    .text.HandleParamWrite  pda_communication.o
    0x08008048   0x08008048   0x00000004   Code   RO          388    .text.HardFault_Handler  stm32h5xx_it.o
    0x0800804c   0x0800804c   0x00000040   Code   RO          557    .text.I2C_Flush_TXDR  stm32h5xx_hal_i2c.o
    0x0800808c   0x0800808c   0x000001fe   Code   RO          693    .text.I2C_IsErrorOccurred  stm32h5xx_hal_i2c.o
    0x0800828a   0x0800828a   0x00000002   PAD
    0x0800828c   0x0800828c   0x000000be   Code   RO          603    .text.I2C_RequestMemoryRead  stm32h5xx_hal_i2c.o
    0x0800834a   0x0800834a   0x00000002   PAD
    0x0800834c   0x0800834c   0x000000c0   Code   RO          599    .text.I2C_RequestMemoryWrite  stm32h5xx_hal_i2c.o
    0x0800840c   0x0800840c   0x00000054   Code   RO          545    .text.I2C_TransferConfig  stm32h5xx_hal_i2c.o
    0x08008460   0x08008460   0x000000c4   Code   RO          543    .text.I2C_WaitOnFlagUntilTimeout  stm32h5xx_hal_i2c.o
    0x08008524   0x08008524   0x000000a2   Code   RO          549    .text.I2C_WaitOnSTOPFlagUntilTimeout  stm32h5xx_hal_i2c.o
    0x080085c6   0x080085c6   0x00000002   PAD
    0x080085c8   0x080085c8   0x000000ac   Code   RO          547    .text.I2C_WaitOnTXISFlagUntilTimeout  stm32h5xx_hal_i2c.o
    0x08008674   0x08008674   0x0000005e   Code   RO          307    .text.MX_GPIO_DTS6012_Init  gpio.o
    0x080086d2   0x080086d2   0x00000002   PAD
    0x080086d4   0x080086d4   0x00000132   Code   RO          305    .text.MX_GPIO_Init  gpio.o
    0x08008806   0x08008806   0x00000002   PAD
    0x08008808   0x08008808   0x00000076   Code   RO          316    .text.MX_I2C1_Init  i2c.o
    0x0800887e   0x0800887e   0x00000002   PAD
    0x08008880   0x08008880   0x00000022   Code   RO          330    .text.MX_ICACHE_Init  icache.o
    0x080088a2   0x080088a2   0x00000002   PAD
    0x080088a4   0x080088a4   0x00000078   Code   RO          348    .text.MX_RTC_Init   rtc.o
    0x0800891c   0x0800891c   0x00000094   Code   RO          362    .text.MX_USART1_UART_Init  usart.o
    0x080089b0   0x080089b0   0x00000094   Code   RO          364    .text.MX_USART2_UART_Init  usart.o
    0x08008a44   0x08008a44   0x00000094   Code   RO          366    .text.MX_USART3_UART_Init  usart.o
    0x08008ad8   0x08008ad8   0x00000004   Code   RO          390    .text.MemManage_Handler  stm32h5xx_it.o
    0x08008adc   0x08008adc   0x0000005a   Code   RO         1893    .text.ND06AV1C_ClearDataValidFlag  nd06av1c_data.o
    0x08008b36   0x08008b36   0x00000002   PAD
    0x08008b38   0x08008b38   0x00000018   Code   RO         1940    .text.ND06AV1C_Delay10us  nd06av1c_dev.o
    0x08008b50   0x08008b50   0x00000018   Code   RO         1938    .text.ND06AV1C_Delay1ms  nd06av1c_dev.o
    0x08008b68   0x08008b68   0x00000128   Code   RO         1895    .text.ND06AV1C_GetDepthAndAmpData  nd06av1c_data.o
    0x08008c90   0x08008c90   0x00000020   Code   RO         1950    .text.ND06AV1C_GetDevInfo  nd06av1c_dev.o
    0x08008cb0   0x08008cb0   0x00000032   Code   RO         1952    .text.ND06AV1C_GetFirmwareVersion  nd06av1c_dev.o
    0x08008ce2   0x08008ce2   0x00000002   PAD
    0x08008ce4   0x08008ce4   0x0000001c   Code   RO         1944    .text.ND06AV1C_HardwareSleep  nd06av1c_dev.o
    0x08008d00   0x08008d00   0x00000028   Code   RO         1946    .text.ND06AV1C_HardwareWakeup  nd06av1c_dev.o
    0x08008d28   0x08008d28   0x00000088   Code   RO         1966    .text.ND06AV1C_I2CErrCallback  nd06av1c_dev.o
    0x08008db0   0x08008db0   0x0000009a   Code   RO          107    .text.ND06AV1C_Init  nd06av1c_app.o
    0x08008e4a   0x08008e4a   0x00000002   PAD
    0x08008e4c   0x08008e4c   0x0000001e   Code   RO         1948    .text.ND06AV1C_InitDevice  nd06av1c_dev.o
    0x08008e6a   0x08008e6a   0x00000002   PAD
    0x08008e6c   0x08008e6c   0x000000a0   Code   RO         1875    .text.ND06AV1C_ReadNWords  nd06av1c_comm.o
    0x08008f0c   0x08008f0c   0x00000094   Code   RO         1871    .text.ND06AV1C_ReadWord  nd06av1c_comm.o
    0x08008fa0   0x08008fa0   0x00000022   Code   RO         1865    .text.ND06AV1C_RegisteredIICApi  nd06av1c_comm.o
    0x08008fc2   0x08008fc2   0x00000002   PAD
    0x08008fc4   0x08008fc4   0x00000044   Code   RO         1924    .text.ND06AV1C_RegisteredPlatformApi  nd06av1c_dev.o
    0x08009008   0x08009008   0x0000005a   Code   RO         1891    .text.ND06AV1C_StartMeasurement  nd06av1c_data.o
    0x08009062   0x08009062   0x00000002   PAD
    0x08009064   0x08009064   0x00000080   Code   RO         1887    .text.ND06AV1C_WaitDepthAndAmpBufReady  nd06av1c_data.o
    0x080090e4   0x080090e4   0x000001da   Code   RO         1954    .text.ND06AV1C_WaitDeviceBootUp  nd06av1c_dev.o
    0x080092be   0x080092be   0x00000002   PAD
    0x080092c0   0x080092c0   0x00000036   Code   RO         1867    .text.ND06AV1C_WriteByte  nd06av1c_comm.o
    0x080092f6   0x080092f6   0x00000002   PAD
    0x080092f8   0x080092f8   0x000000ac   Code   RO         1869    .text.ND06AV1C_WriteWord  nd06av1c_comm.o
    0x080093a4   0x080093a4   0x00000034   Code   RO           37    .text.ND06_Reset    sensorapplogic.o
    0x080093d8   0x080093d8   0x00000004   Code   RO          386    .text.NMI_Handler   stm32h5xx_it.o
    0x080093dc   0x080093dc   0x0000006c   Code   RO          462    .text.NVIC_EncodePriority  stm32h5xx_hal_cortex.o
    0x08009448   0x08009448   0x0000036e   Code   RO           35    .text.ObjectDetection  sensorapplogic.o
    0x080097b6   0x080097b6   0x00000002   PAD
    0x080097b8   0x080097b8   0x00000002   Code   RO          400    .text.PendSV_Handler  stm32h5xx_it.o
    0x080097ba   0x080097ba   0x00000002   PAD
    0x080097bc   0x080097bc   0x00000354   Code   RO          205    .text.ProcessElevatorData  rs485.o
    0x08009b10   0x08009b10   0x000000fc   Code   RO          150    .text.ProcessPacket  pda_communication.o
    0x08009c0c   0x08009c0c   0x00000090   Code   RO          199    .text.ProcessTooling  rs485.o
    0x08009c9c   0x08009c9c   0x0000016c   Code   RO          907    .text.RCCEx_PLL2_Config  stm32h5xx_hal_rcc_ex.o
    0x08009e08   0x08009e08   0x0000003c   Code   RO          189    .text.RS485_Elevator_Init  rs485.o
    0x08009e44   0x08009e44   0x000000a2   Code   RO         1413    .text.RTC_EnterInitMode  stm32h5xx_hal_rtc.o
    0x08009ee6   0x08009ee6   0x00000002   PAD
    0x08009ee8   0x08009ee8   0x0000008a   Code   RO         1415    .text.RTC_ExitInitMode  stm32h5xx_hal_rtc.o
    0x08009f72   0x08009f72   0x00000002   PAD
    0x08009f74   0x08009f74   0x00000002   Code   RO          396    .text.SVC_Handler   stm32h5xx_it.o
    0x08009f76   0x08009f76   0x00000002   PAD
    0x08009f78   0x08009f78   0x0000000c   Code   RO          402    .text.SysTick_Handler  stm32h5xx_it.o
    0x08009f84   0x08009f84   0x000000cc   Code   RO          287    .text.SystemClock_Config  main.o
    0x0800a050   0x0800a050   0x00000116   Code   RO         1818    .text.SystemInit    system_stm32h5xx.o
    0x0800a166   0x0800a166   0x00000002   PAD
    0x0800a168   0x0800a168   0x00000094   Code   RO          425    .text.TOOLING_USART2_UART_Init  toolingtest.o
    0x0800a1fc   0x0800a1fc   0x00000072   Code   RO          291    .text.ToolingTest   main.o
    0x0800a26e   0x0800a26e   0x00000002   PAD
    0x0800a270   0x0800a270   0x0000008a   Code   RO         1793    .text.UARTEx_SetNbDataToProcess  stm32h5xx_hal_uart_ex.o
    0x0800a2fa   0x0800a2fa   0x00000002   PAD
    0x0800a2fc   0x0800a2fc   0x00000148   Code   RO         1629    .text.UART_AdvFeatureConfig  stm32h5xx_hal_uart.o
    0x0800a444   0x0800a444   0x00000146   Code   RO         1633    .text.UART_CheckIdleState  stm32h5xx_hal_uart.o
    0x0800a58a   0x0800a58a   0x00000002   PAD
    0x0800a58c   0x0800a58c   0x00000024   Code   RO         1715    .text.UART_DMAAbortOnError  stm32h5xx_hal_uart.o
    0x0800a5b0   0x0800a5b0   0x0000009e   Code   RO         1685    .text.UART_EndRxTransfer  stm32h5xx_hal_uart.o
    0x0800a64e   0x0800a64e   0x00000002   PAD
    0x0800a650   0x0800a650   0x00000044   Code   RO         1721    .text.UART_EndTransmit_IT  stm32h5xx_hal_uart.o
    0x0800a694   0x0800a694   0x00000184   Code   RO         1757    .text.UART_RxISR_16BIT  stm32h5xx_hal_uart.o
    0x0800a818   0x0800a818   0x00000308   Code   RO         1753    .text.UART_RxISR_16BIT_FIFOEN  stm32h5xx_hal_uart.o
    0x0800ab20   0x0800ab20   0x00000180   Code   RO         1759    .text.UART_RxISR_8BIT  stm32h5xx_hal_uart.o
    0x0800aca0   0x0800aca0   0x00000304   Code   RO         1755    .text.UART_RxISR_8BIT_FIFOEN  stm32h5xx_hal_uart.o
    0x0800afa4   0x0800afa4   0x000002f0   Code   RO         1631    .text.UART_SetConfig  stm32h5xx_hal_uart.o
    0x0800b294   0x0800b294   0x00000222   Code   RO         1663    .text.UART_Start_Receive_IT  stm32h5xx_hal_uart.o
    0x0800b4b6   0x0800b4b6   0x00000002   PAD
    0x0800b4b8   0x0800b4b8   0x00000098   Code   RO         1657    .text.UART_TxISR_16BIT  stm32h5xx_hal_uart.o
    0x0800b550   0x0800b550   0x000000ce   Code   RO         1653    .text.UART_TxISR_16BIT_FIFOEN  stm32h5xx_hal_uart.o
    0x0800b61e   0x0800b61e   0x00000002   PAD
    0x0800b620   0x0800b620   0x0000008e   Code   RO         1659    .text.UART_TxISR_8BIT  stm32h5xx_hal_uart.o
    0x0800b6ae   0x0800b6ae   0x00000002   PAD
    0x0800b6b0   0x0800b6b0   0x000000c4   Code   RO         1655    .text.UART_TxISR_8BIT_FIFOEN  stm32h5xx_hal_uart.o
    0x0800b774   0x0800b774   0x0000010c   Code   RO         1647    .text.UART_WaitOnFlagUntilTimeout  stm32h5xx_hal_uart.o
    0x0800b880   0x0800b880   0x00000010   Code   RO          404    .text.USART1_IRQHandler  stm32h5xx_it.o
    0x0800b890   0x0800b890   0x00000010   Code   RO          406    .text.USART2_IRQHandler  stm32h5xx_it.o
    0x0800b8a0   0x0800b8a0   0x00000176   Code   RO          125    .text.UpdateDoorStateMachine  elevatorsignalmonitor.o
    0x0800ba16   0x0800ba16   0x00000002   PAD
    0x0800ba18   0x0800ba18   0x00000004   Code   RO          394    .text.UsageFault_Handler  stm32h5xx_it.o
    0x0800ba1c   0x0800ba1c   0x00000018   Code   RO          148    .text.WriteU16LittleEndian  pda_communication.o
    0x0800ba34   0x0800ba34   0x00000028   Code   RO          146    .text.WriteU32LittleEndian  pda_communication.o
    0x0800ba5c   0x0800ba5c   0x00000038   Code   RO          470    .text.__NVIC_DisableIRQ  stm32h5xx_hal_cortex.o
    0x0800ba94   0x0800ba94   0x00000030   Code   RO          466    .text.__NVIC_EnableIRQ  stm32h5xx_hal_cortex.o
    0x0800bac4   0x0800bac4   0x00000010   Code   RO          458    .text.__NVIC_GetPriorityGrouping  stm32h5xx_hal_cortex.o
    0x0800bad4   0x0800bad4   0x00000042   Code   RO          460    .text.__NVIC_SetPriority  stm32h5xx_hal_cortex.o
    0x0800bb16   0x0800bb16   0x00000002   PAD
    0x0800bb18   0x0800bb18   0x0000003c   Code   RO          454    .text.__NVIC_SetPriorityGrouping  stm32h5xx_hal_cortex.o
    0x0800bb54   0x0800bb54   0x00000026   Code   RO          474    .text.__NVIC_SystemReset  stm32h5xx_hal_cortex.o
    0x0800bb7a   0x0800bb7a   0x00000002   PAD
    0x0800bb7c   0x0800bb7c   0x0000036e   Code   RO           39    .text.cargoLift_ObjectDetection  sensorapplogic.o
    0x0800beea   0x0800beea   0x00000002   PAD
    0x0800beec   0x0800beec   0x00000122   Code   RO           49    .text.cargoLift_sensor_action_control  sensorapplogic.o
    0x0800c00e   0x0800c00e   0x00000002   PAD
    0x0800c010   0x0800c010   0x000001ba   Code   RO           45    .text.cargoLift_sensor_status_control  sensorapplogic.o
    0x0800c1ca   0x0800c1ca   0x00000002   PAD
    0x0800c1cc   0x0800c1cc   0x00000492   Code   RO           31    .text.cargolift_DistanceThresholdLearning  sensorapplogic.o
    0x0800c65e   0x0800c65e   0x00000002   PAD
    0x0800c660   0x0800c660   0x00000016   Code   RO         1838    .text.delay_10us    platform.o
    0x0800c676   0x0800c676   0x00000002   PAD
    0x0800c678   0x0800c678   0x00000010   Code   RO         1836    .text.delay_1ms     platform.o
    0x0800c688   0x0800c688   0x0000009a   Code   RO         1840    .text.delay_us      platform.o
    0x0800c722   0x0800c722   0x00000002   PAD
    0x0800c724   0x0800c724   0x00000230   Code   RO           51    .text.detectError   sensorapplogic.o
    0x0800c954   0x0800c954   0x00000110   Code   RO           15    .text.dts6012_getDepthAndAmp  dts6012m.o
    0x0800ca64   0x0800ca64   0x0000001c   Code   RO           11    .text.dts6012_start  dts6012m.o
    0x0800ca80   0x0800ca80   0x0000001c   Code   RO           13    .text.dts6012m_Stop  dts6012m.o
    0x0800ca9c   0x0800ca9c   0x00000006   Code   RO         1842    .text.get_now_time_us  platform.o
    0x0800caa2   0x0800caa2   0x00000002   PAD
    0x0800caa4   0x0800caa4   0x00000058   Code   RO         1832    .text.i2c_read_nbytes  platform.o
    0x0800cafc   0x0800cafc   0x00000058   Code   RO         1834    .text.i2c_write_nbytes  platform.o
    0x0800cb54   0x0800cb54   0x00000008   Code   RO          423    .text.initTooling   toolingtest.o
    0x0800cb5c   0x0800cb5c   0x00000036   Code   RO          203    .text.isBackDoorID  rs485.o
    0x0800cb92   0x0800cb92   0x00000002   PAD
    0x0800cb94   0x0800cb94   0x00000036   Code   RO          201    .text.isFrontDoorID  rs485.o
    0x0800cbca   0x0800cbca   0x00000002   PAD
    0x0800cbcc   0x0800cbcc   0x000000dc   Code   RO          285    .text.main          main.o
    0x0800cca8   0x0800cca8   0x000001ac   Code   RO          293    .text.normalWork    main.o
    0x0800ce54   0x0800ce54   0x00000038   Code   RO          266    .text.paraTableSum  sensorparatable.o
    0x0800ce8c   0x0800ce8c   0x00000044   Code   RO          272    .text.paraTable_Init  sensorparatable.o
    0x0800ced0   0x0800ced0   0x00000030   Code   RO          270    .text.paraTable_Read  sensorparatable.o
    0x0800cf00   0x0800cf00   0x0000003e   Code   RO          268    .text.paraTable_Write  sensorparatable.o
    0x0800cf3e   0x0800cf3e   0x00000002   PAD
    0x0800cf40   0x0800cf40   0x00000208   Code   RO           47    .text.sensor_action_control  sensorapplogic.o
    0x0800d148   0x0800d148   0x000000b0   Code   RO           41    .text.sensor_status_control  sensorapplogic.o
    0x0800d1f8   0x0800d1f8   0x0000001c   Code   RO         1844    .text.set_xshut_pin_level  platform.o
    0x0800d214   0x0800d214   0x00000144   Code   RO          255    .text.stmflash_get_flash_bank  stmflash.o
    0x0800d358   0x0800d358   0x000001a8   Code   RO          253    .text.stmflash_get_flash_sector  stmflash.o
    0x0800d500   0x0800d500   0x0000003c   Code   RO          249    .text.stmflash_read  stmflash.o
    0x0800d53c   0x0800d53c   0x0000000c   Code   RO          247    .text.stmflash_read_word  stmflash.o
    0x0800d548   0x0800d548   0x00000118   Code   RO          251    .text.stmflash_write  stmflash.o
    0x0800d660   0x0800d660   0x00000192   Code   RO          431    .text.testDTS       toolingtest.o
    0x0800d7f2   0x0800d7f2   0x00000002   PAD
    0x0800d7f4   0x0800d7f4   0x00000200   Code   RO          433    .text.testND06      toolingtest.o
    0x0800d9f4   0x0800d9f4   0x0000004a   Code   RO          187    .text.xor_checkSum  rs485.o
    0x0800da3e   0x0800da3e   0x0000000e   Code   RO         2058    i.__scatterload_copy  mc_w.l(handlers.o)
    0x0800da4c   0x0800da4c   0x00000002   Code   RO         2059    i.__scatterload_null  mc_w.l(handlers.o)
    0x0800da4e   0x0800da4e   0x0000000e   Code   RO         2060    i.__scatterload_zeroinit  mc_w.l(handlers.o)
    0x0800da5c   0x0800da5c   0x00000010   Data   RO         1823    .rodata.AHBPrescTable  system_stm32h5xx.o
    0x0800da6c   0x0800da6c   0x00000008   Data   RO         1824    .rodata.APBPrescTable  system_stm32h5xx.o
    0x0800da74   0x0800da74   0x00000008   Data   RO         1810    .rodata.UARTEx_SetNbDataToProcess.denominator  stm32h5xx_hal_uart_ex.o
    0x0800da7c   0x0800da7c   0x00000008   Data   RO         1809    .rodata.UARTEx_SetNbDataToProcess.numerator  stm32h5xx_hal_uart_ex.o
    0x0800da84   0x0800da84   0x00000018   Data   RO         1765    .rodata.UARTPrescTable  stm32h5xx_hal_uart.o
    0x0800da9c   0x0800da9c   0x00000100   Data   RO          164    .rodata.auchCRCHi   pda_communication.o
    0x0800db9c   0x0800db9c   0x00000100   Data   RO          165    .rodata.auchCRCLo   pda_communication.o
    0x0800dc9c   0x0800dc9c   0x00000016   Data   RO          170    .rodata.str1.1      pda_communication.o
    0x0800dcb2   0x0800dcb2   0x00000002   PAD
    0x0800dcb4   0x0800dcb4   0x00000020   Data   RO         2057    Region$$Table       anon$$obj.o


    Execution Region RW_IRAM1 (Exec base: 0x20000000, Load base: 0x0800dcd8, Size: 0x00000f20, Max: 0x00008000, ABSOLUTE, COMPRESSED[0x00000160])

    Exec Addr    Load Addr    Size         Type   Attr      Idx    E Section Name        Object

    0x20000000   COMPRESSED   0x0000008c   Data   RW          274    .data.ParaTable_Default  sensorparatable.o
    0x2000008c   COMPRESSED   0x00000004   Data   RW         1822    .data.SystemCoreClock  system_stm32h5xx.o
    0x20000090   COMPRESSED   0x00000004   Data   RW          117    .data.ToolingTestFlag  producttoolinginspection.o
    0x20000094   COMPRESSED   0x00000004   Data   RW          176    .data.closingDoorTimeThreshold  pda_communication.o
    0x20000098   COMPRESSED   0x00000009   Data   RW           17    .data.dts6012m_start_cmd  dts6012m.o
    0x200000a1   COMPRESSED   0x00000009   Data   RW           18    .data.dts6012m_stop_cmd  dts6012m.o
    0x200000aa   COMPRESSED   0x00000100   Data   RW          209    .data.gLookupTableCRC8  rs485.o
    0x200001aa   COMPRESSED   0x00000002   PAD
    0x200001ac   COMPRESSED   0x00000010   Data   RW          109    .data.g_nd06av1c_device  nd06av1c_app.o
    0x200001bc   COMPRESSED   0x00000001   Data   RW          220    .data.isSixBytes    rs485.o
    0x200001bd   COMPRESSED   0x00000003   PAD
    0x200001c0   COMPRESSED   0x0000001c   Data   RW          992    .data.pFlash        stm32h5xx_hal_flash.o
    0x200001dc   COMPRESSED   0x00000004   Data   RW         1909    .data.readDataWaitCnt  nd06av1c_data.o
    0x200001e0   COMPRESSED   0x00000002   Data   RW          219    .data.rxSize        rs485.o
    0x200001e2   COMPRESSED   0x00000002   PAD
    0x200001e4   COMPRESSED   0x00000004   Data   RW           95    .data.sensor_old_status  sensorapplogic.o
    0x200001e8   COMPRESSED   0x00000004   Data   RW           73    .data.sensor_status  sensorapplogic.o
    0x200001ec   COMPRESSED   0x00000002   Data   RW          444    .data.tryTimesToolingN  toolingtest.o
    0x200001ee   COMPRESSED   0x00000001   Data   RW         1313    .data.uwTickFreq    stm32h5xx_hal.o
    0x200001ef   COMPRESSED   0x00000001   PAD
    0x200001f0   COMPRESSED   0x00000004   Data   RW         1312    .data.uwTickPrio    stm32h5xx_hal.o
    0x200001f4   COMPRESSED   0x00000004   PAD
    0x200001f8        -       0x00000014   Zero   RW          210    .bss.CSpara         rs485.o
    0x2000020c        -       0x00000001   Zero   RW           86    .bss.ClosingTimeLearning.learningStarted  sensorapplogic.o
    0x2000020d   COMPRESSED   0x00000003   PAD
    0x20000210        -       0x00000004   Zero   RW           85    .bss.ClosingTimeLearning.startTick  sensorapplogic.o
    0x20000214        -       0x00000001   Zero   RW           84    .bss.ClosingTimeLearningFailed_Flg  sensorapplogic.o
    0x20000215   COMPRESSED   0x00000003   PAD
    0x20000218        -       0x00000004   Zero   RW          163    .bss.ClosingTimeLearningReqFlg  pda_communication.o
    0x2000021c        -       0x00000004   Zero   RW           78    .bss.ClosingTimeLearningSuccessFlg  sensorapplogic.o
    0x20000220        -       0x00000004   Zero   RW         2000    .bss.Delay10usLib   nd06av1c_dev.o
    0x20000224        -       0x00000004   Zero   RW         1999    .bss.Delay1msLib    nd06av1c_dev.o
    0x20000228        -       0x00000001   Zero   RW           71    .bss.DistanceThresholdLearningFailed_Flg  sensorapplogic.o
    0x20000229   COMPRESSED   0x00000003   PAD
    0x2000022c        -       0x00000004   Zero   RW          162    .bss.DistanceThresholdLearningReqFlg  pda_communication.o
    0x20000230        -       0x00000004   Zero   RW           56    .bss.DistanceThresholdLearningSuccessFlg  sensorapplogic.o
    0x20000234        -       0x00000004   Zero   RW           53    .bss.ErrData        sensorapplogic.o
    0x20000238        -       0x00000004   Zero   RW         2001    .bss.GetNowTimeUsLib  nd06av1c_dev.o
    0x2000023c        -       0x00000004   Zero   RW         1878    .bss.I2C_ReadNBytesLib  nd06av1c_comm.o
    0x20000240        -       0x00000004   Zero   RW         1879    .bss.I2C_WriteNBytesLib  nd06av1c_comm.o
    0x20000244        -       0x00000001   Zero   RW           66    .bss.IO_ND06        sensorapplogic.o
    0x20000245        -       0x00000001   Zero   RW           65    .bss.IO_dts6012     sensorapplogic.o
    0x20000246   COMPRESSED   0x00000002   PAD
    0x20000248        -       0x00000004   Zero   RW          129    .bss.IdleFlg        elevatorsignalmonitor.o
    0x2000024c        -       0x00000002   Zero   RW         1877    .bss.ND06AV1C_REG_OFS  nd06av1c_comm.o
    0x2000024e        -       0x00000002   Zero   RW         1910    .bss.ND06AV1C_WaitDataReadyFlag  nd06av1c_data.o
    0x20000250        -       0x00000040   Zero   RW          443    .bss.ND06DataTooling  toolingtest.o
    0x20000290        -       0x00000001   Zero   RW           87    .bss.ObjectIsDetectedFlag  sensorapplogic.o
    0x20000291   COMPRESSED   0x00000003   PAD
    0x20000294        -       0x0000008c   Zero   RW          276    .bss.PARA_TABLE_USE  sensorparatable.o
    0x20000320        -       0x00000090   Zero   RW          275    .bss.ParaTableSave  sensorparatable.o
    0x200003b0        -       0x00000002   Zero   RW          217    .bss.RxElevatorCnt  rs485.o
    0x200003b2        -       0x00000001   Zero   RW          173    .bss.STOP_ClosingTimeLearningReqFlg  pda_communication.o
    0x200003b3        -       0x00000001   Zero   RW          172    .bss.STOP_DistanceThresholdLearning_ReqFlg  pda_communication.o
    0x200003b4        -       0x00000004   Zero   RW         1856    .bss.TIME_100MS_FLAG  platform.o
    0x200003b8        -       0x00000004   Zero   RW         1855    .bss.TIME_10MS_FLAG  platform.o
    0x200003bc        -       0x00000004   Zero   RW         1853    .bss.TIME_1MS_FLAG  platform.o
    0x200003c0        -       0x00000004   Zero   RW         1857    .bss.TIME_1S_FLAG   platform.o
    0x200003c4        -       0x00000004   Zero   RW         1854    .bss.TIME_5MS_FLAG  platform.o
    0x200003c8        -       0x00000002   Zero   RW           91    .bss.cargoLift_ObjectDetection.IOoutDelayCnt  sensorapplogic.o
    0x200003ca        -       0x00000002   Zero   RW           92    .bss.cargoLift_ObjectDetection.IOoutDelayFlag  sensorapplogic.o
    0x200003cc        -       0x00000002   Zero   RW           94    .bss.cargoLift_ObjectDetection.dts6012ObjDetectFlagOLD  sensorapplogic.o
    0x200003ce        -       0x00000002   Zero   RW           93    .bss.cargoLift_ObjectDetection.nd06AV1C_objDetectFlagOLD  sensorapplogic.o
    0x200003d0        -       0x00000004   Zero   RW           79    .bss.closeTimeCnt   sensorapplogic.o
    0x200003d4        -       0x00000001   Zero   RW           98    .bss.closingNoObjectCnt  sensorapplogic.o
    0x200003d5   COMPRESSED   0x00000003   PAD
    0x200003d8        -       0x00000004   Zero   RW          135    .bss.closingPhaseTimer  elevatorsignalmonitor.o
    0x200003dc        -       0x00000004   Zero   RW         1851    .bss.count100ms     platform.o
    0x200003e0        -       0x00000004   Zero   RW         1850    .bss.count10ms      platform.o
    0x200003e4        -       0x00000004   Zero   RW         1848    .bss.count1ms       platform.o
    0x200003e8        -       0x00000004   Zero   RW         1852    .bss.count1s        platform.o
    0x200003ec        -       0x00000004   Zero   RW         1849    .bss.count5ms       platform.o
    0x200003f0        -       0x00000001   Zero   RW          134    .bss.currentDoorState  elevatorsignalmonitor.o
    0x200003f1        -       0x00000017   Zero   RW           19    .bss.dTS6012M_Rdata  dts6012m.o
    0x20000408        -       0x00000002   Zero   RW           20    .bss.dTS6012M_errCnt  dts6012m.o
    0x2000040a        -       0x00000002   Zero   RW           21    .bss.dTS6012M_errFlag  dts6012m.o
    0x2000040c        -       0x00000017   Zero   RW          442    .bss.dTS6012_Rdata  toolingtest.o
    0x20000423   COMPRESSED   0x00000001   PAD
    0x20000424        -       0x00000014   Zero   RW          110    .bss.dev_op         nd06av1c_app.o
    0x20000438        -       0x00000004   Zero   RW          130    .bss.ds6012OutputEN  elevatorsignalmonitor.o
    0x2000043c        -       0x00000004   Zero   RW           77    .bss.dts6012AddCnt  sensorapplogic.o
    0x20000440        -       0x0000000a   Zero   RW          441    .bss.dts6012DataTooling  toolingtest.o
    0x2000044a   COMPRESSED   0x00000002   PAD
    0x2000044c        -       0x00000004   Zero   RW           57    .bss.dts6012DistancdLearnValue  sensorapplogic.o
    0x20000450        -       0x00000004   Zero   RW           61    .bss.dts6012DistanceThresholdLearningSuccessFlg  sensorapplogic.o
    0x20000454        -       0x0000000a   Zero   RW           55    .bss.dts6012_data   sensorapplogic.o
    0x2000045e        -       0x00000001   Zero   RW           67    .bss.fingerDetected_flag  sensorapplogic.o
    0x2000045f   COMPRESSED   0x00000001   PAD
    0x20000460        -       0x00000002   Zero   RW          218    .bss.headerIsFoundFlag  rs485.o
    0x20000462   COMPRESSED   0x00000002   PAD
    0x20000464        -       0x00000054   Zero   RW          322    .bss.hi2c1          i2c.o
    0x200004b8        -       0x00000030   Zero   RW          354    .bss.hrtc           rtc.o
    0x200004e8        -       0x00000094   Zero   RW          376    .bss.huart1         usart.o
    0x2000057c        -       0x00000094   Zero   RW          377    .bss.huart2         usart.o
    0x20000610        -       0x00000094   Zero   RW          378    .bss.huart3         usart.o
    0x200006a4        -       0x00000001   Zero   RW          226    .bss.iindex         rs485.o
    0x200006a5        -       0x00000001   Zero   RW          221    .bss.isFixBytes     rs485.o
    0x200006a6        -       0x00000001   Zero   RW          295    .bss.isToolingTest  main.o
    0x200006a7   COMPRESSED   0x00000001   PAD
    0x200006a8        -       0x00000002   Zero   RW           99    .bss.ledCnt         sensorapplogic.o
    0x200006aa        -       0x00000001   Zero   RW          168    .bss.m_sensorType111  pda_communication.o
    0x200006ab        -       0x00000001   Zero   RW          234    .bss.masterElevator_LevelingSignal  rs485.o
    0x200006ac        -       0x00000001   Zero   RW           88    .bss.nd06AV1C_objDetectFlag  sensorapplogic.o
    0x200006ad   COMPRESSED   0x00000003   PAD
    0x200006b0        -       0x00000004   Zero   RW           76    .bss.nd06AddCnt     sensorapplogic.o
    0x200006b4        -       0x00000004   Zero   RW           59    .bss.nd06DistancdLearnValue  sensorapplogic.o
    0x200006b8        -       0x00000004   Zero   RW           62    .bss.nd06DistanceThresholdLearningSuccessFlg  sensorapplogic.o
    0x200006bc        -       0x00000004   Zero   RW          131    .bss.nd06OutputEN   elevatorsignalmonitor.o
    0x200006c0        -       0x00000040   Zero   RW           74    .bss.nd06PixelAddCnt  sensorapplogic.o
    0x20000700        -       0x00000040   Zero   RW           75    .bss.nd06StudyDep   sensorapplogic.o
    0x20000740        -       0x00000040   Zero   RW           54    .bss.nd06_data      sensorapplogic.o
    0x20000780        -       0x00000001   Zero   RW           82    .bss.now_ClosingTimeLearning_Flg  sensorapplogic.o
    0x20000781        -       0x00000001   Zero   RW           70    .bss.now_DistanceThresholdLearning_Flg  sensorapplogic.o
    0x20000782   COMPRESSED   0x00000002   PAD
    0x20000784        -       0x00000004   Zero   RW           64    .bss.objectDCnt_H   sensorapplogic.o
    0x20000788        -       0x00000004   Zero   RW           63    .bss.objectDCnt_P   sensorapplogic.o
    0x2000078c        -       0x00000001   Zero   RW           96    .bss.objectDetectionErrorCnt  sensorapplogic.o
    0x2000078d        -       0x00000001   Zero   RW          136    .bss.pastDoorState  elevatorsignalmonitor.o
    0x2000078e   COMPRESSED   0x00000002   PAD
    0x20000790        -       0x00000004   Zero   RW           81    .bss.pixelOccludedFlag  sensorapplogic.o
    0x20000794        -       0x00000001   Zero   RW           89    .bss.prevFlag       sensorapplogic.o
    0x20000795        -       0x00000001   Zero   RW           68    .bss.regionalObjectDetected_flag_ND06  sensorapplogic.o
    0x20000796        -       0x00000001   Zero   RW          237    .bss.res1           rs485.o
    0x20000797        -       0x00000001   Zero   RW          238    .bss.res2           rs485.o
    0x20000798        -       0x00000080   Zero   RW          232    .bss.rxDBuffPDA     rs485.o
    0x20000818        -       0x0000000a   Zero   RW          230    .bss.rxDBuffTooling  rs485.o
    0x20000822        -       0x00000001   Zero   RW          211    .bss.rxDataBuffElevator  rs485.o
    0x20000823        -       0x00000001   Zero   RW          236    .bss.rxDataEleHeander  rs485.o
    0x20000824        -       0x00000002   Zero   RW          224    .bss.rxIndex        rs485.o
    0x20000826        -       0x00000002   Zero   RW          228    .bss.rxIndexTooling  rs485.o
    0x20000828        -       0x00000080   Zero   RW          233    .bss.rx_DBuffPDA    rs485.o
    0x200008a8        -       0x00000006   Zero   RW          212    .bss.rx_data_Elevator  rs485.o
    0x200008ae        -       0x00000002   Zero   RW          167    .bss.show_crc       pda_communication.o
    0x200008b0        -       0x00000002   Zero   RW          166    .bss.show_pktcrc    pda_communication.o
    0x200008b2        -       0x00000001   Zero   RW           97    .bss.stopIOOutputFlag  sensorapplogic.o
    0x200008b3        -       0x00000064   Zero   RW          231    .bss.testArr        rs485.o
    0x20000917   COMPRESSED   0x00000001   PAD
    0x20000918        -       0x00000002   Zero   RW          222    .bss.testii         rs485.o
    0x2000091a        -       0x00000001   Zero   RW           90    .bss.timesND06Failed  sensorapplogic.o
    0x2000091b        -       0x00000001   Zero   RW           83    .bss.times_ClosingTimeLearning  sensorapplogic.o
    0x2000091c        -       0x00000001   Zero   RW           72    .bss.times_DistanceThresholdLearn  sensorapplogic.o
    0x2000091d   COMPRESSED   0x00000001   PAD
    0x2000091e        -       0x00000002   Zero   RW          225    .bss.total_len      rs485.o
    0x20000920        -       0x00000032   Zero   RW          169    .bss.txBuffer1      pda_communication.o
    0x20000952        -       0x00000090   Zero   RW          171    .bss.txBuffer2      pda_communication.o
    0x200009e2        -       0x00000074   Zero   RW          174    .bss.txBuffer3      pda_communication.o
    0x20000a56        -       0x000000a2   Zero   RW          175    .bss.txBuffer4      pda_communication.o
    0x20000af8        -       0x00000018   Zero   RW          177    .bss.txBuffer5      pda_communication.o
    0x20000b10        -       0x00000007   Zero   RW          235    .bss.tx_data_Door   rs485.o
    0x20000b17   COMPRESSED   0x00000001   PAD
    0x20000b18        -       0x00000004   Zero   RW         1314    .bss.uwTick         stm32h5xx_hal.o
    0x20000b1c   COMPRESSED   0x00000004   PAD
    0x20000b20        -       0x00000400   Zero   RW            1    STACK               startup_stm32h503xx.o


==============================================================================

Image component sizes


      Code (inc. data)   RO Data    RW Data    ZI Data      Debug   Object Name

       328          0          0         18         27       1722   dts6012m.o
       722         10          0          0         18       1573   elevatorsignalmonitor.o
       400          0          0          0          0       3184   gpio.o
       288          0          0          0         84       7904   i2c.o
        34          0          0          0          0        599   icache.o
       972          0          0          0          1       4846   main.o
       154          0          0         16         20       1387   nd06av1c_app.o
       568          0          0          0         10       2905   nd06av1c_comm.o
       604          0          0          4          2       5711   nd06av1c_data.o
       906          0          0          0         12      12360   nd06av1c_dev.o
      5286         14        534          4        511       9011   pda_communication.o
       678          0          0          0         40       3231   platform.o
         0          0          0          4          0        483   producttoolinginspection.o
      2884          6          0        259        418       9653   rs485.o
       236          0          0          0         48       5495   rtc.o
      5922          0          0          8        286       9439   sensorapplogic.o
       234          0          0        140        284       2391   sensorparatable.o
        40         10        600          0       1024        900   startup_stm32h503xx.o
       474          0          0          5          4      11401   stm32h5xx_hal.o
       832          6          0          0          0      12449   stm32h5xx_hal_cortex.o
       362          0          0          0          0       8945   stm32h5xx_hal_dma.o
       662          0          0         28          0       6155   stm32h5xx_hal_flash.o
       488          0          0          0          0      10199   stm32h5xx_hal_flash_ex.o
      1134          0          0          0          0       5101   stm32h5xx_hal_gpio.o
      3124          0          0          0          0      38442   stm32h5xx_hal_i2c.o
       314          0          0          0          0       5574   stm32h5xx_hal_i2c_ex.o
       196          0          0          0          0       3401   stm32h5xx_hal_icache.o
         2          0          0          0          0        397   stm32h5xx_hal_msp.o
      4610         16          0          0          0      12249   stm32h5xx_hal_rcc.o
      8678        152          0          0          0      17320   stm32h5xx_hal_rcc_ex.o
       732          0          0          0          0      10696   stm32h5xx_hal_rtc.o
        80          0          0          0          0      19078   stm32h5xx_hal_rtc_ex.o
      8484          0         24          0          0      26481   stm32h5xx_hal_uart.o
       566          0         16          0          0       9398   stm32h5xx_hal_uart_ex.o
        70          0          0          0          0       1211   stm32h5xx_it.o
      1100          0          0          0          0       2776   stmflash.o
       278          0         24          4          0       5306   system_stm32h5xx.o
      1070          0          0          2         97       7342   toolingtest.o
      1172          0          0          0        444      11590   usart.o

    ----------------------------------------------------------------------
     54842        214       1232        500       3372     308305   Object Totals
         0          0         32          0          0          0   (incl. Generated)
       158          0          2          8         42          0   (incl. Padding)

    ----------------------------------------------------------------------

      Code (inc. data)   RO Data    RW Data    ZI Data      Debug   Library Member Name

        86          0          0          0          0          0   __dczerorl2.o
         0          0          0          0          0          0   entry.o
         0          0          0          0          0          0   entry10a.o
         0          0          0          0          0          0   entry11a.o
         8          4          0          0          0          0   entry2.o
         4          0          0          0          0          0   entry5.o
         0          0          0          0          0          0   entry7b.o
         0          0          0          0          0          0   entry8b.o
         8          4          0          0          0          0   entry9a.o
        30          0          0          0          0          0   handlers.o
        48         10          0          0          0         68   init.o
        30          0          0          0          0         68   llshl.o
        32          0          0          0          0         68   llushr.o
        36          0          0          0          0         68   memcpya.o
        36          0          0          0          0        108   memseta.o
        14          0          0          0          0         68   strlen.o
        24          0          0          0          0         76   strncpy.o
        98          0          0          0          0         92   uldiv.o

    ----------------------------------------------------------------------
       458         18          0          0          0        616   Library Totals
         4          0          0          0          0          0   (incl. Padding)

    ----------------------------------------------------------------------

      Code (inc. data)   RO Data    RW Data    ZI Data      Debug   Library Name

       454         18          0          0          0        616   mc_w.l

    ----------------------------------------------------------------------
       458         18          0          0          0        616   Library Totals

    ----------------------------------------------------------------------

==============================================================================


      Code (inc. data)   RO Data    RW Data    ZI Data      Debug   

     55300        232       1232        500       3372     308277   Grand Totals
     55300        232       1232        352       3372     308277   ELF Image Totals (compressed)
     55300        232       1232        352          0          0   ROM Totals

==============================================================================

    Total RO  Size (Code + RO Data)                56532 (  55.21kB)
    Total RW  Size (RW Data + ZI Data)              3872 (   3.78kB)
    Total ROM Size (Code + RO Data + RW Data)      56884 (  55.55kB)

==============================================================================

