<html>
<body>
<pre>
<h1>µVision Build Log</h1>
<h2>Tool Versions:</h2>
IDE-Version: ¦ÌVision V5.42.0.0
Copyright (C) 2025 ARM Ltd and ARM Germany GmbH. All rights reserved.
License Information: ARM Zhang2, ARM, LIC=JL28G-VVX68-NNYAF-6XMPR-0QQ6N-6C0AF
 
Tool Versions:
Toolchain:       MDK-ARM Plus  Version: 5.42.0.0
Toolchain Path:  D:\Software\APP\Code\KEIL5\Keil_v5\ARM\ARMCLANG\Bin
C Compiler:      ArmClang.exe V6.23
Assembler:       Armasm.exe V6.23
Linker/Locator:  ArmLink.exe V6.23
Library Manager: ArmAr.exe V6.23
Hex Converter:   FromElf.exe V6.23
CPU DLL:         
Dialog DLL:      
Target DLL:      Segger\JL2CM3.dll V2.99.45.0
Dialog DLL:      TCM.DLL V1.56.6.0
 
<h2>Project:</h2>
D:\codeFiles\HTC\platformElevator\0-working\PDATest\STM32H503_UART_IIC\MDK-ARM\TFD_A.uvprojx
Project File Date:  12/09/2025

<h2>Output:</h2>
*** Using Compiler 'V6.23', folder: 'D:\Software\APP\Code\KEIL5\Keil_v5\ARM\ARMCLANG\Bin'
Rebuild target 'TFD_A'
assembling startup_stm32h503xx.s...
compiling nd06av1c_app.c...
compiling dts6012m.c...
compiling productToolingInspection.c...
compiling elevatorSignalMonitor.c...
compiling toolingtest.c...
compiling sensorParaTable.c...
compiling stmflash.c...
compiling rs485.c...
compiling gpio.c...
../Core/Src/sensorAppLogic.c(30): warning: excess elements in scalar initializer [-Wexcess-initializers]
   30 |     {0, 0, 0, 0, 0, 0, 0, 0, 0, 0, 0, 0, 0, 0, 0, 0},
      |         ^
../Core/Src/sensorAppLogic.c(31): warning: excess elements in scalar initializer [-Wexcess-initializers]
   31 |     {0, 0, 0, 0, 0, 0, 0, 0, 0, 0, 0, 0, 0, 0, 0, 0}};
      |         ^
2 warnings generated.
compiling sensorAppLogic.c...
compiling gpdma.c...
compiling PDA_Communication.c...
compiling i2c.c...
compiling main.c...
compiling icache.c...
compiling iwdg.c...
compiling memorymap.c...
compiling rtc.c...
compiling usart.c...
compiling stm32h5xx_it.c...
compiling stm32h5xx_hal_msp.c...
compiling stm32h5xx_hal_cortex.c...
compiling stm32h5xx_hal_gpio.c...
compiling stm32h5xx_hal_flash.c...
compiling stm32h5xx_hal_dma.c...
compiling stm32h5xx_hal_flash_ex.c...
compiling stm32h5xx_hal_rcc.c...
compiling stm32h5xx_hal_pwr.c...
compiling stm32h5xx_hal_pwr_ex.c...
compiling stm32h5xx_hal.c...
compiling stm32h5xx_hal_exti.c...
compiling stm32h5xx_hal_rcc_ex.c...
compiling stm32h5xx_hal_i2c_ex.c...
compiling stm32h5xx_hal_icache.c...
compiling stm32h5xx_hal_iwdg.c...
compiling stm32h5xx_hal_dma_ex.c...
compiling stm32h5xx_hal_rtc.c...
compiling system_stm32h5xx.c...
compiling nd06av1c_comm.c...
compiling platform.c...
compiling stm32h5xx_hal_uart_ex.c...
compiling stm32h5xx_hal_rtc_ex.c...
compiling nd06av1c_data.c...
compiling nd06av1c_dev.c...
compiling stm32h5xx_hal_uart.c...
compiling stm32h5xx_hal_i2c.c...
linking...
Program Size: Code=45920 RO-data=1208 RW-data=548 ZI-data=3732  
FromELF: creating hex file...
"TFD_A\TFD_A.axf" - 0 Error(s), 2 Warning(s).

<h2>Software Packages used:</h2>

Package Vendor: ARM
                https://www.keil.com/pack/ARM.CMSIS.6.1.0.pack
                ARM::CMSIS@6.1.0
                CMSIS (Common Microcontroller Software Interface Standard)
   * Component: CORE Version: 6.1.0

Package Vendor: Keil
                https://www.keil.com/pack/Keil.STM32H5xx_DFP.2.0.0.pack
                Keil::STM32H5xx_DFP@2.0.0
                STMicroelectronics STM32H5 Series Device Support

<h2>Collection of Component include folders:</h2>
  ./RTE/_TFD_A
  D:/Software/APP/Code/KEIL5/Arm/Packs/ARM/CMSIS/6.1.0/CMSIS/Core/Include

<h2>Collection of Component Files used:</h2>

   * Component: ARM::CMSIS:CORE@6.1.0
      Include file:  CMSIS/Core/Include/tz_context.h
Build Time Elapsed:  00:00:04
</pre>
</body>
</html>
