Component: Arm Compiler for Embedded 6.23 Tool: armlink [5f102400]

==============================================================================

Section Cross References

    startup_stm32h503xx.o(RESET) refers to startup_stm32h503xx.o(STACK) for __initial_sp
    startup_stm32h503xx.o(RESET) refers to startup_stm32h503xx.o(.text) for Reset_Handler
    startup_stm32h503xx.o(RESET) refers to stm32h5xx_it.o(.text.NMI_Handler) for NMI_Handler
    startup_stm32h503xx.o(RESET) refers to stm32h5xx_it.o(.text.HardFault_Handler) for HardFault_Handler
    startup_stm32h503xx.o(RESET) refers to stm32h5xx_it.o(.text.MemManage_Handler) for MemManage_Handler
    startup_stm32h503xx.o(RESET) refers to stm32h5xx_it.o(.text.BusFault_Handler) for BusFault_Handler
    startup_stm32h503xx.o(RESET) refers to stm32h5xx_it.o(.text.UsageFault_Handler) for UsageFault_Handler
    startup_stm32h503xx.o(RESET) refers to stm32h5xx_it.o(.text.SVC_Handler) for SVC_Handler
    startup_stm32h503xx.o(RESET) refers to stm32h5xx_it.o(.text.DebugMon_Handler) for DebugMon_Handler
    startup_stm32h503xx.o(RESET) refers to stm32h5xx_it.o(.text.PendSV_Handler) for PendSV_Handler
    startup_stm32h503xx.o(RESET) refers to stm32h5xx_it.o(.text.SysTick_Handler) for SysTick_Handler
    startup_stm32h503xx.o(RESET) refers to stm32h5xx_it.o(.text.GPDMA1_Channel0_IRQHandler) for GPDMA1_Channel0_IRQHandler
    startup_stm32h503xx.o(RESET) refers to stm32h5xx_it.o(.text.USART1_IRQHandler) for USART1_IRQHandler
    startup_stm32h503xx.o(RESET) refers to stm32h5xx_it.o(.text.USART2_IRQHandler) for USART2_IRQHandler
    startup_stm32h503xx.o(RESET) refers to stm32h5xx_it.o(.text.USART3_IRQHandler) for USART3_IRQHandler
    startup_stm32h503xx.o(.text) refers to system_stm32h5xx.o(.text.SystemInit) for SystemInit
    startup_stm32h503xx.o(.text) refers to entry.o(.ARM.Collect$$$$00000000) for __main
    dts6012m.o(.text.dts6012_start) refers to usart.o(.bss.huart3) for huart3
    dts6012m.o(.text.dts6012_start) refers to dts6012m.o(.data.dts6012m_start_cmd) for dts6012m_start_cmd
    dts6012m.o(.text.dts6012_start) refers to stm32h5xx_hal_uart.o(.text.HAL_UART_Transmit) for HAL_UART_Transmit
    dts6012m.o(.ARM.exidx.text.dts6012_start) refers to dts6012m.o(.text.dts6012_start) for [Anonymous Symbol]
    dts6012m.o(.text.dts6012m_Stop) refers to usart.o(.bss.huart3) for huart3
    dts6012m.o(.text.dts6012m_Stop) refers to dts6012m.o(.data.dts6012m_stop_cmd) for dts6012m_stop_cmd
    dts6012m.o(.text.dts6012m_Stop) refers to stm32h5xx_hal_uart.o(.text.HAL_UART_Transmit) for HAL_UART_Transmit
    dts6012m.o(.ARM.exidx.text.dts6012m_Stop) refers to dts6012m.o(.text.dts6012m_Stop) for [Anonymous Symbol]
    dts6012m.o(.text.dts6012_getDepthAndAmp) refers to main.o(.bss..L_MergedGlobals) for dts6012_DMAdata
    dts6012m.o(.ARM.exidx.text.dts6012_getDepthAndAmp) refers to dts6012m.o(.text.dts6012_getDepthAndAmp) for [Anonymous Symbol]
    sensorapplogic.o(.text.DistanceThresholdLearning) refers to sensorapplogic.o(.bss..L_MergedGlobals.1) for .L_MergedGlobals.1
    sensorapplogic.o(.text.DistanceThresholdLearning) refers to dts6012m.o(.text.dts6012_getDepthAndAmp) for dts6012_getDepthAndAmp
    sensorapplogic.o(.text.DistanceThresholdLearning) refers to sensorparatable.o(.bss.PARA_TABLE_USE) for PARA_TABLE_USE
    sensorapplogic.o(.text.DistanceThresholdLearning) refers to sensorapplogic.o(.bss.nd06_DLdata) for nd06_DLdata
    sensorapplogic.o(.text.DistanceThresholdLearning) refers to nd06av1c_app.o(.data.g_nd06av1c_device) for g_nd06av1c_device
    sensorapplogic.o(.text.DistanceThresholdLearning) refers to sensorapplogic.o(.bss.cargoLift_nd06LearnValue) for cargoLift_nd06LearnValue
    sensorapplogic.o(.text.DistanceThresholdLearning) refers to nd06av1c_data.o(.text.ND06AV1C_GetDepthAndAmpData) for ND06AV1C_GetDepthAndAmpData
    sensorapplogic.o(.text.DistanceThresholdLearning) refers to sensorparatable.o(.text.paraTable_Write) for paraTable_Write
    sensorapplogic.o(.ARM.exidx.text.DistanceThresholdLearning) refers to sensorapplogic.o(.text.DistanceThresholdLearning) for [Anonymous Symbol]
    sensorapplogic.o(.text.cargolift_DistanceThresholdLearning) refers to sensorapplogic.o(.bss..L_MergedGlobals.1) for .L_MergedGlobals.1
    sensorapplogic.o(.text.cargolift_DistanceThresholdLearning) refers to dts6012m.o(.text.dts6012_getDepthAndAmp) for dts6012_getDepthAndAmp
    sensorapplogic.o(.text.cargolift_DistanceThresholdLearning) refers to sensorparatable.o(.bss.PARA_TABLE_USE) for PARA_TABLE_USE
    sensorapplogic.o(.text.cargolift_DistanceThresholdLearning) refers to sensorparatable.o(.text.paraTable_Write) for paraTable_Write
    sensorapplogic.o(.text.cargolift_DistanceThresholdLearning) refers to sensorapplogic.o(.bss.nd06_data) for nd06_data
    sensorapplogic.o(.text.cargolift_DistanceThresholdLearning) refers to nd06av1c_app.o(.data.g_nd06av1c_device) for g_nd06av1c_device
[...]
    [Anonymous Symbol]                       0x20000444   Section        0  rs485.o(.bss..L_MergedGlobals.1)
    STACK                                    0x20000d48   Section     1024  startup_stm32h503xx.o(STACK)

    Global Symbols

    Symbol Name                              Value     Ov Type        Size  Object(Section)

    BuildAttributes$$THM_ISAv4$E$P$D$K$B$S$7EM$8M$VFPi5$EXTD16$VFPS$VFMA$PE$A:L22UL41UL21$X:L11$S22US41US21$IEEE1$IW$~IW$USESV6$~STKCKD$USESV7$~SHL$OTIME$ROPI$EBA8$MICROLIB$REQ8$PRES8$EABIv2 0x00000000   Number         0  anon$$obj.o ABSOLUTE
    __cpp_initialize__aeabi_                  - Undefined Weak Reference
    __cxa_finalize                            - Undefined Weak Reference
    _clock_init                               - Undefined Weak Reference
    _microlib_exit                            - Undefined Weak Reference
    __Vectors_Size                           0x00000258   Number         0  startup_stm32h503xx.o ABSOLUTE
    __Vectors                                0x08000000   Data           4  startup_stm32h503xx.o(RESET)
    __Vectors_End                            0x08000258   Data           0  startup_stm32h503xx.o(RESET)
    __main                                   0x08000259   Thumb Code     0  entry.o(.ARM.Collect$$$$00000000)
    _main_stk                                0x08000259   Thumb Code     0  entry2.o(.ARM.Collect$$$$00000001)
    _main_scatterload                        0x0800025d   Thumb Code     0  entry5.o(.ARM.Collect$$$$00000004)
    __main_after_scatterload                 0x08000261   Thumb Code     0  entry5.o(.ARM.Collect$$$$00000004)
    _main_clock                              0x08000261   Thumb Code     0  entry7b.o(.ARM.Collect$$$$00000008)
    _main_cpp_init                           0x08000261   Thumb Code     0  entry8b.o(.ARM.Collect$$$$0000000A)
    _main_init                               0x08000261   Thumb Code     0  entry9a.o(.ARM.Collect$$$$0000000B)
    __rt_final_cpp                           0x08000269   Thumb Code     0  entry10a.o(.ARM.Collect$$$$0000000D)
    __rt_final_exit                          0x08000269   Thumb Code     0  entry11a.o(.ARM.Collect$$$$0000000F)
    Reset_Handler                            0x0800026d   Thumb Code     8  startup_stm32h503xx.o(.text)
    SecureFault_Handler                      0x0800027f   Thumb Code     2  startup_stm32h503xx.o(.text)
    ADC1_IRQHandler                          0x08000289   Thumb Code     0  startup_stm32h503xx.o(.text)
    COMP1_IRQHandler                         0x08000289   Thumb Code     0  startup_stm32h503xx.o(.text)
    CRS_IRQHandler                           0x08000289   Thumb Code     0  startup_stm32h503xx.o(.text)
    DAC1_IRQHandler                          0x08000289   Thumb Code     0  startup_stm32h503xx.o(.text)
    DTS_IRQHandler                           0x08000289   Thumb Code     0  startup_stm32h503xx.o(.text)
    EXTI0_IRQHandler                         0x08000289   Thumb Code     0  startup_stm32h503xx.o(.text)
    EXTI10_IRQHandler                        0x08000289   Thumb Code     0  startup_stm32h503xx.o(.text)
    EXTI11_IRQHandler                        0x08000289   Thumb Code     0  startup_stm32h503xx.o(.text)
    EXTI12_IRQHandler                        0x08000289   Thumb Code     0  startup_stm32h503xx.o(.text)
    EXTI13_IRQHandler                        0x08000289   Thumb Code     0  startup_stm32h503xx.o(.text)
    EXTI14_IRQHandler                        0x08000289   Thumb Code     0  startup_stm32h503xx.o(.text)
    EXTI15_IRQHandler                        0x08000289   Thumb Code     0  startup_stm32h503xx.o(.text)
    EXTI1_IRQHandler                         0x08000289   Thumb Code     0  startup_stm32h503xx.o(.text)
    EXTI2_IRQHandler                         0x08000289   Thumb Code     0  startup_stm32h503xx.o(.text)
    EXTI3_IRQHandler                         0x08000289   Thumb Code     0  startup_stm32h503xx.o(.text)
    EXTI4_IRQHandler                         0x08000289   Thumb Code     0  startup_stm32h503xx.o(.text)
    EXTI5_IRQHandler                         0x08000289   Thumb Code     0  startup_stm32h503xx.o(.text)
    EXTI6_IRQHandler                         0x08000289   Thumb Code     0  startup_stm32h503xx.o(.text)
    EXTI7_IRQHandler                         0x08000289   Thumb Code     0  startup_stm32h503xx.o(.text)
    EXTI8_IRQHandler                         0x08000289   Thumb Code     0  startup_stm32h503xx.o(.text)
    EXTI9_IRQHandler                         0x08000289   Thumb Code     0  startup_stm32h503xx.o(.text)
    FDCAN1_IT0_IRQHandler                    0x08000289   Thumb Code     0  startup_stm32h503xx.o(.text)
    FDCAN1_IT1_IRQHandler                    0x08000289   Thumb Code     0  startup_stm32h503xx.o(.text)
    FLASH_IRQHandler                         0x08000289   Thumb Code     0  startup_stm32h503xx.o(.text)
    FPU_IRQHandler                           0x08000289   Thumb Code     0  startup_stm32h503xx.o(.text)
    GPDMA1_Channel1_IRQHandler               0x08000289   Thumb Code     0  startup_stm32h503xx.o(.text)
    GPDMA1_Channel2_IRQHandler               0x08000289   Thumb Code     0  startup_stm32h503xx.o(.text)
    GPDMA1_Channel3_IRQHandler               0x08000289   Thumb Code     0  startup_stm32h503xx.o(.text)
    GPDMA1_Channel4_IRQHandler               0x08000289   Thumb Code     0  startup_stm32h503xx.o(.text)
    GPDMA1_Channel5_IRQHandler               0x08000289   Thumb Code     0  startup_stm32h503xx.o(.text)
    GPDMA1_Channel6_IRQHandler               0x08000289   Thumb Code     0  startup_stm32h503xx.o(.text)
    GPDMA1_Channel7_IRQHandler               0x08000289   Thumb Code     0  startup_stm32h503xx.o(.text)
    GPDMA2_Channel0_IRQHandler               0x08000289   Thumb Code     0  startup_stm32h503xx.o(.text)
    GPDMA2_Channel1_IRQHandler               0x08000289   Thumb Code     0  startup_stm32h503xx.o(.text)
    GPDMA2_Channel2_IRQHandler               0x08000289   Thumb Code     0  startup_stm32h503xx.o(.text)
    GPDMA2_Channel3_IRQHandler               0x08000289   Thumb Code     0  startup_stm32h503xx.o(.text)
    GPDMA2_Channel4_IRQHandler               0x08000289   Thumb Code     0  startup_stm32h503xx.o(.text)
    GPDMA2_Channel5_IRQHandler               0x08000289   Thumb Code     0  startup_stm32h503xx.o(.text)
    GPDMA2_Channel6_IRQHandler               0x08000289   Thumb Code     0  startup_stm32h503xx.o(.text)
    GPDMA2_Channel7_IRQHandler               0x08000289   Thumb Code     0  startup_stm32h503xx.o(.text)
    GTZC_IRQHandler                          0x08000289   Thumb Code     0  startup_stm32h503xx.o(.text)
    HASH_IRQHandler                          0x08000289   Thumb Code     0  startup_stm32h503xx.o(.text)
    I2C1_ER_IRQHandler                       0x08000289   Thumb Code     0  startup_stm32h503xx.o(.text)
    I2C1_EV_IRQHandler                       0x08000289   Thumb Code     0  startup_stm32h503xx.o(.text)
    I2C2_ER_IRQHandler                       0x08000289   Thumb Code     0  startup_stm32h503xx.o(.text)
    I2C2_EV_IRQHandler                       0x08000289   Thumb Code     0  startup_stm32h503xx.o(.text)
    I3C1_ER_IRQHandler                       0x08000289   Thumb Code     0  startup_stm32h503xx.o(.text)
    I3C1_EV_IRQHandler                       0x08000289   Thumb Code     0  startup_stm32h503xx.o(.text)
    I3C2_ER_IRQHandler                       0x08000289   Thumb Code     0  startup_stm32h503xx.o(.text)
    I3C2_EV_IRQHandler                       0x08000289   Thumb Code     0  startup_stm32h503xx.o(.text)
    ICACHE_IRQHandler                        0x08000289   Thumb Code     0  startup_stm32h503xx.o(.text)
    IWDG_IRQHandler                          0x08000289   Thumb Code     0  startup_stm32h503xx.o(.text)
    LPTIM1_IRQHandler                        0x08000289   Thumb Code     0  startup_stm32h503xx.o(.text)
    LPTIM2_IRQHandler                        0x08000289   Thumb Code     0  startup_stm32h503xx.o(.text)
    LPUART1_IRQHandler                       0x08000289   Thumb Code     0  startup_stm32h503xx.o(.text)
    PVD_AVD_IRQHandler                       0x08000289   Thumb Code     0  startup_stm32h503xx.o(.text)
    RAMCFG_IRQHandler                        0x08000289   Thumb Code     0  startup_stm32h503xx.o(.text)
    RCC_IRQHandler                           0x08000289   Thumb Code     0  startup_stm32h503xx.o(.text)
    RNG_IRQHandler                           0x08000289   Thumb Code     0  startup_stm32h503xx.o(.text)
    RTC_IRQHandler                           0x08000289   Thumb Code     0  startup_stm32h503xx.o(.text)
    SPI1_IRQHandler                          0x08000289   Thumb Code     0  startup_stm32h503xx.o(.text)
    SPI2_IRQHandler                          0x08000289   Thumb Code     0  startup_stm32h503xx.o(.text)
    SPI3_IRQHandler                          0x08000289   Thumb Code     0  startup_stm32h503xx.o(.text)
    TAMP_IRQHandler                          0x08000289   Thumb Code     0  startup_stm32h503xx.o(.text)
    TIM1_BRK_IRQHandler                      0x08000289   Thumb Code     0  startup_stm32h503xx.o(.text)
    TIM1_CC_IRQHandler                       0x08000289   Thumb Code     0  startup_stm32h503xx.o(.text)
    TIM1_TRG_COM_IRQHandler                  0x08000289   Thumb Code     0  startup_stm32h503xx.o(.text)
    TIM1_UP_IRQHandler                       0x08000289   Thumb Code     0  startup_stm32h503xx.o(.text)
    TIM2_IRQHandler                          0x08000289   Thumb Code     0  startup_stm32h503xx.o(.text)
    TIM3_IRQHandler                          0x08000289   Thumb Code     0  startup_stm32h503xx.o(.text)
    TIM6_IRQHandler                          0x08000289   Thumb Code     0  startup_stm32h503xx.o(.text)
    TIM7_IRQHandler                          0x08000289   Thumb Code     0  startup_stm32h503xx.o(.text)
    USB_DRD_FS_IRQHandler                    0x08000289   Thumb Code     0  startup_stm32h503xx.o(.text)
    WWDG_IRQHandler                          0x08000289   Thumb Code     0  startup_stm32h503xx.o(.text)
    __aeabi_uldivmod                         0x08000295   Thumb Code    98  uldiv.o(.text)
    __aeabi_memcpy                           0x080002f7   Thumb Code    36  memcpya.o(.text)
    __aeabi_memcpy4                          0x080002f7   Thumb Code     0  memcpya.o(.text)
    __aeabi_memcpy8                          0x080002f7   Thumb Code     0  memcpya.o(.text)
    __aeabi_memset                           0x0800031b   Thumb Code    14  memseta.o(.text)
    __aeabi_memset4                          0x0800031b   Thumb Code     0  memseta.o(.text)
    __aeabi_memset8                          0x0800031b   Thumb Code     0  memseta.o(.text)
    __aeabi_memclr                           0x08000329   Thumb Code     4  memseta.o(.text)
    __aeabi_memclr4                          0x08000329   Thumb Code     0  memseta.o(.text)
    __aeabi_memclr8                          0x08000329   Thumb Code     0  memseta.o(.text)
    _memset$wrapper                          0x0800032d   Thumb Code    18  memseta.o(.text)
    __aeabi_llsl                             0x0800033f   Thumb Code    30  llshl.o(.text)
    _ll_shift_l                              0x0800033f   Thumb Code     0  llshl.o(.text)
    __aeabi_llsr                             0x0800035d   Thumb Code    32  llushr.o(.text)
    _ll_ushift_r                             0x0800035d   Thumb Code     0  llushr.o(.text)
    __scatterload                            0x0800037d   Thumb Code    38  init.o(.text)
    __scatterload_rt2                        0x0800037d   Thumb Code     0  init.o(.text)
    __decompress                             0x080003ad   Thumb Code     0  __dczerorl2.o(.text)
    __decompress1                            0x080003ad   Thumb Code    86  __dczerorl2.o(.text)
    BusFault_Handler                         0x08000405   Thumb Code     2  stm32h5xx_it.o(.text.BusFault_Handler)
    ClosingTimeLearning                      0x08000409   Thumb Code   274  sensorapplogic.o(.text.ClosingTimeLearning)
    DebugMon_Handler                         0x080006f1   Thumb Code     2  stm32h5xx_it.o(.text.DebugMon_Handler)
    DistanceThresholdLearning                0x080006f5   Thumb Code   546  sensorapplogic.o(.text.DistanceThresholdLearning)
    ElevatorSignaMonitoring                  0x08000919   Thumb Code    94  elevatorsignalmonitor.o(.text.ElevatorSignaMonitoring)
    Error_Handler                            0x08000979   Thumb Code     6  main.o(.text.Error_Handler)
    FLASH_WaitForLastOperation               0x08000981   Thumb Code   144  stm32h5xx_hal_flash.o(.text.FLASH_WaitForLastOperation)
    GPDMA1_Channel0_IRQHandler               0x08000a11   Thumb Code    12  stm32h5xx_it.o(.text.GPDMA1_Channel0_IRQHandler)
    HAL_DMAEx_List_BuildNode                 0x08000a1d   Thumb Code   372  stm32h5xx_hal_dma_ex.o(.text.HAL_DMAEx_List_BuildNode)
    HAL_DMAEx_List_Init                      0x08000b91   Thumb Code   226  stm32h5xx_hal_dma_ex.o(.text.HAL_DMAEx_List_Init)
    HAL_DMAEx_List_InsertNode                0x08000c75   Thumb Code   298  stm32h5xx_hal_dma_ex.o(.text.HAL_DMAEx_List_InsertNode)
    HAL_DMAEx_List_LinkQ                     0x08000da1   Thumb Code   166  stm32h5xx_hal_dma_ex.o(.text.HAL_DMAEx_List_LinkQ)
    HAL_DMAEx_List_SetCircularMode           0x08000e49   Thumb Code   278  stm32h5xx_hal_dma_ex.o(.text.HAL_DMAEx_List_SetCircularMode)
    HAL_DMAEx_List_Start_IT                  0x08000f61   Thumb Code   200  stm32h5xx_hal_dma_ex.o(.text.HAL_DMAEx_List_Start_IT)
    HAL_DMA_Abort                            0x08001029   Thumb Code   168  stm32h5xx_hal_dma.o(.text.HAL_DMA_Abort)
    HAL_DMA_Abort_IT                         0x080010d1   Thumb Code    40  stm32h5xx_hal_dma.o(.text.HAL_DMA_Abort_IT)
    HAL_DMA_ConfigChannelAttributes          0x080010f9   Thumb Code    58  stm32h5xx_hal_dma.o(.text.HAL_DMA_ConfigChannelAttributes)
    HAL_DMA_DeInit                           0x08001135   Thumb Code   222  stm32h5xx_hal_dma.o(.text.HAL_DMA_DeInit)
    HAL_DMA_GetError                         0x08001215   Thumb Code     4  stm32h5xx_hal_dma.o(.text.HAL_DMA_GetError)
    HAL_DMA_IRQHandler                       0x08001219   Thumb Code   424  stm32h5xx_hal_dma.o(.text.HAL_DMA_IRQHandler)
    HAL_DMA_Start_IT                         0x080013c1   Thumb Code   166  stm32h5xx_hal_dma.o(.text.HAL_DMA_Start_IT)
    HAL_Delay                                0x08001469   Thumb Code    40  stm32h5xx_hal.o(.text.HAL_Delay)
    HAL_FLASHEx_Erase                        0x08001491   Thumb Code   300  stm32h5xx_hal_flash_ex.o(.text.HAL_FLASHEx_Erase)
    HAL_FLASH_Lock                           0x080015bd   Thumb Code    26  stm32h5xx_hal_flash.o(.text.HAL_FLASH_Lock)
    HAL_FLASH_Program                        0x080015d9   Thumb Code   288  stm32h5xx_hal_flash.o(.text.HAL_FLASH_Program)
    HAL_FLASH_Unlock                         0x080016f9   Thumb Code    46  stm32h5xx_hal_flash.o(.text.HAL_FLASH_Unlock)
    HAL_GPIO_DeInit                          0x08001729   Thumb Code   260  stm32h5xx_hal_gpio.o(.text.HAL_GPIO_DeInit)
    HAL_GPIO_Init                            0x0800182d   Thumb Code   410  stm32h5xx_hal_gpio.o(.text.HAL_GPIO_Init)
    HAL_GPIO_ReadPin                         0x080019c9   Thumb Code    10  stm32h5xx_hal_gpio.o(.text.HAL_GPIO_ReadPin)
    HAL_GPIO_TogglePin                       0x080019d5   Thumb Code    16  stm32h5xx_hal_gpio.o(.text.HAL_GPIO_TogglePin)
    HAL_GPIO_WritePin                        0x080019e5   Thumb Code    12  stm32h5xx_hal_gpio.o(.text.HAL_GPIO_WritePin)
    HAL_GetTick                              0x080019f1   Thumb Code    12  stm32h5xx_hal.o(.text.HAL_GetTick)
    HAL_I2CEx_ConfigAnalogFilter             0x080019fd   Thumb Code    74  stm32h5xx_hal_i2c_ex.o(.text.HAL_I2CEx_ConfigAnalogFilter)
    HAL_I2CEx_ConfigDigitalFilter            0x08001a49   Thumb Code    72  stm32h5xx_hal_i2c_ex.o(.text.HAL_I2CEx_ConfigDigitalFilter)
    HAL_I2C_Init                             0x08001a91   Thumb Code   174  stm32h5xx_hal_i2c.o(.text.HAL_I2C_Init)
    HAL_I2C_Mem_Read                         0x08001b41   Thumb Code   572  stm32h5xx_hal_i2c.o(.text.HAL_I2C_Mem_Read)
    HAL_I2C_Mem_Write                        0x08001d7d   Thumb Code   568  stm32h5xx_hal_i2c.o(.text.HAL_I2C_Mem_Write)
    HAL_I2C_MspInit                          0x08001fb5   Thumb Code   150  i2c.o(.text.HAL_I2C_MspInit)
    HAL_ICACHE_ConfigAssociativityMode       0x0800204d   Thumb Code    32  stm32h5xx_hal_icache.o(.text.HAL_ICACHE_ConfigAssociativityMode)
    HAL_ICACHE_Disable                       0x0800206d   Thumb Code    68  stm32h5xx_hal_icache.o(.text.HAL_ICACHE_Disable)
    HAL_ICACHE_Enable                        0x080020b1   Thumb Code    20  stm32h5xx_hal_icache.o(.text.HAL_ICACHE_Enable)
    HAL_IWDG_Init                            0x080020c5   Thumb Code   160  stm32h5xx_hal_iwdg.o(.text.HAL_IWDG_Init)
    HAL_IWDG_MspInit                         0x08002165   Thumb Code     2  stm32h5xx_hal_iwdg.o(.text.HAL_IWDG_MspInit)
    HAL_IWDG_Refresh                         0x08002169   Thumb Code    12  stm32h5xx_hal_iwdg.o(.text.HAL_IWDG_Refresh)
    HAL_IncTick                              0x08002175   Thumb Code    26  stm32h5xx_hal.o(.text.HAL_IncTick)
    HAL_Init                                 0x08002191   Thumb Code    76  stm32h5xx_hal.o(.text.HAL_Init)
    HAL_InitTick                             0x080021dd   Thumb Code   168  stm32h5xx_hal.o(.text.HAL_InitTick)
    HAL_MspInit                              0x08002285   Thumb Code     2  stm32h5xx_hal_msp.o(.text.HAL_MspInit)
    HAL_NVIC_DisableIRQ                      0x08002289   Thumb Code    42  stm32h5xx_hal_cortex.o(.text.HAL_NVIC_DisableIRQ)
    HAL_NVIC_EnableIRQ                       0x080022b5   Thumb Code    34  stm32h5xx_hal_cortex.o(.text.HAL_NVIC_EnableIRQ)
    HAL_NVIC_SetPriority                     0x080022d9   Thumb Code    86  stm32h5xx_hal_cortex.o(.text.HAL_NVIC_SetPriority)
    HAL_NVIC_SetPriorityGrouping             0x08002331   Thumb Code    32  stm32h5xx_hal_cortex.o(.text.HAL_NVIC_SetPriorityGrouping)
    HAL_NVIC_SystemReset                     0x08002351   Thumb Code     4  stm32h5xx_hal_cortex.o(.text.HAL_NVIC_SystemReset)
    HAL_RCCEx_GetPLL1ClockFreq               0x08002355   Thumb Code   408  stm32h5xx_hal_rcc_ex.o(.text.HAL_RCCEx_GetPLL1ClockFreq)
    HAL_RCCEx_GetPLL2ClockFreq               0x080024f9   Thumb Code   408  stm32h5xx_hal_rcc_ex.o(.text.HAL_RCCEx_GetPLL2ClockFreq)
    HAL_RCCEx_GetPeriphCLKFreq               0x0800269d   Thumb Code  1832  stm32h5xx_hal_rcc_ex.o(.text.HAL_RCCEx_GetPeriphCLKFreq)
    HAL_RCCEx_PeriphCLKConfig                0x08002dc5   Thumb Code  1696  stm32h5xx_hal_rcc_ex.o(.text.HAL_RCCEx_PeriphCLKConfig)
    HAL_RCC_ClockConfig                      0x08003465   Thumb Code   606  stm32h5xx_hal_rcc.o(.text.HAL_RCC_ClockConfig)
    HAL_RCC_GetHCLKFreq                      0x080036c5   Thumb Code    48  stm32h5xx_hal_rcc.o(.text.HAL_RCC_GetHCLKFreq)
    HAL_RCC_GetPCLK1Freq                     0x080036f5   Thumb Code    70  stm32h5xx_hal_rcc.o(.text.HAL_RCC_GetPCLK1Freq)
    HAL_RCC_GetPCLK2Freq                     0x0800373d   Thumb Code    70  stm32h5xx_hal_rcc.o(.text.HAL_RCC_GetPCLK2Freq)
    HAL_RCC_GetPCLK3Freq                     0x08003785   Thumb Code    70  stm32h5xx_hal_rcc.o(.text.HAL_RCC_GetPCLK3Freq)
    HAL_RCC_GetSysClockFreq                  0x080037cd   Thumb Code   284  stm32h5xx_hal_rcc.o(.text.HAL_RCC_GetSysClockFreq)
    HAL_RCC_OscConfig                        0x080038f9   Thumb Code  1602  stm32h5xx_hal_rcc.o(.text.HAL_RCC_OscConfig)
    HAL_RTCEx_PrivilegeModeSet               0x08003f3d   Thumb Code    58  stm32h5xx_hal_rtc_ex.o(.text.HAL_RTCEx_PrivilegeModeSet)
    HAL_RTC_Init                             0x08003f79   Thumb Code   226  stm32h5xx_hal_rtc.o(.text.HAL_RTC_Init)
    HAL_RTC_MspInit                          0x0800405d   Thumb Code   104  rtc.o(.text.HAL_RTC_MspInit)
    HAL_SYSTICK_CLKSourceConfig              0x080040c5   Thumb Code   118  stm32h5xx_hal_cortex.o(.text.HAL_SYSTICK_CLKSourceConfig)
    HAL_SYSTICK_Callback                     0x0800413d   Thumb Code   128  platform.o(.text.HAL_SYSTICK_Callback)
    HAL_SYSTICK_Config                       0x080041bd   Thumb Code    36  stm32h5xx_hal_cortex.o(.text.HAL_SYSTICK_Config)
    HAL_SYSTICK_GetCLKSourceConfig           0x080041e1   Thumb Code    40  stm32h5xx_hal_cortex.o(.text.HAL_SYSTICK_GetCLKSourceConfig)
    HAL_SYSTICK_IRQHandler                   0x08004219   Thumb Code     4  stm32h5xx_hal_cortex.o(.text.HAL_SYSTICK_IRQHandler)
    HAL_UARTEx_DisableFifoMode               0x0800421d   Thumb Code    54  stm32h5xx_hal_uart_ex.o(.text.HAL_UARTEx_DisableFifoMode)
    HAL_UARTEx_RxEventCallback               0x08004255   Thumb Code     2  stm32h5xx_hal_uart.o(.text.HAL_UARTEx_RxEventCallback)
    HAL_UARTEx_RxFifoFullCallback            0x08004259   Thumb Code     2  stm32h5xx_hal_uart_ex.o(.text.HAL_UARTEx_RxFifoFullCallback)
    HAL_UARTEx_SetRxFifoThreshold            0x0800425d   Thumb Code   140  stm32h5xx_hal_uart_ex.o(.text.HAL_UARTEx_SetRxFifoThreshold)
    HAL_UARTEx_SetTxFifoThreshold            0x080042e9   Thumb Code   140  stm32h5xx_hal_uart_ex.o(.text.HAL_UARTEx_SetTxFifoThreshold)
    HAL_UARTEx_TxFifoEmptyCallback           0x08004375   Thumb Code     2  stm32h5xx_hal_uart_ex.o(.text.HAL_UARTEx_TxFifoEmptyCallback)
    HAL_UARTEx_WakeupCallback                0x08004379   Thumb Code     2  stm32h5xx_hal_uart_ex.o(.text.HAL_UARTEx_WakeupCallback)
    HAL_UART_DMAStop                         0x0800437d   Thumb Code   652  stm32h5xx_hal_uart.o(.text.HAL_UART_DMAStop)
    HAL_UART_DeInit                          0x08004609   Thumb Code    64  stm32h5xx_hal_uart.o(.text.HAL_UART_DeInit)
    HAL_UART_ErrorCallback                   0x08004649   Thumb Code     2  stm32h5xx_hal_uart.o(.text.HAL_UART_ErrorCallback)
    HAL_UART_IRQHandler                      0x0800464d   Thumb Code  1462  stm32h5xx_hal_uart.o(.text.HAL_UART_IRQHandler)
    HAL_UART_Init                            0x08004c05   Thumb Code   100  stm32h5xx_hal_uart.o(.text.HAL_UART_Init)
    HAL_UART_MspDeInit                       0x08004c69   Thumb Code   184  usart.o(.text.HAL_UART_MspDeInit)
    HAL_UART_MspInit                         0x08004d21   Thumb Code   666  usart.o(.text.HAL_UART_MspInit)
    HAL_UART_Receive                         0x08004fbd   Thumb Code   262  stm32h5xx_hal_uart.o(.text.HAL_UART_Receive)
    HAL_UART_Receive_DMA                     0x080050c5   Thumb Code   170  stm32h5xx_hal_uart.o(.text.HAL_UART_Receive_DMA)
    HAL_UART_Receive_IT                      0x08005171   Thumb Code   190  stm32h5xx_hal_uart.o(.text.HAL_UART_Receive_IT)
    HAL_UART_RxCpltCallback                  0x08005231   Thumb Code   616  rs485.o(.text.HAL_UART_RxCpltCallback)
    HAL_UART_RxHalfCpltCallback              0x08005499   Thumb Code     2  stm32h5xx_hal_uart.o(.text.HAL_UART_RxHalfCpltCallback)
    HAL_UART_Transmit                        0x0800549d   Thumb Code   424  stm32h5xx_hal_uart.o(.text.HAL_UART_Transmit)
    HAL_UART_Transmit_IT                     0x08005645   Thumb Code   318  stm32h5xx_hal_uart.o(.text.HAL_UART_Transmit_IT)
    HAL_UART_TxCpltCallback                  0x08005785   Thumb Code    68  rs485.o(.text.HAL_UART_TxCpltCallback)
    HandleControl                            0x080057c9   Thumb Code  1004  pda_communication.o(.text.HandleControl)
    HandleHandshake                          0x08005bb5   Thumb Code   310  pda_communication.o(.text.HandleHandshake)
    HandleHeartbeat                          0x08005ced   Thumb Code  1080  pda_communication.o(.text.HandleHeartbeat)
    HandleParamRead                          0x0800612d   Thumb Code   876  pda_communication.o(.text.HandleParamRead)
    HandleParamWrite                         0x08006499   Thumb Code   450  pda_communication.o(.text.HandleParamWrite)
    HardFault_Handler                        0x0800665d   Thumb Code     2  stm32h5xx_it.o(.text.HardFault_Handler)
    MX_GPDMA1_Init                           0x080069dd   Thumb Code    52  gpdma.o(.text.MX_GPDMA1_Init)
    MX_GPIO_DTS6012_Init                     0x08006a11   Thumb Code    90  gpio.o(.text.MX_GPIO_DTS6012_Init)
    MX_GPIO_Init                             0x08006a6d   Thumb Code   252  gpio.o(.text.MX_GPIO_Init)
    MX_I2C1_Init                             0x08006b69   Thumb Code   112  i2c.o(.text.MX_I2C1_Init)
    MX_ICACHE_Init                           0x08006bd9   Thumb Code    34  icache.o(.text.MX_ICACHE_Init)
    MX_IWDG_Init                             0x08006bfd   Thumb Code    56  iwdg.o(.text.MX_IWDG_Init)
    MX_RTC_Init                              0x08006c35   Thumb Code   108  rtc.o(.text.MX_RTC_Init)
    MX_USART1_UART_Init                      0x08006ca1   Thumb Code   140  usart.o(.text.MX_USART1_UART_Init)
    MX_USART2_UART_Init                      0x08006d2d   Thumb Code   140  usart.o(.text.MX_USART2_UART_Init)
    MX_USART3_UART_Init                      0x08006db9   Thumb Code   140  usart.o(.text.MX_USART3_UART_Init)
    MemManage_Handler                        0x08006e45   Thumb Code     2  stm32h5xx_it.o(.text.MemManage_Handler)
    ND06AV1C_GetDepthAndAmpData              0x08006e49   Thumb Code   942  nd06av1c_data.o(.text.ND06AV1C_GetDepthAndAmpData)
    ND06AV1C_I2CErrCallback                  0x080071f9   Thumb Code   102  nd06av1c_dev.o(.text.ND06AV1C_I2CErrCallback)
    ND06AV1C_Init                            0x08007261   Thumb Code   104  nd06av1c_app.o(.text.ND06AV1C_Init)
    ND06AV1C_InitDevice                      0x080072c9   Thumb Code    22  nd06av1c_dev.o(.text.ND06AV1C_InitDevice)
    ND06AV1C_ReadNWords                      0x080072e1   Thumb Code   164  nd06av1c_comm.o(.text.ND06AV1C_ReadNWords)
    ND06AV1C_ReadWord                        0x08007385   Thumb Code   162  nd06av1c_comm.o(.text.ND06AV1C_ReadWord)
    ND06AV1C_RegisteredIICApi                0x08007429   Thumb Code    14  nd06av1c_comm.o(.text.ND06AV1C_RegisteredIICApi)
    ND06AV1C_RegisteredPlatformApi           0x08007439   Thumb Code    28  nd06av1c_dev.o(.text.ND06AV1C_RegisteredPlatformApi)
    ND06AV1C_WaitDeviceBootUp                0x08007455   Thumb Code   422  nd06av1c_dev.o(.text.ND06AV1C_WaitDeviceBootUp)
    ND06AV1C_WriteByte                       0x080075fd   Thumb Code    34  nd06av1c_comm.o(.text.ND06AV1C_WriteByte)
    ND06AV1C_WriteWord                       0x08007621   Thumb Code   142  nd06av1c_comm.o(.text.ND06AV1C_WriteWord)
    NMI_Handler                              0x080076b1   Thumb Code     2  stm32h5xx_it.o(.text.NMI_Handler)
    ObjectDetection                          0x080076b5   Thumb Code   568  sensorapplogic.o(.text.ObjectDetection)
    PendSV_Handler                           0x080078ed   Thumb Code     2  stm32h5xx_it.o(.text.PendSV_Handler)
    ProcessDTSDMAData                        0x080078f1   Thumb Code   128  main.o(.text.ProcessDTSDMAData)
    ProcessElevatorData                      0x08007971   Thumb Code   490  rs485.o(.text.ProcessElevatorData)
    ProcessGHPTooling                        0x08007b5d   Thumb Code   320  rs485.o(.text.ProcessGHPTooling)
    ProcessPacket                            0x08007c9d   Thumb Code   332  pda_communication.o(.text.ProcessPacket)
    RS485_Elevator_Init                      0x08007ed5   Thumb Code    58  rs485.o(.text.RS485_Elevator_Init)
    RTC_ExitInitMode                         0x08007f11   Thumb Code   160  stm32h5xx_hal_rtc.o(.text.RTC_ExitInitMode)
    SVC_Handler                              0x08007fb1   Thumb Code     2  stm32h5xx_it.o(.text.SVC_Handler)
    SysTick_Handler                          0x08007fb5   Thumb Code    14  stm32h5xx_it.o(.text.SysTick_Handler)
    SystemClock_Config                       0x08007fc5   Thumb Code   202  main.o(.text.SystemClock_Config)
    SystemInit                               0x08008091   Thumb Code   168  system_stm32h5xx.o(.text.SystemInit)
    TOOLING_USART1_UART_Init                 0x08008139   Thumb Code   148  toolingtest.o(.text.TOOLING_USART1_UART_Init)
    TOOLING_USART2_UART_Init                 0x080081cd   Thumb Code   148  toolingtest.o(.text.TOOLING_USART2_UART_Init)
    UART_AdvFeatureConfig                    0x08008261   Thumb Code   230  stm32h5xx_hal_uart.o(.text.UART_AdvFeatureConfig)
    UART_CheckIdleState                      0x08008349   Thumb Code   362  stm32h5xx_hal_uart.o(.text.UART_CheckIdleState)
    UART_SetConfig                           0x0800917d   Thumb Code   412  stm32h5xx_hal_uart.o(.text.UART_SetConfig)
    UART_Start_Receive_DMA                   0x08009319   Thumb Code   390  stm32h5xx_hal_uart.o(.text.UART_Start_Receive_DMA)
    UART_Start_Receive_IT                    0x080094a1   Thumb Code   610  stm32h5xx_hal_uart.o(.text.UART_Start_Receive_IT)
    UART_WaitOnFlagUntilTimeout              0x08009a55   Thumb Code   818  stm32h5xx_hal_uart.o(.text.UART_WaitOnFlagUntilTimeout)
    USART1_IRQHandler                        0x08009d89   Thumb Code    12  stm32h5xx_it.o(.text.USART1_IRQHandler)
    USART2_IRQHandler                        0x08009d95   Thumb Code    12  stm32h5xx_it.o(.text.USART2_IRQHandler)
    USART3_IRQHandler                        0x08009da1   Thumb Code   242  stm32h5xx_it.o(.text.USART3_IRQHandler)
    UpdateDoorStateMachine                   0x08009e95   Thumb Code   222  elevatorsignalmonitor.o(.text.UpdateDoorStateMachine)
    UsageFault_Handler                       0x08009f75   Thumb Code     2  stm32h5xx_it.o(.text.UsageFault_Handler)
    cargoLift_ObjectDetection                0x08009fa5   Thumb Code   648  sensorapplogic.o(.text.cargoLift_ObjectDetection)
    cargoLift_sensor_action_control          0x0800a22d   Thumb Code   186  sensorapplogic.o(.text.cargoLift_sensor_action_control)
    cargoLift_sensor_status_control          0x0800a2e9   Thumb Code   192  sensorapplogic.o(.text.cargoLift_sensor_status_control)
    cargolift_DistanceThresholdLearning      0x0800a3a9   Thumb Code  1548  sensorapplogic.o(.text.cargolift_DistanceThresholdLearning)
    delay_10us                               0x0800a9b5   Thumb Code   102  platform.o(.text.delay_10us)
    delay_1ms                                0x0800aa1d   Thumb Code     4  platform.o(.text.delay_1ms)
    detectError                              0x0800aa21   Thumb Code   230  sensorapplogic.o(.text.detectError)
    dts6012_getDepthAndAmp                   0x0800ab09   Thumb Code    22  dts6012m.o(.text.dts6012_getDepthAndAmp)
    dts6012_start                            0x0800ab21   Thumb Code    24  dts6012m.o(.text.dts6012_start)
    dts6012m_Stop                            0x0800ab39   Thumb Code    24  dts6012m.o(.text.dts6012m_Stop)
    get_now_time_us                          0x0800ab51   Thumb Code     6  platform.o(.text.get_now_time_us)
    i2c_read_nbytes                          0x0800ab59   Thumb Code    48  platform.o(.text.i2c_read_nbytes)
    i2c_write_nbytes                         0x0800ab89   Thumb Code    48  platform.o(.text.i2c_write_nbytes)
    initTooling                              0x0800abb9   Thumb Code     4  toolingtest.o(.text.initTooling)
    main                                     0x0800abbd   Thumb Code   856  main.o(.text.main)
    normalWork                               0x0800af29   Thumb Code   682  main.o(.text.normalWork)
    paraTable11_Reset                        0x0800b1d5   Thumb Code    72  sensorparatable.o(.text.paraTable11_Reset)
    paraTable22_Reset                        0x0800b21d   Thumb Code    36  sensorparatable.o(.text.paraTable22_Reset)
    paraTable_Init                           0x0800b241   Thumb Code    86  sensorparatable.o(.text.paraTable_Init)
    paraTable_Reset                          0x0800b299   Thumb Code    32  sensorparatable.o(.text.paraTable_Reset)
    paraTable_Write                          0x0800b2b9   Thumb Code   196  sensorparatable.o(.text.paraTable_Write)
    sensor_action_control                    0x0800b37d   Thumb Code   276  sensorapplogic.o(.text.sensor_action_control)
    sensor_status_control                    0x0800b491   Thumb Code    78  sensorapplogic.o(.text.sensor_status_control)
    set_xshut_pin_level                      0x0800b4e1   Thumb Code    16  platform.o(.text.set_xshut_pin_level)
    stmflash_read                            0x0800b4f1   Thumb Code   100  stmflash.o(.text.stmflash_read)
    stmflash_read_word                       0x0800b555   Thumb Code     4  stmflash.o(.text.stmflash_read_word)
    stmflash_write                           0x0800b559   Thumb Code   576  stmflash.o(.text.stmflash_write)
    testDTS                                  0x0800b799   Thumb Code    62  toolingtest.o(.text.testDTS)
    testIO                                   0x0800b7d9   Thumb Code    18  toolingtest.o(.text.testIO)
    testInX                                  0x0800b7ed   Thumb Code    46  toolingtest.o(.text.testInX)
    testND06                                 0x0800b81d   Thumb Code   282  toolingtest.o(.text.testND06)
    __scatterload_copy                       0x0800b937   Thumb Code    14  handlers.o(i.__scatterload_copy)
    __scatterload_null                       0x0800b945   Thumb Code     2  handlers.o(i.__scatterload_null)
    __scatterload_zeroinit                   0x0800b947   Thumb Code    14  handlers.o(i.__scatterload_zeroinit)
    AHBPrescTable                            0x0800b954   Data          16  system_stm32h5xx.o(.rodata.AHBPrescTable)
    APBPrescTable                            0x0800b964   Data           8  system_stm32h5xx.o(.rodata.APBPrescTable)
    UARTPrescTable                           0x0800b96c   Data          24  stm32h5xx_hal_uart.o(.rodata.UARTPrescTable)
    auchCRCHi                                0x0800b984   Data         256  pda_communication.o(.rodata.auchCRCHi)
    auchCRCLo                                0x0800ba84   Data         256  pda_communication.o(.rodata.auchCRCLo)
    Region$$Table$$Base                      0x0800bb94   Number         0  anon$$obj.o(Region$$Table)
    Region$$Table$$Limit                     0x0800bbb4   Number         0  anon$$obj.o(Region$$Table)
    sensor_status                            0x20000000   Data           4  sensorapplogic.o(.data..L_MergedGlobals)
    sensor_old_status                        0x20000004   Data           4  sensorapplogic.o(.data..L_MergedGlobals)
    isSixBytes                               0x20000008   Data           1  rs485.o(.data..L_MergedGlobals)
    rxSize                                   0x2000000a   Data           2  rs485.o(.data..L_MergedGlobals)
    resultUp                                 0x2000000c   Data          20  rs485.o(.data..L_MergedGlobals)
    resultUp485GHP                           0x20000020   Data          20  rs485.o(.data..L_MergedGlobals)
    uwTickFreq                               0x20000034   Data           1  stm32h5xx_hal.o(.data..L_MergedGlobals)
    uwTickPrio                               0x20000038   Data           4  stm32h5xx_hal.o(.data..L_MergedGlobals)
    ParaTable_Default                        0x2000003c   Data         148  sensorparatable.o(.data.ParaTable_Default)
    SystemCoreClock                          0x200000d0   Data           4  system_stm32h5xx.o(.data.SystemCoreClock)
    ToolingTestFlag                          0x200000d4   Data           4  producttoolinginspection.o(.data.ToolingTestFlag)
    dts6012m_start_cmd                       0x200000d8   Data           9  dts6012m.o(.data.dts6012m_start_cmd)
    dts6012m_stop_cmd                        0x200000e1   Data           9  dts6012m.o(.data.dts6012m_stop_cmd)
    gLookupTableCRC8                         0x200000ea   Data         256  rs485.o(.data.gLookupTableCRC8)
    g_nd06av1c_device                        0x200001ec   Data          16  nd06av1c_app.o(.data.g_nd06av1c_device)
    isToolingTest                            0x200001fc   Data           1  main.o(.data.isToolingTest)
    pFlash                                   0x20000200   Data          28  stm32h5xx_hal_flash.o(.data.pFlash)
    readDataWaitCnt                          0x2000021c   Data           4  nd06av1c_data.o(.data.readDataWaitCnt)
    tryTimesToolingN                         0x20000220   Data           2  toolingtest.o(.data.tryTimesToolingN)
    currentDoorState                         0x20000228   Data           1  elevatorsignalmonitor.o(.bss..L_MergedGlobals)
    pastDoorState                            0x20000229   Data           1  elevatorsignalmonitor.o(.bss..L_MergedGlobals)
    IdleFlg                                  0x2000022c   Data           4  elevatorsignalmonitor.o(.bss..L_MergedGlobals)
    ds6012OutputEN                           0x20000230   Data           4  elevatorsignalmonitor.o(.bss..L_MergedGlobals)
    nd06OutputEN                             0x20000234   Data           4  elevatorsignalmonitor.o(.bss..L_MergedGlobals)
    closingPhaseTimer                        0x20000238   Data           4  elevatorsignalmonitor.o(.bss..L_MergedGlobals)
    m_sensorType111                          0x2000023c   Data           1  pda_communication.o(.bss..L_MergedGlobals)
    setResetParaFlg                          0x2000023d   Data           1  pda_communication.o(.bss..L_MergedGlobals)
    DTS6012IOEN_PDA                          0x2000023e   Data           1  pda_communication.o(.bss..L_MergedGlobals)
    ND06IOEN_PDA                             0x2000023f   Data           1  pda_communication.o(.bss..L_MergedGlobals)
    setBeginDebug                            0x20000240   Data           1  pda_communication.o(.bss..L_MergedGlobals)
    show_pktcrc                              0x20000242   Data           2  pda_communication.o(.bss..L_MergedGlobals)
    show_crc                                 0x20000244   Data           2  pda_communication.o(.bss..L_MergedGlobals)
    DistanceThresholdLearningReqFlg          0x20000248   Data           4  pda_communication.o(.bss..L_MergedGlobals)
    ClosingTimeLearningReqFlg                0x2000024c   Data           4  pda_communication.o(.bss..L_MergedGlobals)
    txBuffer5                                0x20000250   Data          24  pda_communication.o(.bss..L_MergedGlobals)
    txBuffer1                                0x20000268   Data          50  pda_communication.o(.bss..L_MergedGlobals)
    cargoLift_IN                             0x2000029c   Data           1  main.o(.bss..L_MergedGlobals)
    noDataDTS6012TimeoutFlag                 0x2000029d   Data           1  main.o(.bss..L_MergedGlobals)
    cargoLiftIN_LastTime                     0x2000029e   Data           2  main.o(.bss..L_MergedGlobals)
    lastReceivedDTS6012Time                  0x200002a0   Data           4  main.o(.bss..L_MergedGlobals)
    e65535Times                              0x200002a4   Data           4  main.o(.bss..L_MergedGlobals)
    dts6012_DMAdata                          0x200002a8   Data          10  main.o(.bss..L_MergedGlobals)
    rxBuf                                    0x200002b2   Data          30  main.o(.bss..L_MergedGlobals)
    toolingHandShake                         0x200002d0   Data          30  main.o(.bss..L_MergedGlobals)
    List_GPDMA1_Channel0                     0x200002f0   Data          24  usart.o(.bss..L_MergedGlobals)
    Node_GPDMA1_Channel0                     0x20000308   Data          36  usart.o(.bss..L_MergedGlobals)
    count1ms                                 0x2000032c   Data           4  platform.o(.bss..L_MergedGlobals)
    count5ms                                 0x20000330   Data           4  platform.o(.bss..L_MergedGlobals)
    count10ms                                0x20000334   Data           4  platform.o(.bss..L_MergedGlobals)
    count100ms                               0x20000338   Data           4  platform.o(.bss..L_MergedGlobals)
    count1s                                  0x2000033c   Data           4  platform.o(.bss..L_MergedGlobals)
    TIME_1MS_FLAG                            0x20000340   Data           4  platform.o(.bss..L_MergedGlobals)
    TIME_5MS_FLAG                            0x20000344   Data           4  platform.o(.bss..L_MergedGlobals)
    TIME_10MS_FLAG                           0x20000348   Data           4  platform.o(.bss..L_MergedGlobals)
    TIME_100MS_FLAG                          0x2000034c   Data           4  platform.o(.bss..L_MergedGlobals)
    TIME_1S_FLAG                             0x20000350   Data           4  platform.o(.bss..L_MergedGlobals)
    I2C_ReadNBytesLib                        0x20000354   Data           4  nd06av1c_comm.o(.bss..L_MergedGlobals)
    I2C_WriteNBytesLib                       0x20000358   Data           4  nd06av1c_comm.o(.bss..L_MergedGlobals)
    over30s                                  0x2000035c   Data           1  nd06av1c_data.o(.bss..L_MergedGlobals)
    ND06AV1C_WaitDataReadyFlag               0x2000035e   Data           2  nd06av1c_data.o(.bss..L_MergedGlobals)
    Delay1msLib                              0x200003d8   Data           4  nd06av1c_dev.o(.bss..L_MergedGlobals)
    Delay10usLib                             0x200003dc   Data           4  nd06av1c_dev.o(.bss..L_MergedGlobals)
    GetNowTimeUsLib                          0x200003e0   Data           4  nd06av1c_dev.o(.bss..L_MergedGlobals)
    IO_dts6012                               0x200003e4   Data           1  sensorapplogic.o(.bss..L_MergedGlobals.1)
    IO_ND06                                  0x200003e5   Data           1  sensorapplogic.o(.bss..L_MergedGlobals.1)
    fingerDetected_flag                      0x200003e6   Data           1  sensorapplogic.o(.bss..L_MergedGlobals.1)
    regionalObjectDetected_flag_ND06         0x200003e7   Data           1  sensorapplogic.o(.bss..L_MergedGlobals.1)
    now_DistanceThresholdLearning_Flg        0x200003e8   Data           1  sensorapplogic.o(.bss..L_MergedGlobals.1)
    DistanceThresholdLearningFailed_Flg      0x200003e9   Data           1  sensorapplogic.o(.bss..L_MergedGlobals.1)
    times_DistanceThresholdLearn             0x200003ea   Data           1  sensorapplogic.o(.bss..L_MergedGlobals.1)
    now_ClosingTimeLearning_Flg              0x200003eb   Data           1  sensorapplogic.o(.bss..L_MergedGlobals.1)
    times_ClosingTimeLearning                0x200003ec   Data           1  sensorapplogic.o(.bss..L_MergedGlobals.1)
    ObjectIsDetectedFlag                     0x200003ee   Data           1  sensorapplogic.o(.bss..L_MergedGlobals.1)
    nd06AV1C_objDetectFlag                   0x200003ef   Data           1  sensorapplogic.o(.bss..L_MergedGlobals.1)
    prevFlag                                 0x200003f0   Data           1  sensorapplogic.o(.bss..L_MergedGlobals.1)
    timesND06Failed                          0x200003f1   Data           1  sensorapplogic.o(.bss..L_MergedGlobals.1)
    objectDetectionErrorCnt                  0x200003f3   Data           1  sensorapplogic.o(.bss..L_MergedGlobals.1)
    stopIOOutputFlag                         0x200003f4   Data           1  sensorapplogic.o(.bss..L_MergedGlobals.1)
    closingNoObjectCnt                       0x200003f5   Data           1  sensorapplogic.o(.bss..L_MergedGlobals.1)
    closeTimeCycle                           0x200003f6   Data           2  sensorapplogic.o(.bss..L_MergedGlobals.1)
    ledCnt                                   0x200003fe   Data           2  sensorapplogic.o(.bss..L_MergedGlobals.1)
    ErrData                                  0x20000400   Data           4  sensorapplogic.o(.bss..L_MergedGlobals.1)
    DistanceThresholdLearningSuccessFlg      0x20000404   Data           4  sensorapplogic.o(.bss..L_MergedGlobals.1)
    dts6012DistancdLearnValue                0x20000408   Data           4  sensorapplogic.o(.bss..L_MergedGlobals.1)
    nd06DistancdLearnValue                   0x2000040c   Data           4  sensorapplogic.o(.bss..L_MergedGlobals.1)
    dts6012DistanceThresholdLearningSuccessFlg 0x20000410   Data           4  sensorapplogic.o(.bss..L_MergedGlobals.1)
    nd06DistanceThresholdLearningSuccessFlg  0x20000414   Data           4  sensorapplogic.o(.bss..L_MergedGlobals.1)
    objectDCnt_P                             0x20000418   Data           4  sensorapplogic.o(.bss..L_MergedGlobals.1)
    objectDCnt_H                             0x2000041c   Data           4  sensorapplogic.o(.bss..L_MergedGlobals.1)
    nd06AddCnt                               0x20000420   Data           4  sensorapplogic.o(.bss..L_MergedGlobals.1)
    dts6012AddCnt                            0x20000424   Data           4  sensorapplogic.o(.bss..L_MergedGlobals.1)
    nd06StudyDepEven                         0x20000428   Data           4  sensorapplogic.o(.bss..L_MergedGlobals.1)
    ClosingTimeLearningSuccessFlg            0x2000042c   Data           4  sensorapplogic.o(.bss..L_MergedGlobals.1)
    closeTimeCnt                             0x20000430   Data           4  sensorapplogic.o(.bss..L_MergedGlobals.1)
    pixelOccludedFlag                        0x20000434   Data           4  sensorapplogic.o(.bss..L_MergedGlobals.1)
    dts6012_data                             0x20000438   Data          10  sensorapplogic.o(.bss..L_MergedGlobals.1)
    isFixBytes                               0x20000444   Data           1  rs485.o(.bss..L_MergedGlobals.1)
    rxDataBuffElevator                       0x20000445   Data           1  rs485.o(.bss..L_MergedGlobals.1)
    iindex                                   0x20000446   Data           1  rs485.o(.bss..L_MergedGlobals.1)
    connectEleFlag                           0x20000447   Data           1  rs485.o(.bss..L_MergedGlobals.1)
    masterElevator_LevelingSignal            0x20000448   Data           1  rs485.o(.bss..L_MergedGlobals.1)
    rxDataEleHeander                         0x20000449   Data           1  rs485.o(.bss..L_MergedGlobals.1)
    res1                                     0x2000044a   Data           1  rs485.o(.bss..L_MergedGlobals.1)
    res2                                     0x2000044b   Data           1  rs485.o(.bss..L_MergedGlobals.1)
    toolingStatusR                           0x2000044c   Data           1  rs485.o(.bss..L_MergedGlobals.1)
    RxElevatorCnt                            0x2000044e   Data           2  rs485.o(.bss..L_MergedGlobals.1)
    headerIsFoundFlag                        0x20000450   Data           2  rs485.o(.bss..L_MergedGlobals.1)
    testii                                   0x20000452   Data           2  rs485.o(.bss..L_MergedGlobals.1)
    rxIndex                                  0x20000454   Data           2  rs485.o(.bss..L_MergedGlobals.1)
    total_len                                0x20000456   Data           2  rs485.o(.bss..L_MergedGlobals.1)
    rxIndexTooling2                          0x20000458   Data           2  rs485.o(.bss..L_MergedGlobals.1)
    global_pkt                               0x2000045c   Data           4  rs485.o(.bss..L_MergedGlobals.1)
    lastReceivedELETime                      0x20000460   Data           4  rs485.o(.bss..L_MergedGlobals.1)
    rx_data_Elevator                         0x20000464   Data           6  rs485.o(.bss..L_MergedGlobals.1)
    tx_data_Door                             0x2000046a   Data           7  rs485.o(.bss..L_MergedGlobals.1)
    rxDBuffTooling2                          0x20000471   Data          10  rs485.o(.bss..L_MergedGlobals.1)
    CSpara                                   0x2000047c   Data          20  rs485.o(.bss..L_MergedGlobals.1)
    ND06AV1C_REG_OFS                         0x20000490   Data           2  nd06av1c_comm.o(.bss.ND06AV1C_REG_OFS)
    ND06DataTooling                          0x20000492   Data          64  toolingtest.o(.bss.ND06DataTooling)
    PARA_TABLE_USE                           0x200004d4   Data         148  sensorparatable.o(.bss.PARA_TABLE_USE)
    ParaTableSave                            0x20000568   Data         152  sensorparatable.o(.bss.ParaTableSave)
    cargoLift_nd06LearnValue                 0x20000600   Data          64  sensorapplogic.o(.bss.cargoLift_nd06LearnValue)
    dev_op                                   0x20000640   Data          20  nd06av1c_app.o(.bss.dev_op)
    getIN_IO                                 0x20000654   Data           1  main.o(.bss.getIN_IO)
    handle_GPDMA1_Channel0                   0x20000658   Data         120  usart.o(.bss.handle_GPDMA1_Channel0)
    hi2c1                                    0x200006d0   Data          84  i2c.o(.bss.hi2c1)
    hiwdg                                    0x20000724   Data          20  iwdg.o(.bss.hiwdg)
    hrtc                                     0x20000738   Data          48  rtc.o(.bss.hrtc)
    huart1                                   0x20000768   Data         148  usart.o(.bss.huart1)
    huart2                                   0x200007fc   Data         148  usart.o(.bss.huart2)
    huart3                                   0x20000890   Data         148  usart.o(.bss.huart3)
    nd06PixelAddCnt                          0x20000924   Data          64  sensorapplogic.o(.bss.nd06PixelAddCnt)
    nd06StudyDep                             0x20000964   Data          64  sensorapplogic.o(.bss.nd06StudyDep)
    nd06_DLdata                              0x200009a4   Data          64  sensorapplogic.o(.bss.nd06_DLdata)
    nd06_data                                0x200009e4   Data          64  sensorapplogic.o(.bss.nd06_data)
    receivedLength                           0x20000a24   Data           2  main.o(.bss.receivedLength)
    rxDBuffPDA                               0x20000a28   Data         128  rs485.o(.bss.rxDBuffPDA)
    rxDBuffTooling1                          0x20000aa8   Data          10  rs485.o(.bss.rxDBuffTooling1)
    rxIndexTooling                           0x20000ab2   Data           2  rs485.o(.bss.rxIndexTooling)
    rx_DBuffPDA                              0x20000ab4   Data         128  rs485.o(.bss.rx_DBuffPDA)
    testArr                                  0x20000b34   Data         100  rs485.o(.bss.testArr)
    txBuffer2                                0x20000b98   Data         144  pda_communication.o(.bss.txBuffer2)
    txBuffer3                                0x20000c28   Data         116  pda_communication.o(.bss.txBuffer3)
    txBuffer4                                0x20000c9c   Data         162  pda_communication.o(.bss.txBuffer4)
    uwTick                                   0x20000d40   Data           4  stm32h5xx_hal.o(.bss.uwTick)
    __initial_sp                             0x20001148   Data           0  startup_stm32h503xx.o(STACK)



==============================================================================

Memory Map of the image

  Image Entry point : 0x08000259

  Load Region LR_IROM1 (Base: 0x08000000, Size: 0x0000bde0, Max: 0x00020000, ABSOLUTE, COMPRESSED[0x0000bd20])

    Execution Region ER_IROM1 (Exec base: 0x08000000, Load base: 0x08000000, Size: 0x0000bbb4, Max: 0x00020000, ABSOLUTE)

    Exec Addr    Load Addr    Size         Type   Attr      Idx    E Section Name        Object

    0x08000000   0x08000000   0x00000258   Data   RO            3    RESET               startup_stm32h503xx.o
    0x08000258   0x08000258   0x00000000   Code   RO         1868  * .ARM.Collect$$$$00000000  mc_w.l(entry.o)
    0x08000258   0x08000258   0x00000004   Code   RO         1887    .ARM.Collect$$$$00000001  mc_w.l(entry2.o)
    0x0800025c   0x0800025c   0x00000004   Code   RO         1890    .ARM.Collect$$$$00000004  mc_w.l(entry5.o)
    0x08000260   0x08000260   0x00000000   Code   RO         1892    .ARM.Collect$$$$00000008  mc_w.l(entry7b.o)
    0x08000260   0x08000260   0x00000000   Code   RO         1894    .ARM.Collect$$$$0000000A  mc_w.l(entry8b.o)
    0x08000260   0x08000260   0x00000008   Code   RO         1895    .ARM.Collect$$$$0000000B  mc_w.l(entry9a.o)
    0x08000268   0x08000268   0x00000000   Code   RO         1897    .ARM.Collect$$$$0000000D  mc_w.l(entry10a.o)
    0x08000268   0x08000268   0x00000000   Code   RO         1899    .ARM.Collect$$$$0000000F  mc_w.l(entry11a.o)
    0x08000268   0x08000268   0x00000004   Code   RO         1888    .ARM.Collect$$$$00002712  mc_w.l(entry2.o)
    0x0800026c   0x0800026c   0x00000028   Code   RO            4    .text               startup_stm32h503xx.o
    0x08000294   0x08000294   0x00000062   Code   RO         1871    .text               mc_w.l(uldiv.o)
    0x080002f6   0x080002f6   0x00000024   Code   RO         1873    .text               mc_w.l(memcpya.o)
    0x0800031a   0x0800031a   0x00000024   Code   RO         1875    .text               mc_w.l(memseta.o)
    0x0800033e   0x0800033e   0x0000001e   Code   RO         1901    .text               mc_w.l(llshl.o)
    0x0800035c   0x0800035c   0x00000020   Code   RO         1903    .text               mc_w.l(llushr.o)
    0x0800037c   0x0800037c   0x00000030   Code   RO         1908    .text               mc_w.l(init.o)
    0x080003ac   0x080003ac   0x00000056   Code   RO         1918    .text               mc_w.l(__dczerorl2.o)
    0x08000402   0x08000402   0x00000002   PAD
    0x08000404   0x08000404   0x00000002   Code   RO          392    .text.BusFault_Handler  stm32h5xx_it.o
    0x08000406   0x08000406   0x00000002   PAD
    0x08000408   0x08000408   0x00000112   Code   RO           34    .text.ClosingTimeLearning  sensorapplogic.o
    0x0800051a   0x0800051a   0x00000002   PAD
    0x0800051c   0x0800051c   0x000001d2   Code   RO          534    .text.DMA_List_FindNode  stm32h5xx_hal_dma_ex.o
    0x080006ee   0x080006ee   0x00000002   PAD
    0x080006f0   0x080006f0   0x00000002   Code   RO          398    .text.DebugMon_Handler  stm32h5xx_it.o
    0x080006f2   0x080006f2   0x00000002   PAD
    0x080006f4   0x080006f4   0x00000222   Code   RO           30    .text.DistanceThresholdLearning  sensorapplogic.o
    0x08000916   0x08000916   0x00000002   PAD
    0x08000918   0x08000918   0x0000005e   Code   RO           94    .text.ElevatorSignaMonitoring  elevatorsignalmonitor.o
    0x08000976   0x08000976   0x00000002   PAD
    0x08000978   0x08000978   0x00000006   Code   RO          266    .text.Error_Handler  main.o
    0x0800097e   0x0800097e   0x00000002   PAD
    0x08000980   0x08000980   0x00000090   Code   RO          699    .text.FLASH_WaitForLastOperation  stm32h5xx_hal_flash.o
    0x08000a10   0x08000a10   0x0000000c   Code   RO          404    .text.GPDMA1_Channel0_IRQHandler  stm32h5xx_it.o
    0x08000a1c   0x08000a1c   0x00000174   Code   RO          526    .text.HAL_DMAEx_List_BuildNode  stm32h5xx_hal_dma_ex.o
    0x08000b90   0x08000b90   0x000000e2   Code   RO          518    .text.HAL_DMAEx_List_Init  stm32h5xx_hal_dma_ex.o
    0x08000c72   0x08000c72   0x00000002   PAD
    0x08000c74   0x08000c74   0x0000012a   Code   RO          530    .text.HAL_DMAEx_List_InsertNode  stm32h5xx_hal_dma_ex.o
    0x08000d9e   0x08000d9e   0x00000002   PAD
    0x08000da0   0x08000da0   0x000000a6   Code   RO          570    .text.HAL_DMAEx_List_LinkQ  stm32h5xx_hal_dma_ex.o
    0x08000e46   0x08000e46   0x00000002   PAD
    0x08000e48   0x08000e48   0x00000116   Code   RO          562    .text.HAL_DMAEx_List_SetCircularMode  stm32h5xx_hal_dma_ex.o
    0x08000f5e   0x08000f5e   0x00000002   PAD
    0x08000f60   0x08000f60   0x000000c8   Code   RO          524    .text.HAL_DMAEx_List_Start_IT  stm32h5xx_hal_dma_ex.o
    0x08001028   0x08001028   0x000000a8   Code   RO          490    .text.HAL_DMA_Abort  stm32h5xx_hal_dma.o
    0x080010d0   0x080010d0   0x00000028   Code   RO          492    .text.HAL_DMA_Abort_IT  stm32h5xx_hal_dma.o
    0x080010f8   0x080010f8   0x0000003a   Code   RO          506    .text.HAL_DMA_ConfigChannelAttributes  stm32h5xx_hal_dma.o
    0x08001132   0x08001132   0x00000002   PAD
    0x08001134   0x08001134   0x000000de   Code   RO          484    .text.HAL_DMA_DeInit  stm32h5xx_hal_dma.o
    0x08001212   0x08001212   0x00000002   PAD
    0x08001214   0x08001214   0x00000004   Code   RO          504    .text.HAL_DMA_GetError  stm32h5xx_hal_dma.o
    0x08001218   0x08001218   0x000001a8   Code   RO          496    .text.HAL_DMA_IRQHandler  stm32h5xx_hal_dma.o
    0x080013c0   0x080013c0   0x000000a6   Code   RO          488    .text.HAL_DMA_Start_IT  stm32h5xx_hal_dma.o
    0x08001466   0x08001466   0x00000002   PAD
    0x08001468   0x08001468   0x00000028   Code   RO          938    .text.HAL_Delay     stm32h5xx_hal.o
    0x08001490   0x08001490   0x0000012c   Code   RO          730    .text.HAL_FLASHEx_Erase  stm32h5xx_hal_flash_ex.o
    0x080015bc   0x080015bc   0x0000001a   Code   RO          711    .text.HAL_FLASH_Lock  stm32h5xx_hal_flash.o
    0x080015d6   0x080015d6   0x00000002   PAD
    0x080015d8   0x080015d8   0x00000120   Code   RO          697    .text.HAL_FLASH_Program  stm32h5xx_hal_flash.o
    0x080016f8   0x080016f8   0x0000002e   Code   RO          709    .text.HAL_FLASH_Unlock  stm32h5xx_hal_flash.o
    0x08001726   0x08001726   0x00000002   PAD
    0x08001728   0x08001728   0x00000104   Code   RO          774    .text.HAL_GPIO_DeInit  stm32h5xx_hal_gpio.o
    0x0800182c   0x0800182c   0x0000019a   Code   RO          772    .text.HAL_GPIO_Init  stm32h5xx_hal_gpio.o
    0x080019c6   0x080019c6   0x00000002   PAD
    0x080019c8   0x080019c8   0x0000000a   Code   RO          776    .text.HAL_GPIO_ReadPin  stm32h5xx_hal_gpio.o
    0x080019d2   0x080019d2   0x00000002   PAD
    0x080019d4   0x080019d4   0x00000010   Code   RO          782    .text.HAL_GPIO_TogglePin  stm32h5xx_hal_gpio.o
    0x080019e4   0x080019e4   0x0000000c   Code   RO          778    .text.HAL_GPIO_WritePin  stm32h5xx_hal_gpio.o
    0x080019f0   0x080019f0   0x0000000c   Code   RO          930    .text.HAL_GetTick   stm32h5xx_hal.o
    0x080019fc   0x080019fc   0x0000004a   Code   RO         1210    .text.HAL_I2CEx_ConfigAnalogFilter  stm32h5xx_hal_i2c_ex.o
    0x08001a46   0x08001a46   0x00000002   PAD
    0x08001a48   0x08001a48   0x00000048   Code   RO         1212    .text.HAL_I2CEx_ConfigDigitalFilter  stm32h5xx_hal_i2c_ex.o
    0x08001a90   0x08001a90   0x000000ae   Code   RO         1056    .text.HAL_I2C_Init  stm32h5xx_hal_i2c.o
    0x08001b3e   0x08001b3e   0x00000002   PAD
    0x08001b40   0x08001b40   0x0000023c   Code   RO         1116    .text.HAL_I2C_Mem_Read  stm32h5xx_hal_i2c.o
    0x08001d7c   0x08001d7c   0x00000238   Code   RO         1114    .text.HAL_I2C_Mem_Write  stm32h5xx_hal_i2c.o
    0x08001fb4   0x08001fb4   0x00000096   Code   RO          317    .text.HAL_I2C_MspInit  i2c.o
    0x0800204a   0x0800204a   0x00000002   PAD
    0x0800204c   0x0800204c   0x00000020   Code   RO         1228    .text.HAL_ICACHE_ConfigAssociativityMode  stm32h5xx_hal_icache.o
    0x0800206c   0x0800206c   0x00000044   Code   RO         1234    .text.HAL_ICACHE_Disable  stm32h5xx_hal_icache.o
    0x080020b0   0x080020b0   0x00000014   Code   RO         1232    .text.HAL_ICACHE_Enable  stm32h5xx_hal_icache.o
    0x080020c4   0x080020c4   0x000000a0   Code   RO         1268    .text.HAL_IWDG_Init  stm32h5xx_hal_iwdg.o
    0x08002164   0x08002164   0x00000002   Code   RO         1270    .text.HAL_IWDG_MspInit  stm32h5xx_hal_iwdg.o
    0x08002166   0x08002166   0x00000002   PAD
    0x08002168   0x08002168   0x0000000c   Code   RO         1272    .text.HAL_IWDG_Refresh  stm32h5xx_hal_iwdg.o
    0x08002174   0x08002174   0x0000001a   Code   RO          928    .text.HAL_IncTick   stm32h5xx_hal.o
    0x0800218e   0x0800218e   0x00000002   PAD
    0x08002190   0x08002190   0x0000004c   Code   RO          918    .text.HAL_Init      stm32h5xx_hal.o
    0x080021dc   0x080021dc   0x000000a8   Code   RO          920    .text.HAL_InitTick  stm32h5xx_hal.o
    0x08002284   0x08002284   0x00000002   Code   RO          420    .text.HAL_MspInit   stm32h5xx_hal_msp.o
    0x08002286   0x08002286   0x00000002   PAD
    0x08002288   0x08002288   0x0000002a   Code   RO          434    .text.HAL_NVIC_DisableIRQ  stm32h5xx_hal_cortex.o
    0x080022b2   0x080022b2   0x00000002   PAD
    0x080022b4   0x080022b4   0x00000022   Code   RO          432    .text.HAL_NVIC_EnableIRQ  stm32h5xx_hal_cortex.o
    0x080022d6   0x080022d6   0x00000002   PAD
    0x080022d8   0x080022d8   0x00000056   Code   RO          430    .text.HAL_NVIC_SetPriority  stm32h5xx_hal_cortex.o
    0x0800232e   0x0800232e   0x00000002   PAD
    0x08002330   0x08002330   0x00000020   Code   RO          428    .text.HAL_NVIC_SetPriorityGrouping  stm32h5xx_hal_cortex.o
    0x08002350   0x08002350   0x00000004   Code   RO          436    .text.HAL_NVIC_SystemReset  stm32h5xx_hal_cortex.o
    0x08002354   0x08002354   0x000001a4   Code   RO          645    .text.HAL_RCCEx_GetPLL1ClockFreq  stm32h5xx_hal_rcc_ex.o
    0x080024f8   0x080024f8   0x000001a4   Code   RO          647    .text.HAL_RCCEx_GetPLL2ClockFreq  stm32h5xx_hal_rcc_ex.o
    0x0800269c   0x0800269c   0x00000728   Code   RO          649    .text.HAL_RCCEx_GetPeriphCLKFreq  stm32h5xx_hal_rcc_ex.o
    0x08002dc4   0x08002dc4   0x000006a0   Code   RO          639    .text.HAL_RCCEx_PeriphCLKConfig  stm32h5xx_hal_rcc_ex.o
    0x08003464   0x08003464   0x0000025e   Code   RO          603    .text.HAL_RCC_ClockConfig  stm32h5xx_hal_rcc.o
    0x080036c2   0x080036c2   0x00000002   PAD
    0x080036c4   0x080036c4   0x00000030   Code   RO          601    .text.HAL_RCC_GetHCLKFreq  stm32h5xx_hal_rcc.o
    0x080036f4   0x080036f4   0x00000046   Code   RO          609    .text.HAL_RCC_GetPCLK1Freq  stm32h5xx_hal_rcc.o
    0x0800373a   0x0800373a   0x00000002   PAD
    0x0800373c   0x0800373c   0x00000046   Code   RO          611    .text.HAL_RCC_GetPCLK2Freq  stm32h5xx_hal_rcc.o
    0x08003782   0x08003782   0x00000002   PAD
    0x08003784   0x08003784   0x00000046   Code   RO          613    .text.HAL_RCC_GetPCLK3Freq  stm32h5xx_hal_rcc.o
    0x080037ca   0x080037ca   0x00000002   PAD
    0x080037cc   0x080037cc   0x0000012c   Code   RO          605    .text.HAL_RCC_GetSysClockFreq  stm32h5xx_hal_rcc.o
    0x080038f8   0x080038f8   0x00000642   Code   RO          599    .text.HAL_RCC_OscConfig  stm32h5xx_hal_rcc.o
    0x08003f3a   0x08003f3a   0x00000002   PAD
    0x08003f3c   0x08003f3c   0x0000003a   Code   RO         1492    .text.HAL_RTCEx_PrivilegeModeSet  stm32h5xx_hal_rtc_ex.o
    0x08003f76   0x08003f76   0x00000002   PAD
    0x08003f78   0x08003f78   0x000000e2   Code   RO         1288    .text.HAL_RTC_Init  stm32h5xx_hal_rtc.o
    0x0800405a   0x0800405a   0x00000002   PAD
    0x0800405c   0x0800405c   0x00000068   Code   RO          350    .text.HAL_RTC_MspInit  rtc.o
    0x080040c4   0x080040c4   0x00000076   Code   RO          454    .text.HAL_SYSTICK_CLKSourceConfig  stm32h5xx_hal_cortex.o
    0x0800413a   0x0800413a   0x00000002   PAD
    0x0800413c   0x0800413c   0x00000080   Code   RO         1717    .text.HAL_SYSTICK_Callback  platform.o
    0x080041bc   0x080041bc   0x00000024   Code   RO          452    .text.HAL_SYSTICK_Config  stm32h5xx_hal_cortex.o
    0x080041e0   0x080041e0   0x00000038   Code   RO          456    .text.HAL_SYSTICK_GetCLKSourceConfig  stm32h5xx_hal_cortex.o
    0x08004218   0x08004218   0x00000004   Code   RO          458    .text.HAL_SYSTICK_IRQHandler  stm32h5xx_hal_cortex.o
    0x0800421c   0x0800421c   0x00000036   Code   RO         1665    .text.HAL_UARTEx_DisableFifoMode  stm32h5xx_hal_uart_ex.o
    0x08004252   0x08004252   0x00000002   PAD
    0x08004254   0x08004254   0x00000002   Code   RO         1594    .text.HAL_UARTEx_RxEventCallback  stm32h5xx_hal_uart.o
    0x08004256   0x08004256   0x00000002   PAD
    0x08004258   0x08004258   0x00000002   Code   RO         1651    .text.HAL_UARTEx_RxFifoFullCallback  stm32h5xx_hal_uart_ex.o
    0x0800425a   0x0800425a   0x00000002   PAD
    0x0800425c   0x0800425c   0x0000008c   Code   RO         1669    .text.HAL_UARTEx_SetRxFifoThreshold  stm32h5xx_hal_uart_ex.o
    0x080042e8   0x080042e8   0x0000008c   Code   RO         1667    .text.HAL_UARTEx_SetTxFifoThreshold  stm32h5xx_hal_uart_ex.o
    0x08004374   0x08004374   0x00000002   Code   RO         1653    .text.HAL_UARTEx_TxFifoEmptyCallback  stm32h5xx_hal_uart_ex.o
    0x08004376   0x08004376   0x00000002   PAD
    0x08004378   0x08004378   0x00000002   Code   RO         1649    .text.HAL_UARTEx_WakeupCallback  stm32h5xx_hal_uart_ex.o
    0x0800437a   0x0800437a   0x00000002   PAD
    0x0800437c   0x0800437c   0x0000028c   Code   RO         1560    .text.HAL_UART_DMAStop  stm32h5xx_hal_uart.o
    0x08004608   0x08004608   0x00000040   Code   RO         1520    .text.HAL_UART_DeInit  stm32h5xx_hal_uart.o
    0x08004648   0x08004648   0x00000002   Code   RO         1592    .text.HAL_UART_ErrorCallback  stm32h5xx_hal_uart.o
    0x0800464a   0x0800464a   0x00000002   PAD
    0x0800464c   0x0800464c   0x000005b6   Code   RO         1588    .text.HAL_UART_IRQHandler  stm32h5xx_hal_uart.o
    0x08004c02   0x08004c02   0x00000002   PAD
    0x08004c04   0x08004c04   0x00000064   Code   RO         1504    .text.HAL_UART_Init  stm32h5xx_hal_uart.o
    0x08004c68   0x08004c68   0x000000b8   Code   RO          371    .text.HAL_UART_MspDeInit  usart.o
    0x08004d20   0x08004d20   0x0000029a   Code   RO          369    .text.HAL_UART_MspInit  usart.o
    0x08004fba   0x08004fba   0x00000002   PAD
    0x08004fbc   0x08004fbc   0x00000106   Code   RO         1528    .text.HAL_UART_Receive  stm32h5xx_hal_uart.o
    0x080050c2   0x080050c2   0x00000002   PAD
    0x080050c4   0x080050c4   0x000000aa   Code   RO         1552    .text.HAL_UART_Receive_DMA  stm32h5xx_hal_uart.o
    0x0800516e   0x0800516e   0x00000002   PAD
    0x08005170   0x08005170   0x000000be   Code   RO         1540    .text.HAL_UART_Receive_IT  stm32h5xx_hal_uart.o
    0x0800522e   0x0800522e   0x00000002   PAD
    0x08005230   0x08005230   0x00000268   Code   RO          157    .text.HAL_UART_RxCpltCallback  rs485.o
    0x08005498   0x08005498   0x00000002   Code   RO         1602    .text.HAL_UART_RxHalfCpltCallback  stm32h5xx_hal_uart.o
    0x0800549a   0x0800549a   0x00000002   PAD
    0x0800549c   0x0800549c   0x000001a8   Code   RO         1524    .text.HAL_UART_Transmit  stm32h5xx_hal_uart.o
    0x08005644   0x08005644   0x0000013e   Code   RO         1530    .text.HAL_UART_Transmit_IT  stm32h5xx_hal_uart.o
    0x08005782   0x08005782   0x00000002   PAD
    0x08005784   0x08005784   0x00000044   Code   RO          167    .text.HAL_UART_TxCpltCallback  rs485.o
    0x080057c8   0x080057c8   0x000003ec   Code   RO          122    .text.HandleControl  pda_communication.o
    0x08005bb4   0x08005bb4   0x00000136   Code   RO          118    .text.HandleHandshake  pda_communication.o
    0x08005cea   0x08005cea   0x00000002   PAD
    0x08005cec   0x08005cec   0x00000440   Code   RO          120    .text.HandleHeartbeat  pda_communication.o
    0x0800612c   0x0800612c   0x0000036c   Code   RO          124    .text.HandleParamRead  pda_communication.o
    0x08006498   0x08006498   0x000001c2   Code   RO          126    .text.HandleParamWrite  pda_communication.o
    0x0800665a   0x0800665a   0x00000002   PAD
    0x0800665c   0x0800665c   0x00000002   Code   RO          388    .text.HardFault_Handler  stm32h5xx_it.o
    0x0800665e   0x0800665e   0x00000002   PAD
    0x08006660   0x08006660   0x00000160   Code   RO         1200    .text.I2C_IsErrorOccurred  stm32h5xx_hal_i2c.o
    0x080067c0   0x080067c0   0x000000f8   Code   RO         1066    .text.I2C_WaitOnFlagUntilTimeout  stm32h5xx_hal_i2c.o
    0x080068b8   0x080068b8   0x0000007c   Code   RO         1070    .text.I2C_WaitOnSTOPFlagUntilTimeout  stm32h5xx_hal_i2c.o
    0x08006934   0x08006934   0x000000a6   Code   RO         1068    .text.I2C_WaitOnTXISFlagUntilTimeout  stm32h5xx_hal_i2c.o
    0x080069da   0x080069da   0x00000002   PAD
    0x080069dc   0x080069dc   0x00000034   Code   RO          306    .text.MX_GPDMA1_Init  gpdma.o
    0x08006a10   0x08006a10   0x0000005a   Code   RO          297    .text.MX_GPIO_DTS6012_Init  gpio.o
    0x08006a6a   0x08006a6a   0x00000002   PAD
    0x08006a6c   0x08006a6c   0x000000fc   Code   RO          295    .text.MX_GPIO_Init  gpio.o
    0x08006b68   0x08006b68   0x00000070   Code   RO          315    .text.MX_I2C1_Init  i2c.o
    0x08006bd8   0x08006bd8   0x00000022   Code   RO          330    .text.MX_ICACHE_Init  icache.o
    0x08006bfa   0x08006bfa   0x00000002   PAD
    0x08006bfc   0x08006bfc   0x00000038   Code   RO          338    .text.MX_IWDG_Init  iwdg.o
    0x08006c34   0x08006c34   0x0000006c   Code   RO          348    .text.MX_RTC_Init   rtc.o
    0x08006ca0   0x08006ca0   0x0000008c   Code   RO          363    .text.MX_USART1_UART_Init  usart.o
    0x08006d2c   0x08006d2c   0x0000008c   Code   RO          365    .text.MX_USART2_UART_Init  usart.o
    0x08006db8   0x08006db8   0x0000008c   Code   RO          367    .text.MX_USART3_UART_Init  usart.o
    0x08006e44   0x08006e44   0x00000002   Code   RO          390    .text.MemManage_Handler  stm32h5xx_it.o
    0x08006e46   0x08006e46   0x00000002   PAD
    0x08006e48   0x08006e48   0x000003ae   Code   RO         1758    .text.ND06AV1C_GetDepthAndAmpData  nd06av1c_data.o
    0x080071f6   0x080071f6   0x00000002   PAD
    0x080071f8   0x080071f8   0x00000066   Code   RO         1829    .text.ND06AV1C_I2CErrCallback  nd06av1c_dev.o
    0x0800725e   0x0800725e   0x00000002   PAD
    0x08007260   0x08007260   0x00000068   Code   RO           74    .text.ND06AV1C_Init  nd06av1c_app.o
    0x080072c8   0x080072c8   0x00000016   Code   RO         1811    .text.ND06AV1C_InitDevice  nd06av1c_dev.o
    0x080072de   0x080072de   0x00000002   PAD
    0x080072e0   0x080072e0   0x000000a4   Code   RO         1738    .text.ND06AV1C_ReadNWords  nd06av1c_comm.o
    0x08007384   0x08007384   0x000000a2   Code   RO         1734    .text.ND06AV1C_ReadWord  nd06av1c_comm.o
    0x08007426   0x08007426   0x00000002   PAD
    0x08007428   0x08007428   0x0000000e   Code   RO         1728    .text.ND06AV1C_RegisteredIICApi  nd06av1c_comm.o
    0x08007436   0x08007436   0x00000002   PAD
    0x08007438   0x08007438   0x0000001c   Code   RO         1787    .text.ND06AV1C_RegisteredPlatformApi  nd06av1c_dev.o
    0x08007454   0x08007454   0x000001a6   Code   RO         1817    .text.ND06AV1C_WaitDeviceBootUp  nd06av1c_dev.o
    0x080075fa   0x080075fa   0x00000002   PAD
    0x080075fc   0x080075fc   0x00000022   Code   RO         1730    .text.ND06AV1C_WriteByte  nd06av1c_comm.o
    0x0800761e   0x0800761e   0x00000002   PAD
    0x08007620   0x08007620   0x0000008e   Code   RO         1732    .text.ND06AV1C_WriteWord  nd06av1c_comm.o
    0x080076ae   0x080076ae   0x00000002   PAD
    0x080076b0   0x080076b0   0x00000002   Code   RO          386    .text.NMI_Handler   stm32h5xx_it.o
    0x080076b2   0x080076b2   0x00000002   PAD
    0x080076b4   0x080076b4   0x00000238   Code   RO           36    .text.ObjectDetection  sensorapplogic.o
    0x080078ec   0x080078ec   0x00000002   Code   RO          400    .text.PendSV_Handler  stm32h5xx_it.o
    0x080078ee   0x080078ee   0x00000002   PAD
    0x080078f0   0x080078f0   0x00000080   Code   RO          278    .text.ProcessDTSDMAData  main.o
    0x08007970   0x08007970   0x000001ea   Code   RO          163    .text.ProcessElevatorData  rs485.o
    0x08007b5a   0x08007b5a   0x00000002   PAD
    0x08007b5c   0x08007b5c   0x00000140   Code   RO          165    .text.ProcessGHPTooling  rs485.o
    0x08007c9c   0x08007c9c   0x0000014c   Code   RO          116    .text.ProcessPacket  pda_communication.o
    0x08007de8   0x08007de8   0x000000ea   Code   RO          641    .text.RCCEx_PLL2_Config  stm32h5xx_hal_rcc_ex.o
    0x08007ed2   0x08007ed2   0x00000002   PAD
    0x08007ed4   0x08007ed4   0x0000003a   Code   RO          149    .text.RS485_Elevator_Init  rs485.o
    0x08007f0e   0x08007f0e   0x00000002   PAD
    0x08007f10   0x08007f10   0x000000a0   Code   RO         1294    .text.RTC_ExitInitMode  stm32h5xx_hal_rtc.o
    0x08007fb0   0x08007fb0   0x00000002   Code   RO          396    .text.SVC_Handler   stm32h5xx_it.o
    0x08007fb2   0x08007fb2   0x00000002   PAD
    0x08007fb4   0x08007fb4   0x0000000e   Code   RO          402    .text.SysTick_Handler  stm32h5xx_it.o
    0x08007fc2   0x08007fc2   0x00000002   PAD
    0x08007fc4   0x08007fc4   0x000000ca   Code   RO          262    .text.SystemClock_Config  main.o
    0x0800808e   0x0800808e   0x00000002   PAD
    0x08008090   0x08008090   0x000000a8   Code   RO         1688    .text.SystemInit    system_stm32h5xx.o
    0x08008138   0x08008138   0x00000094   Code   RO          240    .text.TOOLING_USART1_UART_Init  toolingtest.o
    0x080081cc   0x080081cc   0x00000094   Code   RO          238    .text.TOOLING_USART2_UART_Init  toolingtest.o
    0x08008260   0x08008260   0x000000e6   Code   RO         1508    .text.UART_AdvFeatureConfig  stm32h5xx_hal_uart.o
    0x08008346   0x08008346   0x00000002   PAD
    0x08008348   0x08008348   0x0000016a   Code   RO         1512    .text.UART_CheckIdleState  stm32h5xx_hal_uart.o
    0x080084b2   0x080084b2   0x00000002   PAD
    0x080084b4   0x080084b4   0x0000000c   Code   RO         1590    .text.UART_DMAAbortOnError  stm32h5xx_hal_uart.o
    0x080084c0   0x080084c0   0x000001da   Code   RO         1550    .text.UART_DMAError  stm32h5xx_hal_uart.o
    0x0800869a   0x0800869a   0x00000002   PAD
    0x0800869c   0x0800869c   0x00000114   Code   RO         1634    .text.UART_DMAReceiveCplt  stm32h5xx_hal_uart.o
    0x080087b0   0x080087b0   0x0000001a   Code   RO         1636    .text.UART_DMARxHalfCplt  stm32h5xx_hal_uart.o
    0x080087ca   0x080087ca   0x00000002   PAD
    0x080087cc   0x080087cc   0x000001b2   Code   RO         1630    .text.UART_RxISR_16BIT  stm32h5xx_hal_uart.o
    0x0800897e   0x0800897e   0x00000002   PAD
    0x08008980   0x08008980   0x0000031e   Code   RO         1626    .text.UART_RxISR_16BIT_FIFOEN  stm32h5xx_hal_uart.o
    0x08008c9e   0x08008c9e   0x00000002   PAD
    0x08008ca0   0x08008ca0   0x000001b6   Code   RO         1632    .text.UART_RxISR_8BIT  stm32h5xx_hal_uart.o
    0x08008e56   0x08008e56   0x00000002   PAD
    0x08008e58   0x08008e58   0x00000322   Code   RO         1628    .text.UART_RxISR_8BIT_FIFOEN  stm32h5xx_hal_uart.o
    0x0800917a   0x0800917a   0x00000002   PAD
    0x0800917c   0x0800917c   0x0000019c   Code   RO         1510    .text.UART_SetConfig  stm32h5xx_hal_uart.o
    0x08009318   0x08009318   0x00000186   Code   RO         1554    .text.UART_Start_Receive_DMA  stm32h5xx_hal_uart.o
    0x0800949e   0x0800949e   0x00000002   PAD
    0x080094a0   0x080094a0   0x00000262   Code   RO         1542    .text.UART_Start_Receive_IT  stm32h5xx_hal_uart.o
    0x08009702   0x08009702   0x00000002   PAD
    0x08009704   0x08009704   0x000000cc   Code   RO         1536    .text.UART_TxISR_16BIT  stm32h5xx_hal_uart.o
    0x080097d0   0x080097d0   0x000000e0   Code   RO         1532    .text.UART_TxISR_16BIT_FIFOEN  stm32h5xx_hal_uart.o
    0x080098b0   0x080098b0   0x000000c8   Code   RO         1538    .text.UART_TxISR_8BIT  stm32h5xx_hal_uart.o
    0x08009978   0x08009978   0x000000dc   Code   RO         1534    .text.UART_TxISR_8BIT_FIFOEN  stm32h5xx_hal_uart.o
    0x08009a54   0x08009a54   0x00000332   Code   RO         1526    .text.UART_WaitOnFlagUntilTimeout  stm32h5xx_hal_uart.o
    0x08009d86   0x08009d86   0x00000002   PAD
    0x08009d88   0x08009d88   0x0000000c   Code   RO          406    .text.USART1_IRQHandler  stm32h5xx_it.o
    0x08009d94   0x08009d94   0x0000000c   Code   RO          408    .text.USART2_IRQHandler  stm32h5xx_it.o
    0x08009da0   0x08009da0   0x000000f2   Code   RO          410    .text.USART3_IRQHandler  stm32h5xx_it.o
    0x08009e92   0x08009e92   0x00000002   PAD
    0x08009e94   0x08009e94   0x000000de   Code   RO           92    .text.UpdateDoorStateMachine  elevatorsignalmonitor.o
    0x08009f72   0x08009f72   0x00000002   PAD
    0x08009f74   0x08009f74   0x00000002   Code   RO          394    .text.UsageFault_Handler  stm32h5xx_it.o
    0x08009f76   0x08009f76   0x00000002   PAD
    0x08009f78   0x08009f78   0x0000002a   Code   RO          438    .text.__NVIC_SystemReset  stm32h5xx_hal_cortex.o
    0x08009fa2   0x08009fa2   0x00000002   PAD
    0x08009fa4   0x08009fa4   0x00000288   Code   RO           40    .text.cargoLift_ObjectDetection  sensorapplogic.o
    0x0800a22c   0x0800a22c   0x000000ba   Code   RO           50    .text.cargoLift_sensor_action_control  sensorapplogic.o
    0x0800a2e6   0x0800a2e6   0x00000002   PAD
    0x0800a2e8   0x0800a2e8   0x000000c0   Code   RO           46    .text.cargoLift_sensor_status_control  sensorapplogic.o
    0x0800a3a8   0x0800a3a8   0x0000060c   Code   RO           32    .text.cargolift_DistanceThresholdLearning  sensorapplogic.o
    0x0800a9b4   0x0800a9b4   0x00000066   Code   RO         1709    .text.delay_10us    platform.o
    0x0800aa1a   0x0800aa1a   0x00000002   PAD
    0x0800aa1c   0x0800aa1c   0x00000004   Code   RO         1707    .text.delay_1ms     platform.o
    0x0800aa20   0x0800aa20   0x000000e6   Code   RO           52    .text.detectError   sensorapplogic.o
    0x0800ab06   0x0800ab06   0x00000002   PAD
    0x0800ab08   0x0800ab08   0x00000016   Code   RO           15    .text.dts6012_getDepthAndAmp  dts6012m.o
    0x0800ab1e   0x0800ab1e   0x00000002   PAD
    0x0800ab20   0x0800ab20   0x00000018   Code   RO           11    .text.dts6012_start  dts6012m.o
    0x0800ab38   0x0800ab38   0x00000018   Code   RO           13    .text.dts6012m_Stop  dts6012m.o
    0x0800ab50   0x0800ab50   0x00000006   Code   RO         1713    .text.get_now_time_us  platform.o
    0x0800ab56   0x0800ab56   0x00000002   PAD
    0x0800ab58   0x0800ab58   0x00000030   Code   RO         1703    .text.i2c_read_nbytes  platform.o
    0x0800ab88   0x0800ab88   0x00000030   Code   RO         1705    .text.i2c_write_nbytes  platform.o
    0x0800abb8   0x0800abb8   0x00000004   Code   RO          236    .text.initTooling   toolingtest.o
    0x0800abbc   0x0800abbc   0x0000036c   Code   RO          260    .text.main          main.o
    0x0800af28   0x0800af28   0x000002aa   Code   RO          270    .text.normalWork    main.o
    0x0800b1d2   0x0800b1d2   0x00000002   PAD
    0x0800b1d4   0x0800b1d4   0x00000048   Code   RO          220    .text.paraTable11_Reset  sensorparatable.o
    0x0800b21c   0x0800b21c   0x00000024   Code   RO          222    .text.paraTable22_Reset  sensorparatable.o
    0x0800b240   0x0800b240   0x00000056   Code   RO          216    .text.paraTable_Init  sensorparatable.o
    0x0800b296   0x0800b296   0x00000002   PAD
    0x0800b298   0x0800b298   0x00000020   Code   RO          218    .text.paraTable_Reset  sensorparatable.o
    0x0800b2b8   0x0800b2b8   0x000000c4   Code   RO          212    .text.paraTable_Write  sensorparatable.o
    0x0800b37c   0x0800b37c   0x00000114   Code   RO           48    .text.sensor_action_control  sensorapplogic.o
    0x0800b490   0x0800b490   0x0000004e   Code   RO           42    .text.sensor_status_control  sensorapplogic.o
    0x0800b4de   0x0800b4de   0x00000002   PAD
    0x0800b4e0   0x0800b4e0   0x00000010   Code   RO         1715    .text.set_xshut_pin_level  platform.o
    0x0800b4f0   0x0800b4f0   0x00000064   Code   RO          196    .text.stmflash_read  stmflash.o
    0x0800b554   0x0800b554   0x00000004   Code   RO          194    .text.stmflash_read_word  stmflash.o
    0x0800b558   0x0800b558   0x00000240   Code   RO          198    .text.stmflash_write  stmflash.o
    0x0800b798   0x0800b798   0x0000003e   Code   RO          242    .text.testDTS       toolingtest.o
    0x0800b7d6   0x0800b7d6   0x00000002   PAD
    0x0800b7d8   0x0800b7d8   0x00000012   Code   RO          246    .text.testIO        toolingtest.o
    0x0800b7ea   0x0800b7ea   0x00000002   PAD
    0x0800b7ec   0x0800b7ec   0x0000002e   Code   RO          248    .text.testInX       toolingtest.o
    0x0800b81a   0x0800b81a   0x00000002   PAD
    0x0800b81c   0x0800b81c   0x0000011a   Code   RO          244    .text.testND06      toolingtest.o
    0x0800b936   0x0800b936   0x0000000e   Code   RO         1912    i.__scatterload_copy  mc_w.l(handlers.o)
    0x0800b944   0x0800b944   0x00000002   Code   RO         1913    i.__scatterload_null  mc_w.l(handlers.o)
    0x0800b946   0x0800b946   0x0000000e   Code   RO         1914    i.__scatterload_zeroinit  mc_w.l(handlers.o)
    0x0800b954   0x0800b954   0x00000010   Data   RO         1693    .rodata.AHBPrescTable  system_stm32h5xx.o
    0x0800b964   0x0800b964   0x00000008   Data   RO         1694    .rodata.APBPrescTable  system_stm32h5xx.o
    0x0800b96c   0x0800b96c   0x00000018   Data   RO         1638    .rodata.UARTPrescTable  stm32h5xx_hal_uart.o
    0x0800b984   0x0800b984   0x00000100   Data   RO          128    .rodata.auchCRCHi   pda_communication.o
    0x0800ba84   0x0800ba84   0x00000100   Data   RO          129    .rodata.auchCRCLo   pda_communication.o
    0x0800bb84   0x0800bb84   0x00000010   Data   RO         1679    .rodata.cst8        stm32h5xx_hal_uart_ex.o
    0x0800bb94   0x0800bb94   0x00000020   Data   RO         1911    Region$$Table       anon$$obj.o


    Execution Region RW_IRAM1 (Exec base: 0x20000000, Load base: 0x0800bbb8, Size: 0x00001148, Max: 0x00008000, ABSOLUTE, COMPRESSED[0x00000168])

    Exec Addr    Load Addr    Size         Type   Attr      Idx    E Section Name        Object

    0x20000000   COMPRESSED   0x00000008   Data   RW           64    .data..L_MergedGlobals  sensorapplogic.o
    0x20000008   COMPRESSED   0x0000002c   Data   RW          184    .data..L_MergedGlobals  rs485.o
    0x20000034   COMPRESSED   0x00000008   Data   RW         1017    .data..L_MergedGlobals  stm32h5xx_hal.o
    0x2000003c   COMPRESSED   0x00000094   Data   RW          224    .data.ParaTable_Default  sensorparatable.o
    0x200000d0   COMPRESSED   0x00000004   Data   RW         1692    .data.SystemCoreClock  system_stm32h5xx.o
    0x200000d4   COMPRESSED   0x00000004   Data   RW           84    .data.ToolingTestFlag  producttoolinginspection.o
    0x200000d8   COMPRESSED   0x00000009   Data   RW           17    .data.dts6012m_start_cmd  dts6012m.o
    0x200000e1   COMPRESSED   0x00000009   Data   RW           18    .data.dts6012m_stop_cmd  dts6012m.o
    0x200000ea   COMPRESSED   0x00000100   Data   RW          171    .data.gLookupTableCRC8  rs485.o
    0x200001ea   COMPRESSED   0x00000002   PAD
    0x200001ec   COMPRESSED   0x00000010   Data   RW           76    .data.g_nd06av1c_device  nd06av1c_app.o
    0x200001fc   COMPRESSED   0x00000001   Data   RW          281    .data.isToolingTest  main.o
    0x200001fd   COMPRESSED   0x00000003   PAD
    0x20000200   COMPRESSED   0x0000001c   Data   RW          721    .data.pFlash        stm32h5xx_hal_flash.o
    0x2000021c   COMPRESSED   0x00000004   Data   RW         1772    .data.readDataWaitCnt  nd06av1c_data.o
    0x20000220   COMPRESSED   0x00000002   Data   RW          251    .data.tryTimesToolingN  toolingtest.o
    0x20000222   COMPRESSED   0x00000006   PAD
    0x20000228        -       0x00000014   Zero   RW           98    .bss..L_MergedGlobals  elevatorsignalmonitor.o
    0x2000023c        -       0x0000005e   Zero   RW          136    .bss..L_MergedGlobals  pda_communication.o
    0x2000029a   COMPRESSED   0x00000002   PAD
    0x2000029c        -       0x00000052   Zero   RW          286    .bss..L_MergedGlobals  main.o
    0x200002ee   COMPRESSED   0x00000002   PAD
    0x200002f0        -       0x0000003c   Zero   RW          377    .bss..L_MergedGlobals  usart.o
    0x2000032c        -       0x00000028   Zero   RW         1719    .bss..L_MergedGlobals  platform.o
    0x20000354        -       0x00000008   Zero   RW         1741    .bss..L_MergedGlobals  nd06av1c_comm.o
    0x2000035c        -       0x0000007c   Zero   RW         1776    .bss..L_MergedGlobals  nd06av1c_data.o
    0x200003d8        -       0x0000000c   Zero   RW         1860    .bss..L_MergedGlobals  nd06av1c_dev.o
    0x200003e4        -       0x0000005e   Zero   RW           65    .bss..L_MergedGlobals.1  sensorapplogic.o
    0x20000442   COMPRESSED   0x00000002   PAD
    0x20000444        -       0x0000004c   Zero   RW          185    .bss..L_MergedGlobals.1  rs485.o
    0x20000490        -       0x00000002   Zero   RW         1740    .bss.ND06AV1C_REG_OFS  nd06av1c_comm.o
    0x20000492        -       0x00000040   Zero   RW          250    .bss.ND06DataTooling  toolingtest.o
    0x200004d2   COMPRESSED   0x00000002   PAD
    0x200004d4        -       0x00000094   Zero   RW          226    .bss.PARA_TABLE_USE  sensorparatable.o
    0x20000568        -       0x00000098   Zero   RW          225    .bss.ParaTableSave  sensorparatable.o
    0x20000600        -       0x00000040   Zero   RW           58    .bss.cargoLift_nd06LearnValue  sensorapplogic.o
    0x20000640        -       0x00000014   Zero   RW           77    .bss.dev_op         nd06av1c_app.o
    0x20000654        -       0x00000001   Zero   RW          284    .bss.getIN_IO       main.o
    0x20000655   COMPRESSED   0x00000003   PAD
    0x20000658        -       0x00000078   Zero   RW          376    .bss.handle_GPDMA1_Channel0  usart.o
    0x200006d0        -       0x00000054   Zero   RW          321    .bss.hi2c1          i2c.o
    0x20000724        -       0x00000014   Zero   RW          340    .bss.hiwdg          iwdg.o
    0x20000738        -       0x00000030   Zero   RW          354    .bss.hrtc           rtc.o
    0x20000768        -       0x00000094   Zero   RW          373    .bss.huart1         usart.o
    0x200007fc        -       0x00000094   Zero   RW          374    .bss.huart2         usart.o
    0x20000890        -       0x00000094   Zero   RW          375    .bss.huart3         usart.o
    0x20000924        -       0x00000040   Zero   RW           60    .bss.nd06PixelAddCnt  sensorapplogic.o
    0x20000964        -       0x00000040   Zero   RW           61    .bss.nd06StudyDep   sensorapplogic.o
    0x200009a4        -       0x00000040   Zero   RW           55    .bss.nd06_DLdata    sensorapplogic.o
    0x200009e4        -       0x00000040   Zero   RW           54    .bss.nd06_data      sensorapplogic.o
    0x20000a24        -       0x00000002   Zero   RW          280    .bss.receivedLength  main.o
    0x20000a26   COMPRESSED   0x00000002   PAD
    0x20000a28        -       0x00000080   Zero   RW          180    .bss.rxDBuffPDA     rs485.o
    0x20000aa8        -       0x0000000a   Zero   RW          183    .bss.rxDBuffTooling1  rs485.o
    0x20000ab2        -       0x00000002   Zero   RW          177    .bss.rxIndexTooling  rs485.o
    0x20000ab4        -       0x00000080   Zero   RW          181    .bss.rx_DBuffPDA    rs485.o
    0x20000b34        -       0x00000064   Zero   RW          179    .bss.testArr        rs485.o
    0x20000b98        -       0x00000090   Zero   RW          130    .bss.txBuffer2      pda_communication.o
    0x20000c28        -       0x00000074   Zero   RW          133    .bss.txBuffer3      pda_communication.o
    0x20000c9c        -       0x000000a2   Zero   RW          134    .bss.txBuffer4      pda_communication.o
    0x20000d3e   COMPRESSED   0x00000002   PAD
    0x20000d40        -       0x00000004   Zero   RW         1016    .bss.uwTick         stm32h5xx_hal.o
    0x20000d44   COMPRESSED   0x00000004   PAD
    0x20000d48        -       0x00000400   Zero   RW            1    STACK               startup_stm32h503xx.o


==============================================================================

Image component sizes


      Code (inc. data)   RO Data    RW Data    ZI Data      Debug   Object Name

        70          0          0         18          0       5366   dts6012m.o
       316         12          0          0         20       1864   elevatorsignalmonitor.o
        52          0          0          0          0       4212   gpdma.o
       342          0          0          0          0       3267   gpio.o
       262          0          0          0         84       8187   i2c.o
        34          0          0          0          0        697   icache.o
        56          0          0          0         20       1349   iwdg.o
      1894         20          0          1         85      10584   main.o
       104          0          0         16         20       1518   nd06av1c_app.o
       516          0          0          0         10       4535   nd06av1c_comm.o
       942          0          0          4        124      10611   nd06av1c_data.o
       574          0          0          0         12      21300   nd06av1c_dev.o
      4060         16        512          0        516      26007   pda_communication.o
       352          0          0          0         40       5322   platform.o
         0          0          0          4          0        494   producttoolinginspection.o
      1552          8          0        300        444      13922   rs485.o
       212          0          0          0         48       5818   rtc.o
      4546          0          0          8        414      14153   sensorapplogic.o
       422          0          0        148        300       4172   sensorparatable.o
        40         10        600          0       1024        912   startup_stm32h503xx.o
       322          0          0          8          4      12121   stm32h5xx_hal.o
       454         22          0          0          0      13508   stm32h5xx_hal_cortex.o
      1082          0          0          0          0      10457   stm32h5xx_hal_dma.o
      2006          0          0          0          0      44886   stm32h5xx_hal_dma_ex.o
       504          0          0         28          0       8455   stm32h5xx_hal_flash.o
       300          0          0          0          0      11616   stm32h5xx_hal_flash_ex.o
       708          0          0          0          0       5275   stm32h5xx_hal_gpio.o
      2204          0          0          0          0      63225   stm32h5xx_hal_i2c.o
       146          0          0          0          0       5883   stm32h5xx_hal_i2c_ex.o
       120          0          0          0          0       4109   stm32h5xx_hal_icache.o
       174          0          0          0          0       2516   stm32h5xx_hal_iwdg.o
         2          0          0          0          0        411   stm32h5xx_hal_msp.o
      2766         16          0          0          0      12552   stm32h5xx_hal_rcc.o
      4602         90          0          0          0      18248   stm32h5xx_hal_rcc_ex.o
       386          0          0          0          0      17167   stm32h5xx_hal_rtc.o
        58          0          0          0          0      22540   stm32h5xx_hal_rtc_ex.o
     10578          0         24          0          0      39907   stm32h5xx_hal_uart.o
       340          0         16          0          0      11835   stm32h5xx_hal_uart_ex.o
       308          0          0          0          0       6269   stm32h5xx_it.o
       680          0          0          0          0       4337   stmflash.o
       168          0         24          4          0       5445   system_stm32h5xx.o
       708          0          0          2         64       4449   toolingtest.o
      1270          0          0          0        624      12865   usart.o

    ----------------------------------------------------------------------
     46426        194       1208        548       3876     482366   Object Totals
         0          0         32          0          0          0   (incl. Generated)
       194          0          0          7         23          0   (incl. Padding)

    ----------------------------------------------------------------------

      Code (inc. data)   RO Data    RW Data    ZI Data      Debug   Library Member Name

        86          0          0          0          0          0   __dczerorl2.o
         0          0          0          0          0          0   entry.o
         0          0          0          0          0          0   entry10a.o
         0          0          0          0          0          0   entry11a.o
         8          4          0          0          0          0   entry2.o
         4          0          0          0          0          0   entry5.o
         0          0          0          0          0          0   entry7b.o
         0          0          0          0          0          0   entry8b.o
         8          4          0          0          0          0   entry9a.o
        30          0          0          0          0          0   handlers.o
        48         10          0          0          0         68   init.o
        30          0          0          0          0         68   llshl.o
        32          0          0          0          0         68   llushr.o
        36          0          0          0          0         68   memcpya.o
        36          0          0          0          0        108   memseta.o
        98          0          0          0          0         92   uldiv.o

    ----------------------------------------------------------------------
       418         18          0          0          0        472   Library Totals
         2          0          0          0          0          0   (incl. Padding)

    ----------------------------------------------------------------------

      Code (inc. data)   RO Data    RW Data    ZI Data      Debug   Library Name

       416         18          0          0          0        472   mc_w.l

    ----------------------------------------------------------------------
       418         18          0          0          0        472   Library Totals

    ----------------------------------------------------------------------

==============================================================================


      Code (inc. data)   RO Data    RW Data    ZI Data      Debug   

     46844        212       1208        548       3876     482166   Grand Totals
     46844        212       1208        360       3876     482166   ELF Image Totals (compressed)
     46844        212       1208        360          0          0   ROM Totals

==============================================================================

    Total RO  Size (Code + RO Data)                48052 (  46.93kB)
    Total RW  Size (RW Data + ZI Data)              4424 (   4.32kB)
    Total ROM Size (Code + RO Data + RW Data)      48412 (  47.28kB)

==============================================================================

